#-----------------------------------------------------------
# Vivado v2025.2 (64-bit)
# SW Build 6299465 on Fri Nov 14 12:34:56 MST 2025
# IP Build 6300035 on Fri Nov 14 10:48:45 MST 2025
# SharedData Build 6298862 on Thu Nov 13 04:50:51 MST 2025
# Start of session at: Tue Sep 15 14:57:54 2026
# Process ID         : 2873121
# Current directory  : <REPOSITORY_ROOT>/runs/framework/fir_full_precision_probe/2026-09-15_14-57-48_UTC+0800_ad593e51/fir_compiler/work
# Command line       : vivado -mode batch -journal <REPOSITORY_ROOT>/runs/logs/framework/fir_full_precision_probe/2026-09-15_14-57-48_UTC+0800_ad593e51/fir_compiler/simulate.jou -log <REPOSITORY_ROOT>/runs/logs/framework/fir_full_precision_probe/2026-09-15_14-57-48_UTC+0800_ad593e51/fir_compiler/simulate.log -source <REPOSITORY_ROOT>/runs/framework/fir_full_precision_probe/2026-09-15_14-57-48_UTC+0800_ad593e51/fir_compiler/source/tcl/run_xsim_batch.tcl -tclargs <REPOSITORY_ROOT>/runs/framework/fir_full_precision_probe/2026-09-15_14-57-48_UTC+0800_ad593e51/fir_compiler/proj/ip_probe.xpr <REPOSITORY_ROOT>/runs/framework/fir_full_precision_probe/2026-09-15_14-57-48_UTC+0800_ad593e51/fir_compiler/full_precision_probe.vhd tb_fir_full_precision_probe FIR_FULL_PRECISION_STATUS: PASS FIR_FULL_PRECISION_STATUS: FAIL
# Log file           : <REPOSITORY_ROOT>/runs/logs/framework/fir_full_precision_probe/2026-09-15_14-57-48_UTC+0800_ad593e51/fir_compiler/simulate.log
# Journal file       : <REPOSITORY_ROOT>/runs/logs/framework/fir_full_precision_probe/2026-09-15_14-57-48_UTC+0800_ad593e51/fir_compiler/simulate.jou
# Running On         : dpc-Precision-3660
# Platform           : Ubuntu
# Operating System   : Ubuntu 22.04.5 LTS
# Processor Detail   : 12th Gen Intel(R) Core(TM) i7-12700
# CPU Frequency      : 1525.602 MHz
# CPU Physical cores : 12
# CPU Logical cores  : 20
# Host memory        : 67107 MB
# Swap memory        : 2147 MB
# Total Virtual      : 69255 MB
# Available Virtual  : 50185 MB
#-----------------------------------------------------------
source <REPOSITORY_ROOT>/runs/framework/fir_full_precision_probe/2026-09-15_14-57-48_UTC+0800_ad593e51/fir_compiler/source/tcl/run_xsim_batch.tcl
# set project_path [lindex $argv 0]
# set testbench_path [lindex $argv 1]
# set top_name [lindex $argv 2]
# set success_marker [lindex $argv 3]
# set failure_markers [lrange $argv 4 end]
# set stage_pass "XSIM_STAGE_STATUS: PA"
# append stage_pass "SS"
# set stage_fail "XSIM_STAGE_STATUS: FA"
# append stage_fail "IL"
# proc fail_stage {message marker} {
#     puts "ERROR: $message"
#     puts $marker
#     exit 1
# }
# if {$project_path eq "" || $testbench_path eq "" ||
#     $top_name eq "" || $success_marker eq ""} {
#     fail_stage "缺少 XSim 仿真参数。" $stage_fail
# }
# if {![file exists $project_path]} {
#     fail_stage "Vivado 工程不存在：$project_path" $stage_fail
# }
# if {![file exists $testbench_path]} {
#     fail_stage "testbench 不存在：$testbench_path" $stage_fail
# }
# if {[info exists env(LIBRARY_PATH)]} {
#     unset env(LIBRARY_PATH)
# }
# open_project $project_path
Scanning sources...
Finished scanning sources
WARNING: [Board 49-26] cannot add Board Part xilinx.com:kc705:part0:1.6 available at <VIVADO_2025.2>/data/xhub/boards/XilinxBoardStore/boards/Xilinx/kc705/1.6/board.xml as part xc7k325tffg900-2 specified in board_part file is either invalid or not available
WARNING: [Board 49-26] cannot add Board Part xilinx.com:kc705:part0:1.7 available at <VIVADO_2025.2>/data/xhub/boards/XilinxBoardStore/boards/Xilinx/kc705/1.7/board.xml as part xc7k325tffg900-2 specified in board_part file is either invalid or not available
WARNING: [Board 49-26] cannot add Board Part xilinx.com:kcu105:part0:1.6 available at <VIVADO_2025.2>/data/xhub/boards/XilinxBoardStore/boards/Xilinx/kcu105/1.6/board.xml as part xcku040-ffva1156-2-e specified in board_part file is either invalid or not available
WARNING: [Board 49-26] cannot add Board Part xilinx.com:kcu105:part0:1.7 available at <VIVADO_2025.2>/data/xhub/boards/XilinxBoardStore/boards/Xilinx/kcu105/1.7/board.xml as part xcku040-ffva1156-2-e specified in board_part file is either invalid or not available
WARNING: [Board 49-26] cannot add Board Part xilinx.com:vc707:part0:1.4 available at <VIVADO_2025.2>/data/xhub/boards/XilinxBoardStore/boards/Xilinx/vc707/1.4/board.xml as part xc7vx485tffg1761-2 specified in board_part file is either invalid or not available
WARNING: [Board 49-26] cannot add Board Part xilinx.com:vc707:part0:1.5 available at <VIVADO_2025.2>/data/xhub/boards/XilinxBoardStore/boards/Xilinx/vc707/1.5/board.xml as part xc7vx485tffg1761-2 specified in board_part file is either invalid or not available
WARNING: [Board 49-26] cannot add Board Part xilinx.com:vc709:part0:1.8 available at <VIVADO_2025.2>/data/xhub/boards/XilinxBoardStore/boards/Xilinx/vc709/1.8/board.xml as part xc7vx690tffg1761-2 specified in board_part file is either invalid or not available
WARNING: [Board 49-26] cannot add Board Part xilinx.com:vcu108:part0:1.6 available at <VIVADO_2025.2>/data/xhub/boards/XilinxBoardStore/boards/Xilinx/vcu108/1.6/board.xml as part xcvu095-ffva2104-2-e specified in board_part file is either invalid or not available
WARNING: [Board 49-26] cannot add Board Part xilinx.com:vcu108:part0:1.7 available at <VIVADO_2025.2>/data/xhub/boards/XilinxBoardStore/boards/Xilinx/vcu108/1.7/board.xml as part xcvu095-ffva2104-2-e specified in board_part file is either invalid or not available
WARNING: [Board 49-26] cannot add Board Part xilinx.com:vcu110:part0:1.4 available at <VIVADO_2025.2>/data/xhub/boards/XilinxBoardStore/boards/Xilinx/vcu110/1.4/board.xml as part xcvu190-flgc2104-2-e specified in board_part file is either invalid or not available
WARNING: [Board 49-26] cannot add Board Part xilinx.com:vcu129:part0:1.0 available at <VIVADO_2025.2>/data/xhub/boards/XilinxBoardStore/boards/Xilinx/vcu129/production/1.0/board.xml as part xcvu29p-fsga2577-2l-e specified in board_part file is either invalid or not available
WARNING: [Board 49-26] cannot add Board Part xilinx.com:vek280:part0:1.0 available at <VIVADO_2025.2>/data/xhub/boards/XilinxBoardStore/boards/Xilinx/vek280/production/1.0/board.xml as part xcve2802-vsvh1760-2mp-e-s specified in board_part file is either invalid or not available
WARNING: [Board 49-26] cannot add Board Part xilinx.com:vek280:part0:1.1 available at <VIVADO_2025.2>/data/xhub/boards/XilinxBoardStore/boards/Xilinx/vek280/production/1.1/board.xml as part xcve2802-vsvh1760-2mp-e-s specified in board_part file is either invalid or not available
WARNING: [Board 49-26] cannot add Board Part xilinx.com:vek280:part0:1.2 available at <VIVADO_2025.2>/data/xhub/boards/XilinxBoardStore/boards/Xilinx/vek280/production/1.2/board.xml as part xcve2802-vsvh1760-2mp-e-s specified in board_part file is either invalid or not available
WARNING: [Board 49-26] cannot add Board Part xilinx.com:vek385:part0:1.0 available at <VIVADO_2025.2>/data/xhub/boards/XilinxBoardStore/boards/Xilinx/vek385/1.0/board.xml as part xc2ve3858-ssva2112-2mp-e-s specified in board_part file is either invalid or not available
WARNING: [Board 49-26] cannot add Board Part xilinx.com:vek385:part0:1.1 available at <VIVADO_2025.2>/data/xhub/boards/XilinxBoardStore/boards/Xilinx/vek385/1.1/board.xml as part xc2ve3858-ssva2112-2mp-e-s specified in board_part file is either invalid or not available
WARNING: [Board 49-26] cannot add Board Part xilinx.com:vek385_1:part0:1.0 available at <VIVADO_2025.2>/data/xhub/boards/XilinxBoardStore/boards/Xilinx/vek385_2/1.0/board.xml as part xc2ve3858-ssva2112-2mp-e-s specified in board_part file is either invalid or not available
WARNING: [Board 49-26] cannot add Board Part xilinx.com:vermeo_t1_rfsoc:part0:1.0 available at <VIVADO_2025.2>/data/xhub/boards/XilinxBoardStore/boards/Xilinx/vermeo_t1_rfsoc/1.0/board.xml as part xczu21dr-ffvd1156-2l-e specified in board_part file is either invalid or not available
WARNING: [Board 49-26] cannot add Board Part xilinx.com:vhk158:part0:1.0 available at <VIVADO_2025.2>/data/xhub/boards/XilinxBoardStore/boards/Xilinx/vhk158/production/1.0/board.xml as part xcvh1582-vsva3697-2mp-e-s specified in board_part file is either invalid or not available
WARNING: [Board 49-26] cannot add Board Part xilinx.com:vhk158:part0:1.1 available at <VIVADO_2025.2>/data/xhub/boards/XilinxBoardStore/boards/Xilinx/vhk158/production/1.1/board.xml as part xcvh1582-vsva3697-2mp-e-s specified in board_part file is either invalid or not available
WARNING: [Board 49-26] cannot add Board Part xilinx.com:vhk158:part0:1.2 available at <VIVADO_2025.2>/data/xhub/boards/XilinxBoardStore/boards/Xilinx/vhk158/production/1.2/board.xml as part xcvh1582-vsva3697-2mp-e-s specified in board_part file is either invalid or not available
WARNING: [Board 49-26] cannot add Board Part xilinx.com:vpk180:part0:1.0 available at <VIVADO_2025.2>/data/xhub/boards/XilinxBoardStore/boards/Xilinx/vpk180/production/1.0/board.xml as part xcvp1802-lsvc4072-2mp-e-s specified in board_part file is either invalid or not available
WARNING: [Board 49-26] cannot add Board Part xilinx.com:vpk180:part0:1.1 available at <VIVADO_2025.2>/data/xhub/boards/XilinxBoardStore/boards/Xilinx/vpk180/production/1.1/board.xml as part xcvp1802-lsvc4072-2mp-e-s specified in board_part file is either invalid or not available
WARNING: [Board 49-26] cannot add Board Part xilinx.com:vpk180:part0:1.2 available at <VIVADO_2025.2>/data/xhub/boards/XilinxBoardStore/boards/Xilinx/vpk180/production/1.2/board.xml as part xcvp1802-lsvc4072-2mp-e-s specified in board_part file is either invalid or not available
WARNING: [Board 49-26] cannot add Board Part xilinx.com:vrk160:part0:1.0 available at <VIVADO_2025.2>/data/xhub/boards/XilinxBoardStore/boards/Xilinx/vrk160/1.0/board.xml as part xcvr1602-vsva2488-2mp-e-s-es1 specified in board_part file is either invalid or not available
WARNING: [Board 49-26] cannot add Board Part xilinx.com:vrk160:part0:1.1 available at <VIVADO_2025.2>/data/xhub/boards/XilinxBoardStore/boards/Xilinx/vrk160/1.1/board.xml as part xcvr1602-vsva2488-2mp-e-s-es1 specified in board_part file is either invalid or not available
WARNING: [Board 49-26] cannot add Board Part xilinx.com:zcu111:part0:1.2 available at <VIVADO_2025.2>/data/xhub/boards/XilinxBoardStore/boards/Xilinx/zcu111/1.2/board.xml as part xczu28dr-ffvg1517-2-e specified in board_part file is either invalid or not available
WARNING: [Board 49-26] cannot add Board Part xilinx.com:zcu111:part0:1.3 available at <VIVADO_2025.2>/data/xhub/boards/XilinxBoardStore/boards/Xilinx/zcu111/1.3/board.xml as part xczu28dr-ffvg1517-2-e specified in board_part file is either invalid or not available
WARNING: [Board 49-26] cannot add Board Part xilinx.com:zcu111:part0:1.4 available at <VIVADO_2025.2>/data/xhub/boards/XilinxBoardStore/boards/Xilinx/zcu111/1.4/board.xml as part xczu28dr-ffvg1517-2-e specified in board_part file is either invalid or not available
WARNING: [Board 49-26] cannot add Board Part xilinx.com:zcu1275:part0:1.0 available at <VIVADO_2025.2>/data/xhub/boards/XilinxBoardStore/boards/Xilinx/zcu1275/1.0/board.xml as part xczu29dr-ffvf1760-2-e specified in board_part file is either invalid or not available
WARNING: [Board 49-26] cannot add Board Part xilinx.com:zcu1285:part0:1.0 available at <VIVADO_2025.2>/data/xhub/boards/XilinxBoardStore/boards/Xilinx/zcu1285/1.0/board.xml as part xczu39dr-ffvf1760-2-i specified in board_part file is either invalid or not available
WARNING: [Board 49-26] cannot add Board Part xilinx.com:zcu208:part0:2.0 available at <VIVADO_2025.2>/data/xhub/boards/XilinxBoardStore/boards/Xilinx/zcu208/production/2.0/board.xml as part xczu48dr-fsvg1517-2-e specified in board_part file is either invalid or not available
WARNING: [Board 49-26] cannot add Board Part xilinx.com:zcu208ld:part0:2.0 available at <VIVADO_2025.2>/data/xhub/boards/XilinxBoardStore/boards/Xilinx/zcu208ld/production/2.0/board.xml as part xczu58dr-fsvg1517-2-i specified in board_part file is either invalid or not available
WARNING: [Board 49-26] cannot add Board Part xilinx.com:zcu216:part0:2.0 available at <VIVADO_2025.2>/data/xhub/boards/XilinxBoardStore/boards/Xilinx/zcu216/production/2.0/board.xml as part xczu49dr-ffvf1760-2-e specified in board_part file is either invalid or not available
WARNING: [Board 49-26] cannot add Board Part xilinx.com:zcu216ld:part0:2.0 available at <VIVADO_2025.2>/data/xhub/boards/XilinxBoardStore/boards/Xilinx/zcu216ld/production/2.0/board.xml as part xczu59dr-ffvf1760-2-i specified in board_part file is either invalid or not available
WARNING: [Board 49-26] cannot add Board Part xilinx.com:zcu670:part0:2.0 available at <VIVADO_2025.2>/data/xhub/boards/XilinxBoardStore/boards/Xilinx/zcu670/2.0/board.xml as part xczu67dr-fsve1156-2-i specified in board_part file is either invalid or not available
WARNING: [Board 49-26] cannot add Board Part xilinx.com:zcu670ld:part0:1.0 available at <VIVADO_2025.2>/data/xhub/boards/XilinxBoardStore/boards/Xilinx/zcu670ld/1.0/board.xml as part xczu57dr-fsve1156-2-i specified in board_part file is either invalid or not available
WARNING: [Project 1-5713] Board part '' set for the project  is not found. BoardPart property will be unset. Please select board from latest repo build 
INFO: [IP_Flow 19-234] Refreshing IP repositories
INFO: [IP_Flow 19-1704] No user IP repositories specified
INFO: [IP_Flow 19-2313] Loaded Vivado IP repository '<VIVADO_2025.2>/data/ip'.
# set_property target_simulator XSim [current_project]
# set simset [get_filesets sim_1]
# if {[llength [get_files -quiet $testbench_path]] == 0} {
#     add_files -fileset $simset -norecurse $testbench_path
# }
# set extension [string tolower [file extension $testbench_path]]
# if {$extension eq ".vhd" || $extension eq ".vhdl"} {
#     set_property file_type {VHDL 2008} [get_files $testbench_path]
# }
# set_property top $top_name $simset
# set_property top_lib xil_defaultlib $simset
# update_compile_order -fileset $simset
# set project_dir [file dirname $project_path]
# set project_name [file rootname [file tail $project_path]]
# set sim_dir "$project_dir/${project_name}.sim/sim_1/behav/xsim"
# if {[file isdirectory $sim_dir]} {
#     file delete -force $sim_dir
# }
Command: launch_simulation  -simset sim_1 -mode behavioral -scripts_only
INFO: [Vivado 12-25912] Generating simulation scripts for 'XSim' simulator
INFO: [Project 1-5737] Running on host dpc-Precision-3660 (64) - Ubuntu 22.04.5 LTS
INFO: [Vivado 12-28535] Process started - Tue Sep 15 14:58:01 2026

INFO: [Vivado 12-12493] Simulation top is 'tb_fir_full_precision_probe'
INFO: [Vivado 12-5698] Checking validity of IPs in the design for the 'XSim' simulator...
INFO: [Vivado 12-5680] Creating behavioral simulation scripts in '<REPOSITORY_ROOT>/runs/framework/fir_full_precision_probe/2026-09-15_14-57-48_UTC+0800_ad593e51/fir_compiler/proj/ip_probe.sim/sim_1/behav/xsim'
INFO: [Vivado 12-13660] Precompiled IP simulation library mode is enabled (default). The design IP libraries will be referenced from the compiled library path. Please note that if the precompiled version of the library is not found from the path or the IP is in locked state, then the library source files for these IPs will be compiled locally as part of the compile order.
INFO: [Vivado 12-4795] Using compiled simulation libraries for IPs
INFO: [SIM-utils-51] Simulation object is 'sim_1'
INFO: [SIM-utils-72] Using boost library from '<VIVADO_2025.2>/tps/boost_1_72_0'
INFO: [USF-XSim-7] Finding pre-compiled libraries...
INFO: [USF-XSim-11] File '<VIVADO_2025.2>/data/xsim/xsim.ini' copied to run dir:'<REPOSITORY_ROOT>/runs/framework/fir_full_precision_probe/2026-09-15_14-57-48_UTC+0800_ad593e51/fir_compiler/proj/ip_probe.sim/sim_1/behav/xsim'
INFO: [SIM-utils-54] Inspecting design source files for 'tb_fir_full_precision_probe' in fileset 'sim_1'...
INFO: [SIM-utils-43] Exported '<REPOSITORY_ROOT>/runs/framework/fir_full_precision_probe/2026-09-15_14-57-48_UTC+0800_ad593e51/fir_compiler/proj/ip_probe.sim/sim_1/behav/xsim/probe_0.mif'
INFO: [USF-XSim-97] Finding global include files...
INFO: [USF-XSim-98] Fetching design files from 'sim_1'...
INFO: [USF-XSim-2] XSim::Compile design
INFO: [USF-XSim-60] Script generated:<REPOSITORY_ROOT>/runs/framework/fir_full_precision_probe/2026-09-15_14-57-48_UTC+0800_ad593e51/fir_compiler/proj/ip_probe.sim/sim_1/behav/xsim/compile.sh
INFO: [USF-XSim-3] XSim::Elaborate design
INFO: [USF-XSim-60] Script generated:<REPOSITORY_ROOT>/runs/framework/fir_full_precision_probe/2026-09-15_14-57-48_UTC+0800_ad593e51/fir_compiler/proj/ip_probe.sim/sim_1/behav/xsim/elaborate.sh
INFO: [USF-XSim-4] XSim::Simulate design
INFO: [USF-XSim-60] Script generated:<REPOSITORY_ROOT>/runs/framework/fir_full_precision_probe/2026-09-15_14-57-48_UTC+0800_ad593e51/fir_compiler/proj/ip_probe.sim/sim_1/behav/xsim/simulate.sh
# set script_status [catch {
#     launch_simulation -simset sim_1 -mode behavioral -scripts_only
# } script_msg]
# if {$script_msg ne ""} {
#     puts $script_msg
# }
# if {$script_status != 0} {
#     fail_stage "launch_simulation -scripts_only 执行失败。" $stage_fail
# }
# if {![file isdirectory $sim_dir]} {
#     fail_stage "未生成 XSim 仿真目录：$sim_dir" $stage_fail
# }
# set old_dir [pwd]
# cd $sim_dir
# set compile_status [catch {exec bash compile.sh 2>@1} compile_msg]
# puts $compile_msg
xvhdl --incr --relax -prj tb_fir_full_precision_probe_vhdl.prj
INFO: [VRFC 10-163] Analyzing VHDL file "<REPOSITORY_ROOT>/runs/framework/fir_full_precision_probe/2026-09-15_14-57-48_UTC+0800_ad593e51/fir_compiler/proj/ip_probe.gen/sources_1/ip/probe_0/sim/probe_0.vhd" into library xil_defaultlib
INFO: [VRFC 10-3107] analyzing entity 'probe_0'
INFO: [VRFC 10-163] Analyzing VHDL file "<REPOSITORY_ROOT>/runs/framework/fir_full_precision_probe/2026-09-15_14-57-48_UTC+0800_ad593e51/fir_compiler/full_precision_probe.vhd" into library xil_defaultlib
INFO: [VRFC 10-3107] analyzing entity 'tb_fir_full_precision_probe'
Waiting for jobs to finish...
No pending jobs, compilation finished.
# if {$compile_status != 0} {
#     cd $old_dir
#     fail_stage "XSim 编译失败。" $stage_fail
# }
# set elaborate_status [catch {exec bash elaborate.sh 2>@1} elaborate_msg]
# puts $elaborate_msg
xelab --incr --debug typical --relax --mt 8 -L xil_defaultlib -L xbip_utils_v3_0_15 -L axi_utils_v2_0_11 -L xbip_pipe_v3_0_11 -L fir_compiler_v7_2_26 -L secureip -L xpm --snapshot tb_fir_full_precision_probe_behav xil_defaultlib.tb_fir_full_precision_probe -log elaborate.log
Vivado Simulator v2025.2
Copyright 1986-2022 Xilinx, Inc. All Rights Reserved.
Copyright 2022-2025 Advanced Micro Devices, Inc. All Rights Reserved.
Running: <VIVADO_2025.2>/Vivado/bin/unwrapped/lnx64.o/xelab --incr --debug typical --relax --mt 8 -L xil_defaultlib -L xbip_utils_v3_0_15 -L axi_utils_v2_0_11 -L xbip_pipe_v3_0_11 -L fir_compiler_v7_2_26 -L secureip -L xpm --snapshot tb_fir_full_precision_probe_behav xil_defaultlib.tb_fir_full_precision_probe -log elaborate.log 
Using 8 slave threads.
WARNING: [XSIM 43-3431] One or more environment variables have been detected which affect the operation of the C compiler. These are typically not set in standard installations and are not tested by AMD, however they may be appropriate for your system, so the flow will attempt to continue.  If errors occur, try running xelab with the "-mt off -v 1" switches to see more information from the C compiler. The following environment variables have been detected:
    LIBRARY_PATH
Starting static elaboration
Completed static elaboration
Starting simulation data flow analysis
Completed simulation data flow analysis
Time Resolution for simulation is 1ps
Compiling package std.standard
Compiling package std.textio
Compiling package ieee.std_logic_1164
Compiling package ieee.numeric_std
Compiling package std.env
Compiling package xbip_utils_v3_0_15.xbip_utils_v3_0_15_pkg
Compiling package fir_compiler_v7_2_26.fir_compiler_v7_2_26_viv_comp
Compiling package ieee.std_logic_textio
Compiling package fir_compiler_v7_2_26.globals_pkg
Compiling package fir_compiler_v7_2_26.components
Compiling package ieee.math_real
Compiling package axi_utils_v2_0_11.global_util_pkg
Compiling package axi_utils_v2_0_11.axi_utils_comps
Compiling package unisim.vcomponents
Compiling package ieee.std_logic_arith
Compiling package ieee.std_logic_signed
Compiling package ieee.vital_timing
Compiling package ieee.vital_primitives
Compiling package unisim.vpkg
Compiling architecture xilinx of entity axi_utils_v2_0_11.glb_srl_fifo [\glb_srl_fifo(width=16,has_ifx=t...]
Compiling architecture xilinx of entity axi_utils_v2_0_11.glb_ifx_slave [\glb_ifx_slave(width=16,has_ifx=...]
Compiling architecture synth of entity fir_compiler_v7_2_26.cntrl_delay [\cntrl_delay(c_delay_len=0,c_mem...]
Compiling architecture synth of entity fir_compiler_v7_2_26.sp_mem [\sp_mem(c_xdevicefamily="artix7"...]
Compiling architecture synth of entity fir_compiler_v7_2_26.sp_mem [\sp_mem(c_xdevicefamily="artix7"...]
Compiling architecture synth of entity fir_compiler_v7_2_26.filt_mem [\filt_mem(c_xdevicefamily="artix...]
Compiling architecture synth of entity fir_compiler_v7_2_26.sp_mem [\sp_mem(c_xdevicefamily="artix7"...]
Compiling architecture synth of entity fir_compiler_v7_2_26.filt_mem [\filt_mem(c_xdevicefamily="artix...]
Compiling architecture synth of entity fir_compiler_v7_2_26.delay [\delay(c_delay_len=2,c_xdevicefa...]
Compiling architecture synth of entity fir_compiler_v7_2_26.buff [\buff(c_xdevicefamily="artix7",c...]
Compiling architecture synth of entity fir_compiler_v7_2_26.delay [\delay(c_delay_len=0,c_xdevicefa...]
Compiling architecture synth of entity fir_compiler_v7_2_26.delay [\delay(c_delay_len=0,c_xdevicefa...]
Compiling architecture synth of entity fir_compiler_v7_2_26.delay [\delay(c_delay_len=0,c_xdevicefa...]
Compiling architecture synth of entity fir_compiler_v7_2_26.delay [\delay(c_delay_len=0,c_xdevicefa...]
Compiling architecture dsp48e1_v of entity unisim.DSP48E1 [\DSP48E1(inmodereg=0,mask="11111...]
Compiling architecture synth of entity fir_compiler_v7_2_26.calc [\calc(c_xdevicefamily="artix7",c...]
Compiling architecture synth of entity fir_compiler_v7_2_26.addsub_mult_add [\addsub_mult_add(c_xdevicefamily...]
Compiling architecture synth of entity fir_compiler_v7_2_26.addsub_mult_add [\addsub_mult_add(c_xdevicefamily...]
Compiling architecture synth of entity fir_compiler_v7_2_26.delay [\delay(c_delay_len=6,c_xdevicefa...]
Compiling architecture synth of entity fir_compiler_v7_2_26.delay [\delay(c_delay_len=1,c_xdevicefa...]
Compiling architecture synth of entity fir_compiler_v7_2_26.delay [\delay(c_delay_len=1,c_xdevicefa...]
Compiling architecture synth of entity fir_compiler_v7_2_26.delay [\delay(c_delay_len=6,c_xdevicefa...]
Compiling architecture xilinx of entity axi_utils_v2_0_11.glb_srl_fifo [\glb_srl_fifo(width=18,has_uvpro...]
Compiling architecture xilinx of entity axi_utils_v2_0_11.glb_ifx_master [\glb_ifx_master(width=18)\]
Compiling architecture synth of entity fir_compiler_v7_2_26.single_rate [\single_rate(c_xdevicefamily="ar...]
Compiling architecture synth of entity fir_compiler_v7_2_26.fir_compiler_v7_2_26_viv [\fir_compiler_v7_2_26_viv(c_xdev...]
Compiling architecture xilinx of entity fir_compiler_v7_2_26.fir_compiler_v7_2_26 [\fir_compiler_v7_2_26(c_xdevicef...]
Compiling architecture probe_0_arch of entity xil_defaultlib.probe_0 [probe_0_default]
Compiling architecture sim of entity xil_defaultlib.tb_fir_full_precision_probe
Built simulation snapshot tb_fir_full_precision_probe_behav
# if {$elaborate_status != 0} {
#     cd $old_dir
#     fail_stage "XSim elaboration 失败。" $stage_fail
# }
# set batch_tcl "$sim_dir/run_batch.tcl"
# set simulate_log "$sim_dir/simulate.log"
# set fh [open $batch_tcl w]
# puts $fh "run all"
# puts $fh "quit"
# close $fh
# set snapshot "${top_name}_behav"
# set simulation_key "Behavioral:sim_1:Functional:$top_name"
# set sim_command [list xsim $snapshot \
#     -key $simulation_key \
#     -tclbatch $batch_tcl \
#     -log simulate.log]
# set sim_status [catch {exec {*}$sim_command 2>@1} sim_msg]
# puts $sim_msg

****** xsim v2025.2 (64-bit)
  **** SW Build 6299465 on Fri Nov 14 12:34:56 MST 2025
  **** IP Build 6300035 on Fri Nov 14 10:48:45 MST 2025
  **** SharedData Build 6298862 on Thu Nov 13 04:50:51 MST 2025
  **** Start of session at: Tue Sep 15 14:58:07 2026
    ** Copyright 1986-2022 Xilinx, Inc. All Rights Reserved.
    ** Copyright 2022-2025 Advanced Micro Devices, Inc. All Rights Reserved.

source xsim.dir/tb_fir_full_precision_probe_behav/xsim_script.tcl
# xsim {tb_fir_full_precision_probe_behav} -autoloadwcfg -tclbatch {<REPOSITORY_ROOT>/runs/framework/fir_full_precision_probe/2026-09-15_14-57-48_UTC+0800_ad593e51/fir_compiler/proj/ip_probe.sim/sim_1/behav/xsim/run_batch.tcl} -key Behavioral:sim_1:Functional:tb_fir_full_precision_probe
Time resolution is 1 ps
source <REPOSITORY_ROOT>/runs/framework/fir_full_precision_probe/2026-09-15_14-57-48_UTC+0800_ad593e51/fir_compiler/proj/ip_probe.sim/sim_1/behav/xsim/run_batch.tcl
## run all
Note: FIR_FULL_PRECISION_SAMPLE 0 expected=0 actual=0
Time: 825 ns  Iteration: 0  Process: /tb_fir_full_precision_probe/line__70  File: <REPOSITORY_ROOT>/runs/framework/fir_full_precision_probe/2026-09-15_14-57-48_UTC+0800_ad593e51/fir_compiler/full_precision_probe.vhd
Note: FIR_FULL_PRECISION_SAMPLE 1 expected=128 actual=128
Time: 835 ns  Iteration: 0  Process: /tb_fir_full_precision_probe/line__70  File: <REPOSITORY_ROOT>/runs/framework/fir_full_precision_probe/2026-09-15_14-57-48_UTC+0800_ad593e51/fir_compiler/full_precision_probe.vhd
Note: FIR_FULL_PRECISION_SAMPLE 2 expected=256 actual=256
Time: 845 ns  Iteration: 0  Process: /tb_fir_full_precision_probe/line__70  File: <REPOSITORY_ROOT>/runs/framework/fir_full_precision_probe/2026-09-15_14-57-48_UTC+0800_ad593e51/fir_compiler/full_precision_probe.vhd
Note: FIR_FULL_PRECISION_SAMPLE 3 expected=512 actual=-512
Time: 875 ns  Iteration: 0  Process: /tb_fir_full_precision_probe/line__70  File: <REPOSITORY_ROOT>/runs/framework/fir_full_precision_probe/2026-09-15_14-57-48_UTC+0800_ad593e51/fir_compiler/full_precision_probe.vhd
Note: FIR_FULL_PRECISION_SAMPLE 4 expected=257 actual=257
Time: 885 ns  Iteration: 0  Process: /tb_fir_full_precision_probe/line__70  File: <REPOSITORY_ROOT>/runs/framework/fir_full_precision_probe/2026-09-15_14-57-48_UTC+0800_ad593e51/fir_compiler/full_precision_probe.vhd
Note: FIR_FULL_PRECISION_SAMPLE 5 expected=256 actual=256
Time: 895 ns  Iteration: 0  Process: /tb_fir_full_precision_probe/line__70  File: <REPOSITORY_ROOT>/runs/framework/fir_full_precision_probe/2026-09-15_14-57-48_UTC+0800_ad593e51/fir_compiler/full_precision_probe.vhd
Note: FIR_FULL_PRECISION_SAMPLE 6 expected=-127 actual=-127
Time: 925 ns  Iteration: 0  Process: /tb_fir_full_precision_probe/line__70  File: <REPOSITORY_ROOT>/runs/framework/fir_full_precision_probe/2026-09-15_14-57-48_UTC+0800_ad593e51/fir_compiler/full_precision_probe.vhd
Note: FIR_FULL_PRECISION_SAMPLE 7 expected=253 actual=253
Time: 935 ns  Iteration: 0  Process: /tb_fir_full_precision_probe/line__70  File: <REPOSITORY_ROOT>/runs/framework/fir_full_precision_probe/2026-09-15_14-57-48_UTC+0800_ad593e51/fir_compiler/full_precision_probe.vhd
Note: FIR_FULL_PRECISION_SAMPLE 8 expected=0 actual=0
Time: 945 ns  Iteration: 0  Process: /tb_fir_full_precision_probe/line__70  File: <REPOSITORY_ROOT>/runs/framework/fir_full_precision_probe/2026-09-15_14-57-48_UTC+0800_ad593e51/fir_compiler/full_precision_probe.vhd
Note: FIR_FULL_PRECISION_SAMPLE 9 expected=-65 actual=-65
Time: 975 ns  Iteration: 0  Process: /tb_fir_full_precision_probe/line__70  File: <REPOSITORY_ROOT>/runs/framework/fir_full_precision_probe/2026-09-15_14-57-48_UTC+0800_ad593e51/fir_compiler/full_precision_probe.vhd
Note: FIR_FULL_PRECISION_SAMPLE 10 expected=2 actual=2
Time: 985 ns  Iteration: 0  Process: /tb_fir_full_precision_probe/line__70  File: <REPOSITORY_ROOT>/runs/framework/fir_full_precision_probe/2026-09-15_14-57-48_UTC+0800_ad593e51/fir_compiler/full_precision_probe.vhd
Note: FIR_FULL_PRECISION_SAMPLE 11 expected=-64 actual=-64
Time: 995 ns  Iteration: 0  Process: /tb_fir_full_precision_probe/line__70  File: <REPOSITORY_ROOT>/runs/framework/fir_full_precision_probe/2026-09-15_14-57-48_UTC+0800_ad593e51/fir_compiler/full_precision_probe.vhd
Note: FIR_FULL_PRECISION_SAMPLE 12 expected=128 actual=128
Time: 1025 ns  Iteration: 0  Process: /tb_fir_full_precision_probe/line__70  File: <REPOSITORY_ROOT>/runs/framework/fir_full_precision_probe/2026-09-15_14-57-48_UTC+0800_ad593e51/fir_compiler/full_precision_probe.vhd
Note: FIR_FULL_PRECISION_SAMPLE 13 expected=0 actual=0
Time: 1035 ns  Iteration: 0  Process: /tb_fir_full_precision_probe/line__70  File: <REPOSITORY_ROOT>/runs/framework/fir_full_precision_probe/2026-09-15_14-57-48_UTC+0800_ad593e51/fir_compiler/full_precision_probe.vhd
Note: FIR_FULL_PRECISION_SAMPLE 14 expected=0 actual=0
Time: 1045 ns  Iteration: 0  Process: /tb_fir_full_precision_probe/line__70  File: <REPOSITORY_ROOT>/runs/framework/fir_full_precision_probe/2026-09-15_14-57-48_UTC+0800_ad593e51/fir_compiler/full_precision_probe.vhd
Note: FIR_FULL_PRECISION_SAMPLE 15 expected=0 actual=0
Time: 1075 ns  Iteration: 0  Process: /tb_fir_full_precision_probe/line__70  File: <REPOSITORY_ROOT>/runs/framework/fir_full_precision_probe/2026-09-15_14-57-48_UTC+0800_ad593e51/fir_compiler/full_precision_probe.vhd
Failure: FIR_FULL_PRECISION_STATUS: FAIL numeric differences=1
Time: 2345 ns  Iteration: 0  Process: /tb_fir_full_precision_probe/line__70  File: <REPOSITORY_ROOT>/runs/framework/fir_full_precision_probe/2026-09-15_14-57-48_UTC+0800_ad593e51/fir_compiler/full_precision_probe.vhd
$finish called at time : 2345 ns : File "<REPOSITORY_ROOT>/runs/framework/fir_full_precision_probe/2026-09-15_14-57-48_UTC+0800_ad593e51/fir_compiler/full_precision_probe.vhd" Line 112
## quit
INFO: xsimkernel Simulation Memory Usage: 294212 KB (Peak: 343544 KB), Simulation CPU Usage: 720 ms
INFO: [Common 17-206] Exiting xsim at Tue Sep 15 14:58:09 2026...
# cd $old_dir
# set simulate_text ""
# if {[file exists $simulate_log] && [file size $simulate_log] > 0} {
#     set fh [open $simulate_log r]
#     set simulate_text [read $fh]
#     close $fh
# }
# set combined_text "$sim_msg\n$simulate_text"
# set has_success [expr {[string first $success_marker $combined_text] >= 0}]
# set has_failure 0
# foreach marker $failure_markers {
#     if {$marker ne "" && [string first $marker $combined_text] >= 0} {
#         set has_failure 1
#         break
#     }
# }
# if {$has_success && !$has_failure} {
#     puts "XSim simulation completed successfully."
#     puts $stage_pass
#     exit 0
# }
# puts "ERROR: XSim 仿真未报告干净的成功结果。"
ERROR: XSim 仿真未报告干净的成功结果。
# puts "XSim catch status: $sim_status"
XSim catch status: 0
# puts $stage_fail
XSIM_STAGE_STATUS: FAIL
# exit 1
INFO: [Common 17-206] Exiting Vivado at Tue Sep 15 14:58:09 2026...
