INFO: [Common 17-3922] A valid Vivado Design Suite BASIC license has been detected. Your current license is active and will expire on 18-sep-2027.

****** Vivado v2026.1 (64-bit)
  **** SW Build 6511674 on Tue Jun 16 11:01:26 MDT 2026
  **** IP Build 6504888 on Tue Jun 09 09:05:25 MDT 2026
  **** SharedData Build 6501428 on Mon Jun 08 17:34:18 MDT 2026
  **** Start of session at: Tue Sep 22 20:53:44 2026
    ** Copyright 1986-2022 Xilinx, Inc. All Rights Reserved.
    ** Copyright 2022-2026 Advanced Micro Devices, Inc. All Rights Reserved.

source <REPOSITORY_ROOT>/tcl/run_xsim_batch.tcl
# set project_path [lindex $argv 0]
# set testbench_path [lindex $argv 1]
# set top_name [lindex $argv 2]
# set success_marker [lindex $argv 3]
# set failure_markers [lrange $argv 4 end]
# set stage_pass "XSIM_STAGE_STATUS: PA"
# append stage_pass "SS"
# set stage_fail "XSIM_STAGE_STATUS: FA"
# append stage_fail "IL"
# proc fail_stage {message marker} {
#     puts "ERROR: $message"
#     puts $marker
#     exit 1
# }
# if {$project_path eq "" || $testbench_path eq "" ||
#     $top_name eq "" || $success_marker eq ""} {
#     fail_stage "缺少 XSim 仿真参数。" $stage_fail
# }
# if {![file exists $project_path]} {
#     fail_stage "Vivado 工程不存在：$project_path" $stage_fail
# }
# if {![file exists $testbench_path]} {
#     fail_stage "testbench 不存在：$testbench_path" $stage_fail
# }
# if {[info exists env(LIBRARY_PATH)]} {
#     unset env(LIBRARY_PATH)
# }
# open_project $project_path
Scanning sources...
Finished scanning sources
WARNING: [Project 1-5713] Board part '' set for the project  is not found. BoardPart property will be unset. Please select board from latest repo build 
INFO: [IP_Flow 19-234] Refreshing IP repositories
INFO: [IP_Flow 19-1704] No user IP repositories specified
INFO: [IP_Flow 19-2313] Loaded Vivado IP repository '<VIVADO_2026.1>/data/ip'.
# set_property target_simulator XSim [current_project]
# set simset [get_filesets sim_1]
# if {[llength [get_files -quiet $testbench_path]] == 0} {
#     add_files -fileset $simset -norecurse $testbench_path
# }
# set extension [string tolower [file extension $testbench_path]]
# if {$extension eq ".vhd" || $extension eq ".vhdl"} {
#     set_property file_type {VHDL 2008} [get_files $testbench_path]
# }
# set_property top $top_name $simset
# set_property top_lib xil_defaultlib $simset
# update_compile_order -fileset $simset
# set project_dir [file dirname $project_path]
# set project_name [file rootname [file tail $project_path]]
# set sim_dir "$project_dir/${project_name}.sim/sim_1/behav/xsim"
# if {[file isdirectory $sim_dir]} {
#     file delete -force $sim_dir
# }
Command: launch_simulation  -simset sim_1 -mode behavioral -scripts_only
INFO: [Vivado 12-25912] Generating simulation scripts for 'XSim' simulator
INFO: [Project 1-5737] Running on host dpc-Precision-3660 (64) - Ubuntu 22.04.5 LTS
INFO: [Vivado 12-28535] Process started - Tue Sep 22 20:53:52 2026

INFO: [Vivado 12-12493] Simulation top is 'tb_latency_trace'
INFO: [Vivado 12-5698] Checking validity of IPs in the design for the 'XSim' simulator...
INFO: [Vivado 12-5680] Creating behavioral simulation scripts in '<REPOSITORY_ROOT>/runs/framework/latency_trace/2026.1/2026-09-22_20-52-23_UTC+0800_7e46f713/complex_multiplier/latency_54/proj/ip_test.sim/sim_1/behav/xsim'
INFO: [Vivado 12-13660] Precompiled IP simulation library mode is enabled (default). The design IP libraries will be referenced from the compiled library path. Please note that if the precompiled version of the library is not found from the path or the IP is in locked state, then the library source files for these IPs will be compiled locally as part of the compile order.
INFO: [Vivado 12-4795] Using compiled simulation libraries for IPs
INFO: [SIM-utils-51] Simulation object is 'sim_1'
INFO: [SIM-utils-72] Using boost library from '<VIVADO_2026.1>/tps/boost_1_72_0'
INFO: [USF-XSim-7] Finding pre-compiled libraries...
INFO: [USF-XSim-11] File '<VIVADO_2026.1>/data/xsim/xsim.ini' copied to run dir:'<REPOSITORY_ROOT>/runs/framework/latency_trace/2026.1/2026-09-22_20-52-23_UTC+0800_7e46f713/complex_multiplier/latency_54/proj/ip_test.sim/sim_1/behav/xsim'
INFO: [SIM-utils-54] Inspecting design source files for 'tb_latency_trace' in fileset 'sim_1'...
INFO: [USF-XSim-97] Finding global include files...
INFO: [USF-XSim-98] Fetching design files from 'sim_1'...
INFO: [USF-XSim-2] XSim::Compile design
INFO: [USF-XSim-60] Script generated:<REPOSITORY_ROOT>/runs/framework/latency_trace/2026.1/2026-09-22_20-52-23_UTC+0800_7e46f713/complex_multiplier/latency_54/proj/ip_test.sim/sim_1/behav/xsim/compile.sh
INFO: [USF-XSim-3] XSim::Elaborate design
INFO: [USF-XSim-60] Script generated:<REPOSITORY_ROOT>/runs/framework/latency_trace/2026.1/2026-09-22_20-52-23_UTC+0800_7e46f713/complex_multiplier/latency_54/proj/ip_test.sim/sim_1/behav/xsim/elaborate.sh
INFO: [USF-XSim-4] XSim::Simulate design
INFO: [USF-XSim-60] Script generated:<REPOSITORY_ROOT>/runs/framework/latency_trace/2026.1/2026-09-22_20-52-23_UTC+0800_7e46f713/complex_multiplier/latency_54/proj/ip_test.sim/sim_1/behav/xsim/simulate.sh
# set script_status [catch {
#     launch_simulation -simset sim_1 -mode behavioral -scripts_only
# } script_msg]
# if {$script_msg ne ""} {
#     puts $script_msg
# }
# if {$script_status != 0} {
#     fail_stage "launch_simulation -scripts_only 执行失败。" $stage_fail
# }
# if {![file isdirectory $sim_dir]} {
#     fail_stage "未生成 XSim 仿真目录：$sim_dir" $stage_fail
# }
# set old_dir [pwd]
# cd $sim_dir
# set compile_status [catch {exec bash compile.sh 2>@1} compile_msg]
# puts $compile_msg
xvhdl --incr --relax -prj tb_latency_trace_vhdl.prj
INFO: [VRFC 10-163] Analyzing VHDL file "<REPOSITORY_ROOT>/runs/framework/latency_trace/2026.1/2026-09-22_20-52-23_UTC+0800_7e46f713/complex_multiplier/latency_54/proj/ip_test.gen/sources_1/ip/dut_0/sim/dut_0.vhd" into library xil_defaultlib
INFO: [VRFC 10-3107] analyzing entity 'dut_0'
INFO: [VRFC 10-163] Analyzing VHDL file "<REPOSITORY_ROOT>/runs/framework/latency_trace/2026.1/2026-09-22_20-52-23_UTC+0800_7e46f713/complex_multiplier/latency_54/tb_latency_trace.vhd" into library xil_defaultlib
INFO: [VRFC 10-3107] analyzing entity 'tb_latency_trace'
Waiting for jobs to finish...
No pending jobs, compilation finished.
# if {$compile_status != 0} {
#     cd $old_dir
#     fail_stage "XSim 编译失败。" $stage_fail
# }
# set elaborate_status [catch {exec bash elaborate.sh 2>@1} elaborate_msg]
# puts $elaborate_msg
xelab --incr --debug typical --relax --mt 8 -L xil_defaultlib -L xbip_utils_v3_0_16 -L axi_utils_v2_0_12 -L mult_gen_v12_0_25 -L xbip_pipe_v3_0_12 -L xbip_dsp48_wrapper_v3_0_7 -L floating_point_v7_1_22 -L cmpy_v6_0_28 -L secureip -L xpm --snapshot tb_latency_trace_behav xil_defaultlib.tb_latency_trace -log elaborate.log
Vivado Simulator v2026.1
Copyright 1986-2022 Xilinx, Inc. All Rights Reserved.
Copyright 2022-2026 Advanced Micro Devices, Inc. All Rights Reserved.
Running: <VIVADO_2026.1>/Vivado/bin/unwrapped/lnx64.o/xelab --incr --debug typical --relax --mt 8 -L xil_defaultlib -L xbip_utils_v3_0_16 -L axi_utils_v2_0_12 -L mult_gen_v12_0_25 -L xbip_pipe_v3_0_12 -L xbip_dsp48_wrapper_v3_0_7 -L floating_point_v7_1_22 -L cmpy_v6_0_28 -L secureip -L xpm --snapshot tb_latency_trace_behav xil_defaultlib.tb_latency_trace -log elaborate.log 
INFO: [XSIM 43-3493] Using 8 slave threads.
WARNING: [XSIM 43-3431] One or more environment variables have been detected which affect the operation of the C compiler. These are typically not set in standard installations and are not tested by AMD, however they may be appropriate for your system, so the flow will attempt to continue.  If errors occur, try running xelab with the "-mt off -v 1" switches to see more information from the C compiler. The following environment variables have been detected:
    LIBRARY_PATH
Starting static elaboration
Completed static elaboration
Starting simulation data flow analysis
Completed simulation data flow analysis
Time Resolution for simulation is 1ps
Compiling package std.standard
Compiling package std.textio
Compiling package ieee.std_logic_1164
Compiling package std.env
Compiling package ieee.numeric_std
Compiling package xbip_utils_v3_0_16.xbip_utils_v3_0_16_pkg
Compiling package cmpy_v6_0_28.cmpy_v6_0_28_viv_comp
Compiling package axi_utils_v2_0_12.axi_utils_v2_0_12_pkg
Compiling package mult_gen_v12_0_25.mult_gen_v12_0_25_pkg
Compiling package cmpy_v6_0_28.cmpy_v6_0_28_pkg
Compiling package unisim.vcomponents
Compiling package ieee.vital_timing
Compiling package ieee.vital_primitives
Compiling package unisim.vpkg
Compiling architecture xilinx of entity cmpy_v6_0_28.delay_line [\delay_line(c_xdevicefamily="art...]
Compiling architecture xilinx of entity cmpy_v6_0_28.delay_line [\delay_line(c_xdevicefamily="art...]
Compiling architecture xilinx of entity cmpy_v6_0_28.delay_line [\delay_line(c_xdevicefamily="art...]
Compiling architecture dsp48e1_v of entity unisim.DSP48E1 [\DSP48E1(acascreg=0,adreg=0,alum...]
Compiling architecture xilinx of entity cmpy_v6_0_28.delay_line [\delay_line(c_xdevicefamily="art...]
Compiling architecture xilinx of entity mult_gen_v12_0_25.op_resize [\op_resize(ai_width=8,bi_width=8...]
Compiling architecture xilinx of entity cmpy_v6_0_28.cmpy_4_dsp48_mult [\cmpy_4_dsp48_mult(c_xdevicefami...]
Compiling architecture xilinx of entity cmpy_v6_0_28.cmpy_4_dsp48 [\cmpy_4_dsp48(c_xdevicefamily="a...]
Compiling architecture xilinx of entity cmpy_v6_0_28.cmpy_v6_0_28_synth [\cmpy_v6_0_28_synth(c_xdevicefam...]
Compiling architecture xilinx of entity cmpy_v6_0_28.cmpy_v6_0_28_viv [\cmpy_v6_0_28_viv(c_xdevicefamil...]
Compiling architecture xilinx of entity cmpy_v6_0_28.cmpy_v6_0_28 [\cmpy_v6_0_28(c_xdevicefamily="a...]
Compiling architecture dut_0_arch of entity xil_defaultlib.dut_0 [dut_0_default]
Compiling architecture sim of entity xil_defaultlib.tb_latency_trace
Built simulation snapshot tb_latency_trace_behav
# if {$elaborate_status != 0} {
#     cd $old_dir
#     fail_stage "XSim elaboration 失败。" $stage_fail
# }
# set batch_tcl "$sim_dir/run_batch.tcl"
# set simulate_log "$sim_dir/simulate.log"
# set fh [open $batch_tcl w]
# puts $fh "run all"
# puts $fh "quit"
# close $fh
# set snapshot "${top_name}_behav"
# set simulation_key "Behavioral:sim_1:Functional:$top_name"
# set sim_command [list xsim $snapshot \
#     -key $simulation_key \
#     -tclbatch $batch_tcl \
#     -log simulate.log]
# set sim_status [catch {exec {*}$sim_command 2>@1} sim_msg]
# puts $sim_msg

****** xsim v2026.1 (64-bit)
  **** SW Build 6511674 on Tue Jun 16 11:01:26 MDT 2026
  **** IP Build 6504888 on Tue Jun 09 09:05:25 MDT 2026
  **** SharedData Build 6501428 on Mon Jun 08 17:34:18 MDT 2026
  **** Start of session at: Tue Sep 22 20:54:01 2026
    ** Copyright 1986-2022 Xilinx, Inc. All Rights Reserved.
    ** Copyright 2022-2026 Advanced Micro Devices, Inc. All Rights Reserved.

source xsim.dir/tb_latency_trace_behav/xsim_script.tcl
# xsim {tb_latency_trace_behav} -autoloadwcfg -tclbatch {<REPOSITORY_ROOT>/runs/framework/latency_trace/2026.1/2026-09-22_20-52-23_UTC+0800_7e46f713/complex_multiplier/latency_54/proj/ip_test.sim/sim_1/behav/xsim/run_batch.tcl} -key Behavioral:sim_1:Functional:tb_latency_trace
Time resolution is 1 ps
source <REPOSITORY_ROOT>/runs/framework/latency_trace/2026.1/2026-09-22_20-52-23_UTC+0800_7e46f713/complex_multiplier/latency_54/proj/ip_test.sim/sim_1/behav/xsim/run_batch.tcl
## run all
Note: CMPY_TRACE cycle=0 input=0000 vin='1' before=00000000 output=00000000 vout='0'
Time: 16 ns  Iteration: 0  Process: /tb_latency_trace/line__20  File: <REPOSITORY_ROOT>/runs/framework/latency_trace/2026.1/2026-09-22_20-52-23_UTC+0800_7e46f713/complex_multiplier/latency_54/tb_latency_trace.vhd
Note: CMPY_TRACE cycle=1 input=0000 vin='1' before=00000000 output=00000000 vout='0'
Time: 26 ns  Iteration: 0  Process: /tb_latency_trace/line__20  File: <REPOSITORY_ROOT>/runs/framework/latency_trace/2026.1/2026-09-22_20-52-23_UTC+0800_7e46f713/complex_multiplier/latency_54/tb_latency_trace.vhd
Note: CMPY_TRACE cycle=2 input=0000 vin='1' before=00000000 output=00000000 vout='0'
Time: 36 ns  Iteration: 0  Process: /tb_latency_trace/line__20  File: <REPOSITORY_ROOT>/runs/framework/latency_trace/2026.1/2026-09-22_20-52-23_UTC+0800_7e46f713/complex_multiplier/latency_54/tb_latency_trace.vhd
Note: CMPY_TRACE cycle=3 input=0000 vin='1' before=00000000 output=00000000 vout='0'
Time: 46 ns  Iteration: 0  Process: /tb_latency_trace/line__20  File: <REPOSITORY_ROOT>/runs/framework/latency_trace/2026.1/2026-09-22_20-52-23_UTC+0800_7e46f713/complex_multiplier/latency_54/tb_latency_trace.vhd
Note: CMPY_TRACE cycle=4 input=0000 vin='1' before=00000000 output=00000000 vout='0'
Time: 56 ns  Iteration: 0  Process: /tb_latency_trace/line__20  File: <REPOSITORY_ROOT>/runs/framework/latency_trace/2026.1/2026-09-22_20-52-23_UTC+0800_7e46f713/complex_multiplier/latency_54/tb_latency_trace.vhd
Note: CMPY_TRACE cycle=5 input=0000 vin='1' before=00000000 output=00000000 vout='0'
Time: 66 ns  Iteration: 0  Process: /tb_latency_trace/line__20  File: <REPOSITORY_ROOT>/runs/framework/latency_trace/2026.1/2026-09-22_20-52-23_UTC+0800_7e46f713/complex_multiplier/latency_54/tb_latency_trace.vhd
Note: CMPY_TRACE cycle=6 input=0000 vin='1' before=00000000 output=00000000 vout='0'
Time: 76 ns  Iteration: 0  Process: /tb_latency_trace/line__20  File: <REPOSITORY_ROOT>/runs/framework/latency_trace/2026.1/2026-09-22_20-52-23_UTC+0800_7e46f713/complex_multiplier/latency_54/tb_latency_trace.vhd
Note: CMPY_TRACE cycle=7 input=0000 vin='1' before=00000000 output=00000000 vout='0'
Time: 86 ns  Iteration: 0  Process: /tb_latency_trace/line__20  File: <REPOSITORY_ROOT>/runs/framework/latency_trace/2026.1/2026-09-22_20-52-23_UTC+0800_7e46f713/complex_multiplier/latency_54/tb_latency_trace.vhd
Note: CMPY_TRACE cycle=8 input=0000 vin='1' before=00000000 output=00000000 vout='0'
Time: 96 ns  Iteration: 0  Process: /tb_latency_trace/line__20  File: <REPOSITORY_ROOT>/runs/framework/latency_trace/2026.1/2026-09-22_20-52-23_UTC+0800_7e46f713/complex_multiplier/latency_54/tb_latency_trace.vhd
Note: CMPY_TRACE cycle=9 input=0000 vin='1' before=00000000 output=00000000 vout='0'
Time: 106 ns  Iteration: 0  Process: /tb_latency_trace/line__20  File: <REPOSITORY_ROOT>/runs/framework/latency_trace/2026.1/2026-09-22_20-52-23_UTC+0800_7e46f713/complex_multiplier/latency_54/tb_latency_trace.vhd
Note: CMPY_TRACE cycle=10 input=0000 vin='1' before=00000000 output=00000000 vout='0'
Time: 116 ns  Iteration: 0  Process: /tb_latency_trace/line__20  File: <REPOSITORY_ROOT>/runs/framework/latency_trace/2026.1/2026-09-22_20-52-23_UTC+0800_7e46f713/complex_multiplier/latency_54/tb_latency_trace.vhd
Note: CMPY_TRACE cycle=11 input=0000 vin='1' before=00000000 output=00000000 vout='0'
Time: 126 ns  Iteration: 0  Process: /tb_latency_trace/line__20  File: <REPOSITORY_ROOT>/runs/framework/latency_trace/2026.1/2026-09-22_20-52-23_UTC+0800_7e46f713/complex_multiplier/latency_54/tb_latency_trace.vhd
Note: CMPY_TRACE cycle=12 input=0000 vin='1' before=00000000 output=00000000 vout='0'
Time: 136 ns  Iteration: 0  Process: /tb_latency_trace/line__20  File: <REPOSITORY_ROOT>/runs/framework/latency_trace/2026.1/2026-09-22_20-52-23_UTC+0800_7e46f713/complex_multiplier/latency_54/tb_latency_trace.vhd
Note: CMPY_TRACE cycle=13 input=0000 vin='1' before=00000000 output=00000000 vout='0'
Time: 146 ns  Iteration: 0  Process: /tb_latency_trace/line__20  File: <REPOSITORY_ROOT>/runs/framework/latency_trace/2026.1/2026-09-22_20-52-23_UTC+0800_7e46f713/complex_multiplier/latency_54/tb_latency_trace.vhd
Note: CMPY_TRACE cycle=14 input=0000 vin='1' before=00000000 output=00000000 vout='0'
Time: 156 ns  Iteration: 0  Process: /tb_latency_trace/line__20  File: <REPOSITORY_ROOT>/runs/framework/latency_trace/2026.1/2026-09-22_20-52-23_UTC+0800_7e46f713/complex_multiplier/latency_54/tb_latency_trace.vhd
Note: CMPY_TRACE cycle=15 input=0000 vin='1' before=00000000 output=00000000 vout='0'
Time: 166 ns  Iteration: 0  Process: /tb_latency_trace/line__20  File: <REPOSITORY_ROOT>/runs/framework/latency_trace/2026.1/2026-09-22_20-52-23_UTC+0800_7e46f713/complex_multiplier/latency_54/tb_latency_trace.vhd
Note: CMPY_TRACE cycle=16 input=0000 vin='1' before=00000000 output=00000000 vout='0'
Time: 176 ns  Iteration: 0  Process: /tb_latency_trace/line__20  File: <REPOSITORY_ROOT>/runs/framework/latency_trace/2026.1/2026-09-22_20-52-23_UTC+0800_7e46f713/complex_multiplier/latency_54/tb_latency_trace.vhd
Note: CMPY_TRACE cycle=17 input=0000 vin='1' before=00000000 output=00000000 vout='0'
Time: 186 ns  Iteration: 0  Process: /tb_latency_trace/line__20  File: <REPOSITORY_ROOT>/runs/framework/latency_trace/2026.1/2026-09-22_20-52-23_UTC+0800_7e46f713/complex_multiplier/latency_54/tb_latency_trace.vhd
Note: CMPY_TRACE cycle=18 input=0000 vin='1' before=00000000 output=00000000 vout='0'
Time: 196 ns  Iteration: 0  Process: /tb_latency_trace/line__20  File: <REPOSITORY_ROOT>/runs/framework/latency_trace/2026.1/2026-09-22_20-52-23_UTC+0800_7e46f713/complex_multiplier/latency_54/tb_latency_trace.vhd
Note: CMPY_TRACE cycle=19 input=0000 vin='1' before=00000000 output=00000000 vout='0'
Time: 206 ns  Iteration: 0  Process: /tb_latency_trace/line__20  File: <REPOSITORY_ROOT>/runs/framework/latency_trace/2026.1/2026-09-22_20-52-23_UTC+0800_7e46f713/complex_multiplier/latency_54/tb_latency_trace.vhd
Note: CMPY_TRACE cycle=20 input=0000 vin='1' before=00000000 output=00000000 vout='0'
Time: 216 ns  Iteration: 0  Process: /tb_latency_trace/line__20  File: <REPOSITORY_ROOT>/runs/framework/latency_trace/2026.1/2026-09-22_20-52-23_UTC+0800_7e46f713/complex_multiplier/latency_54/tb_latency_trace.vhd
Note: CMPY_TRACE cycle=21 input=0000 vin='1' before=00000000 output=00000000 vout='0'
Time: 226 ns  Iteration: 0  Process: /tb_latency_trace/line__20  File: <REPOSITORY_ROOT>/runs/framework/latency_trace/2026.1/2026-09-22_20-52-23_UTC+0800_7e46f713/complex_multiplier/latency_54/tb_latency_trace.vhd
Note: CMPY_TRACE cycle=22 input=0000 vin='1' before=00000000 output=00000000 vout='0'
Time: 236 ns  Iteration: 0  Process: /tb_latency_trace/line__20  File: <REPOSITORY_ROOT>/runs/framework/latency_trace/2026.1/2026-09-22_20-52-23_UTC+0800_7e46f713/complex_multiplier/latency_54/tb_latency_trace.vhd
Note: CMPY_TRACE cycle=23 input=0000 vin='1' before=00000000 output=00000000 vout='0'
Time: 246 ns  Iteration: 0  Process: /tb_latency_trace/line__20  File: <REPOSITORY_ROOT>/runs/framework/latency_trace/2026.1/2026-09-22_20-52-23_UTC+0800_7e46f713/complex_multiplier/latency_54/tb_latency_trace.vhd
Note: CMPY_TRACE cycle=24 input=0000 vin='1' before=00000000 output=00000000 vout='0'
Time: 256 ns  Iteration: 0  Process: /tb_latency_trace/line__20  File: <REPOSITORY_ROOT>/runs/framework/latency_trace/2026.1/2026-09-22_20-52-23_UTC+0800_7e46f713/complex_multiplier/latency_54/tb_latency_trace.vhd
Note: CMPY_TRACE cycle=25 input=0000 vin='1' before=00000000 output=00000000 vout='0'
Time: 266 ns  Iteration: 0  Process: /tb_latency_trace/line__20  File: <REPOSITORY_ROOT>/runs/framework/latency_trace/2026.1/2026-09-22_20-52-23_UTC+0800_7e46f713/complex_multiplier/latency_54/tb_latency_trace.vhd
Note: CMPY_TRACE cycle=26 input=0000 vin='1' before=00000000 output=00000000 vout='0'
Time: 276 ns  Iteration: 0  Process: /tb_latency_trace/line__20  File: <REPOSITORY_ROOT>/runs/framework/latency_trace/2026.1/2026-09-22_20-52-23_UTC+0800_7e46f713/complex_multiplier/latency_54/tb_latency_trace.vhd
Note: CMPY_TRACE cycle=27 input=0000 vin='1' before=00000000 output=00000000 vout='0'
Time: 286 ns  Iteration: 0  Process: /tb_latency_trace/line__20  File: <REPOSITORY_ROOT>/runs/framework/latency_trace/2026.1/2026-09-22_20-52-23_UTC+0800_7e46f713/complex_multiplier/latency_54/tb_latency_trace.vhd
Note: CMPY_TRACE cycle=28 input=0000 vin='1' before=00000000 output=00000000 vout='0'
Time: 296 ns  Iteration: 0  Process: /tb_latency_trace/line__20  File: <REPOSITORY_ROOT>/runs/framework/latency_trace/2026.1/2026-09-22_20-52-23_UTC+0800_7e46f713/complex_multiplier/latency_54/tb_latency_trace.vhd
Note: CMPY_TRACE cycle=29 input=0000 vin='1' before=00000000 output=00000000 vout='0'
Time: 306 ns  Iteration: 0  Process: /tb_latency_trace/line__20  File: <REPOSITORY_ROOT>/runs/framework/latency_trace/2026.1/2026-09-22_20-52-23_UTC+0800_7e46f713/complex_multiplier/latency_54/tb_latency_trace.vhd
Note: CMPY_TRACE cycle=30 input=0000 vin='1' before=00000000 output=00000000 vout='0'
Time: 316 ns  Iteration: 0  Process: /tb_latency_trace/line__20  File: <REPOSITORY_ROOT>/runs/framework/latency_trace/2026.1/2026-09-22_20-52-23_UTC+0800_7e46f713/complex_multiplier/latency_54/tb_latency_trace.vhd
Note: CMPY_TRACE cycle=31 input=0000 vin='1' before=00000000 output=00000000 vout='0'
Time: 326 ns  Iteration: 0  Process: /tb_latency_trace/line__20  File: <REPOSITORY_ROOT>/runs/framework/latency_trace/2026.1/2026-09-22_20-52-23_UTC+0800_7e46f713/complex_multiplier/latency_54/tb_latency_trace.vhd
Note: CMPY_TRACE cycle=32 input=0000 vin='1' before=00000000 output=00000000 vout='0'
Time: 336 ns  Iteration: 0  Process: /tb_latency_trace/line__20  File: <REPOSITORY_ROOT>/runs/framework/latency_trace/2026.1/2026-09-22_20-52-23_UTC+0800_7e46f713/complex_multiplier/latency_54/tb_latency_trace.vhd
Note: CMPY_TRACE cycle=33 input=0000 vin='1' before=00000000 output=00000000 vout='0'
Time: 346 ns  Iteration: 0  Process: /tb_latency_trace/line__20  File: <REPOSITORY_ROOT>/runs/framework/latency_trace/2026.1/2026-09-22_20-52-23_UTC+0800_7e46f713/complex_multiplier/latency_54/tb_latency_trace.vhd
Note: CMPY_TRACE cycle=34 input=0000 vin='1' before=00000000 output=00000000 vout='0'
Time: 356 ns  Iteration: 0  Process: /tb_latency_trace/line__20  File: <REPOSITORY_ROOT>/runs/framework/latency_trace/2026.1/2026-09-22_20-52-23_UTC+0800_7e46f713/complex_multiplier/latency_54/tb_latency_trace.vhd
Note: CMPY_TRACE cycle=35 input=0000 vin='1' before=00000000 output=00000000 vout='0'
Time: 366 ns  Iteration: 0  Process: /tb_latency_trace/line__20  File: <REPOSITORY_ROOT>/runs/framework/latency_trace/2026.1/2026-09-22_20-52-23_UTC+0800_7e46f713/complex_multiplier/latency_54/tb_latency_trace.vhd
Note: CMPY_TRACE cycle=36 input=0000 vin='1' before=00000000 output=00000000 vout='0'
Time: 376 ns  Iteration: 0  Process: /tb_latency_trace/line__20  File: <REPOSITORY_ROOT>/runs/framework/latency_trace/2026.1/2026-09-22_20-52-23_UTC+0800_7e46f713/complex_multiplier/latency_54/tb_latency_trace.vhd
Note: CMPY_TRACE cycle=37 input=0000 vin='1' before=00000000 output=00000000 vout='0'
Time: 386 ns  Iteration: 0  Process: /tb_latency_trace/line__20  File: <REPOSITORY_ROOT>/runs/framework/latency_trace/2026.1/2026-09-22_20-52-23_UTC+0800_7e46f713/complex_multiplier/latency_54/tb_latency_trace.vhd
Note: CMPY_TRACE cycle=38 input=0000 vin='1' before=00000000 output=00000000 vout='0'
Time: 396 ns  Iteration: 0  Process: /tb_latency_trace/line__20  File: <REPOSITORY_ROOT>/runs/framework/latency_trace/2026.1/2026-09-22_20-52-23_UTC+0800_7e46f713/complex_multiplier/latency_54/tb_latency_trace.vhd
Note: CMPY_TRACE cycle=39 input=0000 vin='1' before=00000000 output=00000000 vout='0'
Time: 406 ns  Iteration: 0  Process: /tb_latency_trace/line__20  File: <REPOSITORY_ROOT>/runs/framework/latency_trace/2026.1/2026-09-22_20-52-23_UTC+0800_7e46f713/complex_multiplier/latency_54/tb_latency_trace.vhd
Note: CMPY_TRACE cycle=40 input=0000 vin='1' before=00000000 output=00000000 vout='0'
Time: 416 ns  Iteration: 0  Process: /tb_latency_trace/line__20  File: <REPOSITORY_ROOT>/runs/framework/latency_trace/2026.1/2026-09-22_20-52-23_UTC+0800_7e46f713/complex_multiplier/latency_54/tb_latency_trace.vhd
Note: CMPY_TRACE cycle=41 input=0000 vin='1' before=00000000 output=00000000 vout='0'
Time: 426 ns  Iteration: 0  Process: /tb_latency_trace/line__20  File: <REPOSITORY_ROOT>/runs/framework/latency_trace/2026.1/2026-09-22_20-52-23_UTC+0800_7e46f713/complex_multiplier/latency_54/tb_latency_trace.vhd
Note: CMPY_TRACE cycle=42 input=0000 vin='1' before=00000000 output=00000000 vout='0'
Time: 436 ns  Iteration: 0  Process: /tb_latency_trace/line__20  File: <REPOSITORY_ROOT>/runs/framework/latency_trace/2026.1/2026-09-22_20-52-23_UTC+0800_7e46f713/complex_multiplier/latency_54/tb_latency_trace.vhd
Note: CMPY_TRACE cycle=43 input=0000 vin='1' before=00000000 output=00000000 vout='0'
Time: 446 ns  Iteration: 0  Process: /tb_latency_trace/line__20  File: <REPOSITORY_ROOT>/runs/framework/latency_trace/2026.1/2026-09-22_20-52-23_UTC+0800_7e46f713/complex_multiplier/latency_54/tb_latency_trace.vhd
Note: CMPY_TRACE cycle=44 input=0000 vin='1' before=00000000 output=00000000 vout='0'
Time: 456 ns  Iteration: 0  Process: /tb_latency_trace/line__20  File: <REPOSITORY_ROOT>/runs/framework/latency_trace/2026.1/2026-09-22_20-52-23_UTC+0800_7e46f713/complex_multiplier/latency_54/tb_latency_trace.vhd
Note: CMPY_TRACE cycle=45 input=0000 vin='1' before=00000000 output=00000000 vout='0'
Time: 466 ns  Iteration: 0  Process: /tb_latency_trace/line__20  File: <REPOSITORY_ROOT>/runs/framework/latency_trace/2026.1/2026-09-22_20-52-23_UTC+0800_7e46f713/complex_multiplier/latency_54/tb_latency_trace.vhd
Note: CMPY_TRACE cycle=46 input=0000 vin='1' before=00000000 output=00000000 vout='0'
Time: 476 ns  Iteration: 0  Process: /tb_latency_trace/line__20  File: <REPOSITORY_ROOT>/runs/framework/latency_trace/2026.1/2026-09-22_20-52-23_UTC+0800_7e46f713/complex_multiplier/latency_54/tb_latency_trace.vhd
Note: CMPY_TRACE cycle=47 input=0000 vin='1' before=00000000 output=00000000 vout='0'
Time: 486 ns  Iteration: 0  Process: /tb_latency_trace/line__20  File: <REPOSITORY_ROOT>/runs/framework/latency_trace/2026.1/2026-09-22_20-52-23_UTC+0800_7e46f713/complex_multiplier/latency_54/tb_latency_trace.vhd
Note: CMPY_TRACE cycle=48 input=0000 vin='1' before=00000000 output=00000000 vout='0'
Time: 496 ns  Iteration: 0  Process: /tb_latency_trace/line__20  File: <REPOSITORY_ROOT>/runs/framework/latency_trace/2026.1/2026-09-22_20-52-23_UTC+0800_7e46f713/complex_multiplier/latency_54/tb_latency_trace.vhd
Note: CMPY_TRACE cycle=49 input=0000 vin='1' before=00000000 output=00000000 vout='0'
Time: 506 ns  Iteration: 0  Process: /tb_latency_trace/line__20  File: <REPOSITORY_ROOT>/runs/framework/latency_trace/2026.1/2026-09-22_20-52-23_UTC+0800_7e46f713/complex_multiplier/latency_54/tb_latency_trace.vhd
Note: CMPY_TRACE cycle=50 input=0000 vin='1' before=00000000 output=00000000 vout='0'
Time: 516 ns  Iteration: 0  Process: /tb_latency_trace/line__20  File: <REPOSITORY_ROOT>/runs/framework/latency_trace/2026.1/2026-09-22_20-52-23_UTC+0800_7e46f713/complex_multiplier/latency_54/tb_latency_trace.vhd
Note: CMPY_TRACE cycle=51 input=0000 vin='1' before=00000000 output=00000000 vout='0'
Time: 526 ns  Iteration: 0  Process: /tb_latency_trace/line__20  File: <REPOSITORY_ROOT>/runs/framework/latency_trace/2026.1/2026-09-22_20-52-23_UTC+0800_7e46f713/complex_multiplier/latency_54/tb_latency_trace.vhd
Note: CMPY_TRACE cycle=52 input=0000 vin='1' before=00000000 output=00000000 vout='0'
Time: 536 ns  Iteration: 0  Process: /tb_latency_trace/line__20  File: <REPOSITORY_ROOT>/runs/framework/latency_trace/2026.1/2026-09-22_20-52-23_UTC+0800_7e46f713/complex_multiplier/latency_54/tb_latency_trace.vhd
Note: CMPY_TRACE cycle=53 input=0000 vin='1' before=00000000 output=00000000 vout='1'
Time: 546 ns  Iteration: 0  Process: /tb_latency_trace/line__20  File: <REPOSITORY_ROOT>/runs/framework/latency_trace/2026.1/2026-09-22_20-52-23_UTC+0800_7e46f713/complex_multiplier/latency_54/tb_latency_trace.vhd
Note: CMPY_TRACE cycle=54 input=0000 vin='1' before=00000000 output=00000000 vout='1'
Time: 556 ns  Iteration: 0  Process: /tb_latency_trace/line__20  File: <REPOSITORY_ROOT>/runs/framework/latency_trace/2026.1/2026-09-22_20-52-23_UTC+0800_7e46f713/complex_multiplier/latency_54/tb_latency_trace.vhd
Note: CMPY_TRACE cycle=55 input=0000 vin='1' before=00000000 output=00000000 vout='1'
Time: 566 ns  Iteration: 0  Process: /tb_latency_trace/line__20  File: <REPOSITORY_ROOT>/runs/framework/latency_trace/2026.1/2026-09-22_20-52-23_UTC+0800_7e46f713/complex_multiplier/latency_54/tb_latency_trace.vhd
Note: CMPY_TRACE cycle=56 input=0000 vin='1' before=00000000 output=00000000 vout='1'
Time: 576 ns  Iteration: 0  Process: /tb_latency_trace/line__20  File: <REPOSITORY_ROOT>/runs/framework/latency_trace/2026.1/2026-09-22_20-52-23_UTC+0800_7e46f713/complex_multiplier/latency_54/tb_latency_trace.vhd
Note: CMPY_TRACE cycle=57 input=0000 vin='1' before=00000000 output=00000000 vout='1'
Time: 586 ns  Iteration: 0  Process: /tb_latency_trace/line__20  File: <REPOSITORY_ROOT>/runs/framework/latency_trace/2026.1/2026-09-22_20-52-23_UTC+0800_7e46f713/complex_multiplier/latency_54/tb_latency_trace.vhd
Note: CMPY_TRACE cycle=58 input=0000 vin='1' before=00000000 output=00000000 vout='1'
Time: 596 ns  Iteration: 0  Process: /tb_latency_trace/line__20  File: <REPOSITORY_ROOT>/runs/framework/latency_trace/2026.1/2026-09-22_20-52-23_UTC+0800_7e46f713/complex_multiplier/latency_54/tb_latency_trace.vhd
Note: CMPY_TRACE cycle=59 input=0000 vin='1' before=00000000 output=00000000 vout='1'
Time: 606 ns  Iteration: 0  Process: /tb_latency_trace/line__20  File: <REPOSITORY_ROOT>/runs/framework/latency_trace/2026.1/2026-09-22_20-52-23_UTC+0800_7e46f713/complex_multiplier/latency_54/tb_latency_trace.vhd
Note: CMPY_TRACE cycle=60 input=0000 vin='1' before=00000000 output=00000000 vout='1'
Time: 616 ns  Iteration: 0  Process: /tb_latency_trace/line__20  File: <REPOSITORY_ROOT>/runs/framework/latency_trace/2026.1/2026-09-22_20-52-23_UTC+0800_7e46f713/complex_multiplier/latency_54/tb_latency_trace.vhd
Note: CMPY_TRACE cycle=61 input=0000 vin='1' before=00000000 output=00000000 vout='1'
Time: 626 ns  Iteration: 0  Process: /tb_latency_trace/line__20  File: <REPOSITORY_ROOT>/runs/framework/latency_trace/2026.1/2026-09-22_20-52-23_UTC+0800_7e46f713/complex_multiplier/latency_54/tb_latency_trace.vhd
Note: CMPY_TRACE cycle=62 input=0000 vin='1' before=00000000 output=00000000 vout='1'
Time: 636 ns  Iteration: 0  Process: /tb_latency_trace/line__20  File: <REPOSITORY_ROOT>/runs/framework/latency_trace/2026.1/2026-09-22_20-52-23_UTC+0800_7e46f713/complex_multiplier/latency_54/tb_latency_trace.vhd
Note: CMPY_TRACE cycle=63 input=0000 vin='1' before=00000000 output=00000000 vout='1'
Time: 646 ns  Iteration: 0  Process: /tb_latency_trace/line__20  File: <REPOSITORY_ROOT>/runs/framework/latency_trace/2026.1/2026-09-22_20-52-23_UTC+0800_7e46f713/complex_multiplier/latency_54/tb_latency_trace.vhd
Note: CMPY_TRACE cycle=64 input=0000 vin='1' before=00000000 output=00000000 vout='1'
Time: 656 ns  Iteration: 0  Process: /tb_latency_trace/line__20  File: <REPOSITORY_ROOT>/runs/framework/latency_trace/2026.1/2026-09-22_20-52-23_UTC+0800_7e46f713/complex_multiplier/latency_54/tb_latency_trace.vhd
Note: CMPY_TRACE cycle=65 input=0000 vin='1' before=00000000 output=00000000 vout='1'
Time: 666 ns  Iteration: 0  Process: /tb_latency_trace/line__20  File: <REPOSITORY_ROOT>/runs/framework/latency_trace/2026.1/2026-09-22_20-52-23_UTC+0800_7e46f713/complex_multiplier/latency_54/tb_latency_trace.vhd
Note: CMPY_TRACE cycle=66 input=0000 vin='1' before=00000000 output=00000000 vout='1'
Time: 676 ns  Iteration: 0  Process: /tb_latency_trace/line__20  File: <REPOSITORY_ROOT>/runs/framework/latency_trace/2026.1/2026-09-22_20-52-23_UTC+0800_7e46f713/complex_multiplier/latency_54/tb_latency_trace.vhd
Note: CMPY_TRACE cycle=67 input=0000 vin='1' before=00000000 output=00000000 vout='1'
Time: 686 ns  Iteration: 0  Process: /tb_latency_trace/line__20  File: <REPOSITORY_ROOT>/runs/framework/latency_trace/2026.1/2026-09-22_20-52-23_UTC+0800_7e46f713/complex_multiplier/latency_54/tb_latency_trace.vhd
Note: CMPY_TRACE cycle=68 input=0000 vin='1' before=00000000 output=00000000 vout='1'
Time: 696 ns  Iteration: 0  Process: /tb_latency_trace/line__20  File: <REPOSITORY_ROOT>/runs/framework/latency_trace/2026.1/2026-09-22_20-52-23_UTC+0800_7e46f713/complex_multiplier/latency_54/tb_latency_trace.vhd
Note: CMPY_TRACE cycle=69 input=0000 vin='1' before=00000000 output=00000000 vout='1'
Time: 706 ns  Iteration: 0  Process: /tb_latency_trace/line__20  File: <REPOSITORY_ROOT>/runs/framework/latency_trace/2026.1/2026-09-22_20-52-23_UTC+0800_7e46f713/complex_multiplier/latency_54/tb_latency_trace.vhd
Note: CMPY_TRACE cycle=70 input=0000 vin='1' before=00000000 output=00000000 vout='1'
Time: 716 ns  Iteration: 0  Process: /tb_latency_trace/line__20  File: <REPOSITORY_ROOT>/runs/framework/latency_trace/2026.1/2026-09-22_20-52-23_UTC+0800_7e46f713/complex_multiplier/latency_54/tb_latency_trace.vhd
Note: CMPY_TRACE cycle=71 input=0000 vin='1' before=00000000 output=00000000 vout='1'
Time: 726 ns  Iteration: 0  Process: /tb_latency_trace/line__20  File: <REPOSITORY_ROOT>/runs/framework/latency_trace/2026.1/2026-09-22_20-52-23_UTC+0800_7e46f713/complex_multiplier/latency_54/tb_latency_trace.vhd
Note: CMPY_TRACE cycle=72 input=0000 vin='1' before=00000000 output=00000000 vout='1'
Time: 736 ns  Iteration: 0  Process: /tb_latency_trace/line__20  File: <REPOSITORY_ROOT>/runs/framework/latency_trace/2026.1/2026-09-22_20-52-23_UTC+0800_7e46f713/complex_multiplier/latency_54/tb_latency_trace.vhd
Note: CMPY_TRACE cycle=73 input=0000 vin='1' before=00000000 output=00000000 vout='1'
Time: 746 ns  Iteration: 0  Process: /tb_latency_trace/line__20  File: <REPOSITORY_ROOT>/runs/framework/latency_trace/2026.1/2026-09-22_20-52-23_UTC+0800_7e46f713/complex_multiplier/latency_54/tb_latency_trace.vhd
Note: CMPY_TRACE cycle=74 input=0000 vin='1' before=00000000 output=00000000 vout='1'
Time: 756 ns  Iteration: 0  Process: /tb_latency_trace/line__20  File: <REPOSITORY_ROOT>/runs/framework/latency_trace/2026.1/2026-09-22_20-52-23_UTC+0800_7e46f713/complex_multiplier/latency_54/tb_latency_trace.vhd
Note: CMPY_TRACE cycle=75 input=0000 vin='1' before=00000000 output=00000000 vout='1'
Time: 766 ns  Iteration: 0  Process: /tb_latency_trace/line__20  File: <REPOSITORY_ROOT>/runs/framework/latency_trace/2026.1/2026-09-22_20-52-23_UTC+0800_7e46f713/complex_multiplier/latency_54/tb_latency_trace.vhd
Note: CMPY_TRACE cycle=76 input=0000 vin='1' before=00000000 output=00000000 vout='1'
Time: 776 ns  Iteration: 0  Process: /tb_latency_trace/line__20  File: <REPOSITORY_ROOT>/runs/framework/latency_trace/2026.1/2026-09-22_20-52-23_UTC+0800_7e46f713/complex_multiplier/latency_54/tb_latency_trace.vhd
Note: CMPY_TRACE cycle=77 input=0000 vin='1' before=00000000 output=00000000 vout='1'
Time: 786 ns  Iteration: 0  Process: /tb_latency_trace/line__20  File: <REPOSITORY_ROOT>/runs/framework/latency_trace/2026.1/2026-09-22_20-52-23_UTC+0800_7e46f713/complex_multiplier/latency_54/tb_latency_trace.vhd
Note: CMPY_TRACE cycle=78 input=0000 vin='1' before=00000000 output=00000000 vout='1'
Time: 796 ns  Iteration: 0  Process: /tb_latency_trace/line__20  File: <REPOSITORY_ROOT>/runs/framework/latency_trace/2026.1/2026-09-22_20-52-23_UTC+0800_7e46f713/complex_multiplier/latency_54/tb_latency_trace.vhd
Note: CMPY_TRACE cycle=79 input=0000 vin='1' before=00000000 output=00000000 vout='1'
Time: 806 ns  Iteration: 0  Process: /tb_latency_trace/line__20  File: <REPOSITORY_ROOT>/runs/framework/latency_trace/2026.1/2026-09-22_20-52-23_UTC+0800_7e46f713/complex_multiplier/latency_54/tb_latency_trace.vhd
Note: CMPY_TRACE cycle=80 input=0002 vin='1' before=00000001 output=00000001 vout='1'
Time: 816 ns  Iteration: 0  Process: /tb_latency_trace/line__20  File: <REPOSITORY_ROOT>/runs/framework/latency_trace/2026.1/2026-09-22_20-52-23_UTC+0800_7e46f713/complex_multiplier/latency_54/tb_latency_trace.vhd
Note: CMPY_TRACE cycle=81 input=0000 vin='1' before=00000000 output=00000000 vout='1'
Time: 826 ns  Iteration: 0  Process: /tb_latency_trace/line__20  File: <REPOSITORY_ROOT>/runs/framework/latency_trace/2026.1/2026-09-22_20-52-23_UTC+0800_7e46f713/complex_multiplier/latency_54/tb_latency_trace.vhd
Note: CMPY_TRACE cycle=82 input=0000 vin='1' before=00000000 output=00000000 vout='1'
Time: 836 ns  Iteration: 0  Process: /tb_latency_trace/line__20  File: <REPOSITORY_ROOT>/runs/framework/latency_trace/2026.1/2026-09-22_20-52-23_UTC+0800_7e46f713/complex_multiplier/latency_54/tb_latency_trace.vhd
Note: CMPY_TRACE cycle=83 input=0000 vin='1' before=00000000 output=00000000 vout='1'
Time: 846 ns  Iteration: 0  Process: /tb_latency_trace/line__20  File: <REPOSITORY_ROOT>/runs/framework/latency_trace/2026.1/2026-09-22_20-52-23_UTC+0800_7e46f713/complex_multiplier/latency_54/tb_latency_trace.vhd
Note: CMPY_TRACE cycle=84 input=0000 vin='1' before=00000000 output=00000000 vout='1'
Time: 856 ns  Iteration: 0  Process: /tb_latency_trace/line__20  File: <REPOSITORY_ROOT>/runs/framework/latency_trace/2026.1/2026-09-22_20-52-23_UTC+0800_7e46f713/complex_multiplier/latency_54/tb_latency_trace.vhd
Note: CMPY_TRACE cycle=85 input=0000 vin='1' before=00000000 output=00000000 vout='1'
Time: 866 ns  Iteration: 0  Process: /tb_latency_trace/line__20  File: <REPOSITORY_ROOT>/runs/framework/latency_trace/2026.1/2026-09-22_20-52-23_UTC+0800_7e46f713/complex_multiplier/latency_54/tb_latency_trace.vhd
Note: CMPY_TRACE cycle=86 input=0000 vin='1' before=00000000 output=00000000 vout='1'
Time: 876 ns  Iteration: 0  Process: /tb_latency_trace/line__20  File: <REPOSITORY_ROOT>/runs/framework/latency_trace/2026.1/2026-09-22_20-52-23_UTC+0800_7e46f713/complex_multiplier/latency_54/tb_latency_trace.vhd
Note: CMPY_TRACE cycle=87 input=0000 vin='1' before=00000000 output=00000000 vout='1'
Time: 886 ns  Iteration: 0  Process: /tb_latency_trace/line__20  File: <REPOSITORY_ROOT>/runs/framework/latency_trace/2026.1/2026-09-22_20-52-23_UTC+0800_7e46f713/complex_multiplier/latency_54/tb_latency_trace.vhd
Note: CMPY_TRACE cycle=88 input=0000 vin='1' before=00000000 output=00000000 vout='1'
Time: 896 ns  Iteration: 0  Process: /tb_latency_trace/line__20  File: <REPOSITORY_ROOT>/runs/framework/latency_trace/2026.1/2026-09-22_20-52-23_UTC+0800_7e46f713/complex_multiplier/latency_54/tb_latency_trace.vhd
Note: CMPY_TRACE cycle=89 input=0000 vin='1' before=00000000 output=00000000 vout='1'
Time: 906 ns  Iteration: 0  Process: /tb_latency_trace/line__20  File: <REPOSITORY_ROOT>/runs/framework/latency_trace/2026.1/2026-09-22_20-52-23_UTC+0800_7e46f713/complex_multiplier/latency_54/tb_latency_trace.vhd
Note: CMPY_TRACE cycle=90 input=0000 vin='1' before=00000000 output=00000000 vout='1'
Time: 916 ns  Iteration: 0  Process: /tb_latency_trace/line__20  File: <REPOSITORY_ROOT>/runs/framework/latency_trace/2026.1/2026-09-22_20-52-23_UTC+0800_7e46f713/complex_multiplier/latency_54/tb_latency_trace.vhd
Note: CMPY_TRACE cycle=91 input=0000 vin='1' before=00000000 output=00000000 vout='1'
Time: 926 ns  Iteration: 0  Process: /tb_latency_trace/line__20  File: <REPOSITORY_ROOT>/runs/framework/latency_trace/2026.1/2026-09-22_20-52-23_UTC+0800_7e46f713/complex_multiplier/latency_54/tb_latency_trace.vhd
Note: CMPY_TRACE cycle=92 input=0000 vin='1' before=00000000 output=00000000 vout='1'
Time: 936 ns  Iteration: 0  Process: /tb_latency_trace/line__20  File: <REPOSITORY_ROOT>/runs/framework/latency_trace/2026.1/2026-09-22_20-52-23_UTC+0800_7e46f713/complex_multiplier/latency_54/tb_latency_trace.vhd
Note: CMPY_TRACE cycle=93 input=0000 vin='1' before=00000000 output=00000000 vout='1'
Time: 946 ns  Iteration: 0  Process: /tb_latency_trace/line__20  File: <REPOSITORY_ROOT>/runs/framework/latency_trace/2026.1/2026-09-22_20-52-23_UTC+0800_7e46f713/complex_multiplier/latency_54/tb_latency_trace.vhd
Note: CMPY_TRACE cycle=94 input=0000 vin='1' before=00000000 output=00000000 vout='1'
Time: 956 ns  Iteration: 0  Process: /tb_latency_trace/line__20  File: <REPOSITORY_ROOT>/runs/framework/latency_trace/2026.1/2026-09-22_20-52-23_UTC+0800_7e46f713/complex_multiplier/latency_54/tb_latency_trace.vhd
Note: CMPY_TRACE cycle=95 input=0000 vin='1' before=00000000 output=00000000 vout='1'
Time: 966 ns  Iteration: 0  Process: /tb_latency_trace/line__20  File: <REPOSITORY_ROOT>/runs/framework/latency_trace/2026.1/2026-09-22_20-52-23_UTC+0800_7e46f713/complex_multiplier/latency_54/tb_latency_trace.vhd
Note: CMPY_TRACE cycle=96 input=0000 vin='1' before=00000000 output=00000000 vout='1'
Time: 976 ns  Iteration: 0  Process: /tb_latency_trace/line__20  File: <REPOSITORY_ROOT>/runs/framework/latency_trace/2026.1/2026-09-22_20-52-23_UTC+0800_7e46f713/complex_multiplier/latency_54/tb_latency_trace.vhd
Note: CMPY_TRACE cycle=97 input=0000 vin='1' before=00000000 output=00000000 vout='1'
Time: 986 ns  Iteration: 0  Process: /tb_latency_trace/line__20  File: <REPOSITORY_ROOT>/runs/framework/latency_trace/2026.1/2026-09-22_20-52-23_UTC+0800_7e46f713/complex_multiplier/latency_54/tb_latency_trace.vhd
Note: CMPY_TRACE cycle=98 input=0000 vin='1' before=00000000 output=00000000 vout='1'
Time: 996 ns  Iteration: 0  Process: /tb_latency_trace/line__20  File: <REPOSITORY_ROOT>/runs/framework/latency_trace/2026.1/2026-09-22_20-52-23_UTC+0800_7e46f713/complex_multiplier/latency_54/tb_latency_trace.vhd
Note: CMPY_TRACE cycle=99 input=0000 vin='1' before=00000000 output=00000000 vout='1'
Time: 1006 ns  Iteration: 0  Process: /tb_latency_trace/line__20  File: <REPOSITORY_ROOT>/runs/framework/latency_trace/2026.1/2026-09-22_20-52-23_UTC+0800_7e46f713/complex_multiplier/latency_54/tb_latency_trace.vhd
Note: CMPY_TRACE cycle=100 input=0000 vin='1' before=00000000 output=00000000 vout='1'
Time: 1016 ns  Iteration: 0  Process: /tb_latency_trace/line__20  File: <REPOSITORY_ROOT>/runs/framework/latency_trace/2026.1/2026-09-22_20-52-23_UTC+0800_7e46f713/complex_multiplier/latency_54/tb_latency_trace.vhd
Note: CMPY_TRACE cycle=101 input=0000 vin='1' before=00000000 output=00000000 vout='1'
Time: 1026 ns  Iteration: 0  Process: /tb_latency_trace/line__20  File: <REPOSITORY_ROOT>/runs/framework/latency_trace/2026.1/2026-09-22_20-52-23_UTC+0800_7e46f713/complex_multiplier/latency_54/tb_latency_trace.vhd
Note: CMPY_TRACE cycle=102 input=0000 vin='1' before=00000000 output=00000000 vout='1'
Time: 1036 ns  Iteration: 0  Process: /tb_latency_trace/line__20  File: <REPOSITORY_ROOT>/runs/framework/latency_trace/2026.1/2026-09-22_20-52-23_UTC+0800_7e46f713/complex_multiplier/latency_54/tb_latency_trace.vhd
Note: CMPY_TRACE cycle=103 input=0000 vin='1' before=00000000 output=00000000 vout='1'
Time: 1046 ns  Iteration: 0  Process: /tb_latency_trace/line__20  File: <REPOSITORY_ROOT>/runs/framework/latency_trace/2026.1/2026-09-22_20-52-23_UTC+0800_7e46f713/complex_multiplier/latency_54/tb_latency_trace.vhd
Note: CMPY_TRACE cycle=104 input=0000 vin='1' before=00000000 output=00000000 vout='1'
Time: 1056 ns  Iteration: 0  Process: /tb_latency_trace/line__20  File: <REPOSITORY_ROOT>/runs/framework/latency_trace/2026.1/2026-09-22_20-52-23_UTC+0800_7e46f713/complex_multiplier/latency_54/tb_latency_trace.vhd
Note: CMPY_TRACE cycle=105 input=0000 vin='1' before=00000000 output=00000000 vout='1'
Time: 1066 ns  Iteration: 0  Process: /tb_latency_trace/line__20  File: <REPOSITORY_ROOT>/runs/framework/latency_trace/2026.1/2026-09-22_20-52-23_UTC+0800_7e46f713/complex_multiplier/latency_54/tb_latency_trace.vhd
Note: CMPY_TRACE cycle=106 input=0000 vin='1' before=00000000 output=00000000 vout='1'
Time: 1076 ns  Iteration: 0  Process: /tb_latency_trace/line__20  File: <REPOSITORY_ROOT>/runs/framework/latency_trace/2026.1/2026-09-22_20-52-23_UTC+0800_7e46f713/complex_multiplier/latency_54/tb_latency_trace.vhd
Note: CMPY_TRACE cycle=107 input=0000 vin='1' before=00000000 output=00000000 vout='1'
Time: 1086 ns  Iteration: 0  Process: /tb_latency_trace/line__20  File: <REPOSITORY_ROOT>/runs/framework/latency_trace/2026.1/2026-09-22_20-52-23_UTC+0800_7e46f713/complex_multiplier/latency_54/tb_latency_trace.vhd
Note: CMPY_TRACE cycle=108 input=0000 vin='1' before=00000000 output=00000000 vout='1'
Time: 1096 ns  Iteration: 0  Process: /tb_latency_trace/line__20  File: <REPOSITORY_ROOT>/runs/framework/latency_trace/2026.1/2026-09-22_20-52-23_UTC+0800_7e46f713/complex_multiplier/latency_54/tb_latency_trace.vhd
Note: CMPY_TRACE cycle=109 input=0000 vin='1' before=00000000 output=00000000 vout='1'
Time: 1106 ns  Iteration: 0  Process: /tb_latency_trace/line__20  File: <REPOSITORY_ROOT>/runs/framework/latency_trace/2026.1/2026-09-22_20-52-23_UTC+0800_7e46f713/complex_multiplier/latency_54/tb_latency_trace.vhd
Note: CMPY_TRACE cycle=110 input=0000 vin='1' before=00000000 output=00000000 vout='1'
Time: 1116 ns  Iteration: 0  Process: /tb_latency_trace/line__20  File: <REPOSITORY_ROOT>/runs/framework/latency_trace/2026.1/2026-09-22_20-52-23_UTC+0800_7e46f713/complex_multiplier/latency_54/tb_latency_trace.vhd
Note: CMPY_TRACE cycle=111 input=0000 vin='1' before=00000000 output=00000000 vout='1'
Time: 1126 ns  Iteration: 0  Process: /tb_latency_trace/line__20  File: <REPOSITORY_ROOT>/runs/framework/latency_trace/2026.1/2026-09-22_20-52-23_UTC+0800_7e46f713/complex_multiplier/latency_54/tb_latency_trace.vhd
Note: CMPY_TRACE cycle=112 input=0000 vin='1' before=00000000 output=00000000 vout='1'
Time: 1136 ns  Iteration: 0  Process: /tb_latency_trace/line__20  File: <REPOSITORY_ROOT>/runs/framework/latency_trace/2026.1/2026-09-22_20-52-23_UTC+0800_7e46f713/complex_multiplier/latency_54/tb_latency_trace.vhd
Note: CMPY_TRACE cycle=113 input=0000 vin='1' before=00000000 output=00000000 vout='1'
Time: 1146 ns  Iteration: 0  Process: /tb_latency_trace/line__20  File: <REPOSITORY_ROOT>/runs/framework/latency_trace/2026.1/2026-09-22_20-52-23_UTC+0800_7e46f713/complex_multiplier/latency_54/tb_latency_trace.vhd
Note: CMPY_TRACE cycle=114 input=0000 vin='1' before=00000000 output=00000000 vout='1'
Time: 1156 ns  Iteration: 0  Process: /tb_latency_trace/line__20  File: <REPOSITORY_ROOT>/runs/framework/latency_trace/2026.1/2026-09-22_20-52-23_UTC+0800_7e46f713/complex_multiplier/latency_54/tb_latency_trace.vhd
Note: CMPY_TRACE cycle=115 input=0000 vin='1' before=00000000 output=00000000 vout='1'
Time: 1166 ns  Iteration: 0  Process: /tb_latency_trace/line__20  File: <REPOSITORY_ROOT>/runs/framework/latency_trace/2026.1/2026-09-22_20-52-23_UTC+0800_7e46f713/complex_multiplier/latency_54/tb_latency_trace.vhd
Note: CMPY_TRACE cycle=116 input=0000 vin='1' before=00000000 output=00000000 vout='1'
Time: 1176 ns  Iteration: 0  Process: /tb_latency_trace/line__20  File: <REPOSITORY_ROOT>/runs/framework/latency_trace/2026.1/2026-09-22_20-52-23_UTC+0800_7e46f713/complex_multiplier/latency_54/tb_latency_trace.vhd
Note: CMPY_TRACE cycle=117 input=0000 vin='1' before=00000000 output=00000000 vout='1'
Time: 1186 ns  Iteration: 0  Process: /tb_latency_trace/line__20  File: <REPOSITORY_ROOT>/runs/framework/latency_trace/2026.1/2026-09-22_20-52-23_UTC+0800_7e46f713/complex_multiplier/latency_54/tb_latency_trace.vhd
Note: CMPY_TRACE cycle=118 input=0000 vin='1' before=00000000 output=00000000 vout='1'
Time: 1196 ns  Iteration: 0  Process: /tb_latency_trace/line__20  File: <REPOSITORY_ROOT>/runs/framework/latency_trace/2026.1/2026-09-22_20-52-23_UTC+0800_7e46f713/complex_multiplier/latency_54/tb_latency_trace.vhd
Note: CMPY_TRACE cycle=119 input=0000 vin='1' before=00000000 output=00000000 vout='1'
Time: 1206 ns  Iteration: 0  Process: /tb_latency_trace/line__20  File: <REPOSITORY_ROOT>/runs/framework/latency_trace/2026.1/2026-09-22_20-52-23_UTC+0800_7e46f713/complex_multiplier/latency_54/tb_latency_trace.vhd
Note: CMPY_TRACE cycle=120 input=0000 vin='1' before=00000000 output=00000000 vout='1'
Time: 1216 ns  Iteration: 0  Process: /tb_latency_trace/line__20  File: <REPOSITORY_ROOT>/runs/framework/latency_trace/2026.1/2026-09-22_20-52-23_UTC+0800_7e46f713/complex_multiplier/latency_54/tb_latency_trace.vhd
Note: CMPY_TRACE cycle=121 input=0000 vin='1' before=00000000 output=00000000 vout='1'
Time: 1226 ns  Iteration: 0  Process: /tb_latency_trace/line__20  File: <REPOSITORY_ROOT>/runs/framework/latency_trace/2026.1/2026-09-22_20-52-23_UTC+0800_7e46f713/complex_multiplier/latency_54/tb_latency_trace.vhd
Note: CMPY_TRACE cycle=122 input=0000 vin='1' before=00000000 output=00000000 vout='1'
Time: 1236 ns  Iteration: 0  Process: /tb_latency_trace/line__20  File: <REPOSITORY_ROOT>/runs/framework/latency_trace/2026.1/2026-09-22_20-52-23_UTC+0800_7e46f713/complex_multiplier/latency_54/tb_latency_trace.vhd
Note: CMPY_TRACE cycle=123 input=0000 vin='1' before=00000000 output=00000000 vout='1'
Time: 1246 ns  Iteration: 0  Process: /tb_latency_trace/line__20  File: <REPOSITORY_ROOT>/runs/framework/latency_trace/2026.1/2026-09-22_20-52-23_UTC+0800_7e46f713/complex_multiplier/latency_54/tb_latency_trace.vhd
Note: CMPY_TRACE cycle=124 input=0000 vin='1' before=00000000 output=00000000 vout='1'
Time: 1256 ns  Iteration: 0  Process: /tb_latency_trace/line__20  File: <REPOSITORY_ROOT>/runs/framework/latency_trace/2026.1/2026-09-22_20-52-23_UTC+0800_7e46f713/complex_multiplier/latency_54/tb_latency_trace.vhd
Note: CMPY_TRACE cycle=125 input=0000 vin='1' before=00000000 output=00000000 vout='1'
Time: 1266 ns  Iteration: 0  Process: /tb_latency_trace/line__20  File: <REPOSITORY_ROOT>/runs/framework/latency_trace/2026.1/2026-09-22_20-52-23_UTC+0800_7e46f713/complex_multiplier/latency_54/tb_latency_trace.vhd
Note: CMPY_TRACE cycle=126 input=0000 vin='1' before=00000000 output=00000000 vout='1'
Time: 1276 ns  Iteration: 0  Process: /tb_latency_trace/line__20  File: <REPOSITORY_ROOT>/runs/framework/latency_trace/2026.1/2026-09-22_20-52-23_UTC+0800_7e46f713/complex_multiplier/latency_54/tb_latency_trace.vhd
Note: CMPY_TRACE cycle=127 input=0000 vin='1' before=00000000 output=00000000 vout='1'
Time: 1286 ns  Iteration: 0  Process: /tb_latency_trace/line__20  File: <REPOSITORY_ROOT>/runs/framework/latency_trace/2026.1/2026-09-22_20-52-23_UTC+0800_7e46f713/complex_multiplier/latency_54/tb_latency_trace.vhd
Note: CMPY_TRACE cycle=128 input=0000 vin='1' before=00000000 output=00000000 vout='1'
Time: 1296 ns  Iteration: 0  Process: /tb_latency_trace/line__20  File: <REPOSITORY_ROOT>/runs/framework/latency_trace/2026.1/2026-09-22_20-52-23_UTC+0800_7e46f713/complex_multiplier/latency_54/tb_latency_trace.vhd
Note: CMPY_TRACE cycle=129 input=0000 vin='1' before=00000000 output=00000000 vout='1'
Time: 1306 ns  Iteration: 0  Process: /tb_latency_trace/line__20  File: <REPOSITORY_ROOT>/runs/framework/latency_trace/2026.1/2026-09-22_20-52-23_UTC+0800_7e46f713/complex_multiplier/latency_54/tb_latency_trace.vhd
Note: CMPY_TRACE cycle=130 input=0000 vin='1' before=00000000 output=00000000 vout='1'
Time: 1316 ns  Iteration: 0  Process: /tb_latency_trace/line__20  File: <REPOSITORY_ROOT>/runs/framework/latency_trace/2026.1/2026-09-22_20-52-23_UTC+0800_7e46f713/complex_multiplier/latency_54/tb_latency_trace.vhd
Note: CMPY_TRACE cycle=131 input=0000 vin='1' before=00000000 output=00000000 vout='1'
Time: 1326 ns  Iteration: 0  Process: /tb_latency_trace/line__20  File: <REPOSITORY_ROOT>/runs/framework/latency_trace/2026.1/2026-09-22_20-52-23_UTC+0800_7e46f713/complex_multiplier/latency_54/tb_latency_trace.vhd
Note: CMPY_TRACE cycle=132 input=0000 vin='1' before=00000000 output=00000000 vout='1'
Time: 1336 ns  Iteration: 0  Process: /tb_latency_trace/line__20  File: <REPOSITORY_ROOT>/runs/framework/latency_trace/2026.1/2026-09-22_20-52-23_UTC+0800_7e46f713/complex_multiplier/latency_54/tb_latency_trace.vhd
Note: CMPY_TRACE cycle=133 input=0000 vin='1' before=00000000 output=00000000 vout='1'
Time: 1346 ns  Iteration: 0  Process: /tb_latency_trace/line__20  File: <REPOSITORY_ROOT>/runs/framework/latency_trace/2026.1/2026-09-22_20-52-23_UTC+0800_7e46f713/complex_multiplier/latency_54/tb_latency_trace.vhd
Note: CMPY_TRACE cycle=134 input=0000 vin='1' before=00000000 output=00000000 vout='1'
Time: 1356 ns  Iteration: 0  Process: /tb_latency_trace/line__20  File: <REPOSITORY_ROOT>/runs/framework/latency_trace/2026.1/2026-09-22_20-52-23_UTC+0800_7e46f713/complex_multiplier/latency_54/tb_latency_trace.vhd
Note: CMPY_TRACE cycle=135 input=0000 vin='1' before=00000000 output=00000000 vout='1'
Time: 1366 ns  Iteration: 0  Process: /tb_latency_trace/line__20  File: <REPOSITORY_ROOT>/runs/framework/latency_trace/2026.1/2026-09-22_20-52-23_UTC+0800_7e46f713/complex_multiplier/latency_54/tb_latency_trace.vhd
Note: CMPY_TRACE cycle=136 input=0000 vin='1' before=00000000 output=00000000 vout='1'
Time: 1376 ns  Iteration: 0  Process: /tb_latency_trace/line__20  File: <REPOSITORY_ROOT>/runs/framework/latency_trace/2026.1/2026-09-22_20-52-23_UTC+0800_7e46f713/complex_multiplier/latency_54/tb_latency_trace.vhd
Note: CMPY_TRACE cycle=137 input=0000 vin='1' before=00000000 output=00000000 vout='1'
Time: 1386 ns  Iteration: 0  Process: /tb_latency_trace/line__20  File: <REPOSITORY_ROOT>/runs/framework/latency_trace/2026.1/2026-09-22_20-52-23_UTC+0800_7e46f713/complex_multiplier/latency_54/tb_latency_trace.vhd
Note: CMPY_TRACE cycle=138 input=0000 vin='1' before=00000000 output=00000000 vout='1'
Time: 1396 ns  Iteration: 0  Process: /tb_latency_trace/line__20  File: <REPOSITORY_ROOT>/runs/framework/latency_trace/2026.1/2026-09-22_20-52-23_UTC+0800_7e46f713/complex_multiplier/latency_54/tb_latency_trace.vhd
Note: CMPY_TRACE cycle=139 input=0000 vin='1' before=00000000 output=00000000 vout='1'
Time: 1406 ns  Iteration: 0  Process: /tb_latency_trace/line__20  File: <REPOSITORY_ROOT>/runs/framework/latency_trace/2026.1/2026-09-22_20-52-23_UTC+0800_7e46f713/complex_multiplier/latency_54/tb_latency_trace.vhd
Note: CMPY_TRACE cycle=140 input=0000 vin='1' before=00000000 output=00000000 vout='1'
Time: 1416 ns  Iteration: 0  Process: /tb_latency_trace/line__20  File: <REPOSITORY_ROOT>/runs/framework/latency_trace/2026.1/2026-09-22_20-52-23_UTC+0800_7e46f713/complex_multiplier/latency_54/tb_latency_trace.vhd
Note: CMPY_TRACE cycle=141 input=0000 vin='1' before=00000000 output=00000000 vout='1'
Time: 1426 ns  Iteration: 0  Process: /tb_latency_trace/line__20  File: <REPOSITORY_ROOT>/runs/framework/latency_trace/2026.1/2026-09-22_20-52-23_UTC+0800_7e46f713/complex_multiplier/latency_54/tb_latency_trace.vhd
Note: CMPY_TRACE cycle=142 input=0000 vin='1' before=00000000 output=00000000 vout='1'
Time: 1436 ns  Iteration: 0  Process: /tb_latency_trace/line__20  File: <REPOSITORY_ROOT>/runs/framework/latency_trace/2026.1/2026-09-22_20-52-23_UTC+0800_7e46f713/complex_multiplier/latency_54/tb_latency_trace.vhd
Note: CMPY_TRACE cycle=143 input=0000 vin='1' before=00000000 output=00000000 vout='1'
Time: 1446 ns  Iteration: 0  Process: /tb_latency_trace/line__20  File: <REPOSITORY_ROOT>/runs/framework/latency_trace/2026.1/2026-09-22_20-52-23_UTC+0800_7e46f713/complex_multiplier/latency_54/tb_latency_trace.vhd
Note: CMPY_TRACE cycle=144 input=0000 vin='1' before=00000000 output=00000000 vout='1'
Time: 1456 ns  Iteration: 0  Process: /tb_latency_trace/line__20  File: <REPOSITORY_ROOT>/runs/framework/latency_trace/2026.1/2026-09-22_20-52-23_UTC+0800_7e46f713/complex_multiplier/latency_54/tb_latency_trace.vhd
Note: CMPY_TRACE cycle=145 input=0000 vin='1' before=00000000 output=00000000 vout='1'
Time: 1466 ns  Iteration: 0  Process: /tb_latency_trace/line__20  File: <REPOSITORY_ROOT>/runs/framework/latency_trace/2026.1/2026-09-22_20-52-23_UTC+0800_7e46f713/complex_multiplier/latency_54/tb_latency_trace.vhd
Note: CMPY_TRACE cycle=146 input=0000 vin='1' before=00000000 output=00000000 vout='1'
Time: 1476 ns  Iteration: 0  Process: /tb_latency_trace/line__20  File: <REPOSITORY_ROOT>/runs/framework/latency_trace/2026.1/2026-09-22_20-52-23_UTC+0800_7e46f713/complex_multiplier/latency_54/tb_latency_trace.vhd
Note: CMPY_TRACE cycle=147 input=0000 vin='1' before=00000000 output=00000000 vout='1'
Time: 1486 ns  Iteration: 0  Process: /tb_latency_trace/line__20  File: <REPOSITORY_ROOT>/runs/framework/latency_trace/2026.1/2026-09-22_20-52-23_UTC+0800_7e46f713/complex_multiplier/latency_54/tb_latency_trace.vhd
Note: CMPY_TRACE cycle=148 input=0000 vin='1' before=00000000 output=00000000 vout='1'
Time: 1496 ns  Iteration: 0  Process: /tb_latency_trace/line__20  File: <REPOSITORY_ROOT>/runs/framework/latency_trace/2026.1/2026-09-22_20-52-23_UTC+0800_7e46f713/complex_multiplier/latency_54/tb_latency_trace.vhd
Note: CMPY_TRACE cycle=149 input=0000 vin='1' before=00000000 output=00000000 vout='1'
Time: 1506 ns  Iteration: 0  Process: /tb_latency_trace/line__20  File: <REPOSITORY_ROOT>/runs/framework/latency_trace/2026.1/2026-09-22_20-52-23_UTC+0800_7e46f713/complex_multiplier/latency_54/tb_latency_trace.vhd
Note: CMPY_TRACE cycle=150 input=0004 vin='0' before=00000002 output=00000002 vout='1'
Time: 1516 ns  Iteration: 0  Process: /tb_latency_trace/line__20  File: <REPOSITORY_ROOT>/runs/framework/latency_trace/2026.1/2026-09-22_20-52-23_UTC+0800_7e46f713/complex_multiplier/latency_54/tb_latency_trace.vhd
Note: CMPY_TRACE cycle=151 input=0004 vin='0' before=00000002 output=00000002 vout='1'
Time: 1526 ns  Iteration: 0  Process: /tb_latency_trace/line__20  File: <REPOSITORY_ROOT>/runs/framework/latency_trace/2026.1/2026-09-22_20-52-23_UTC+0800_7e46f713/complex_multiplier/latency_54/tb_latency_trace.vhd
Note: CMPY_TRACE cycle=152 input=0004 vin='0' before=00000002 output=00000002 vout='1'
Time: 1536 ns  Iteration: 0  Process: /tb_latency_trace/line__20  File: <REPOSITORY_ROOT>/runs/framework/latency_trace/2026.1/2026-09-22_20-52-23_UTC+0800_7e46f713/complex_multiplier/latency_54/tb_latency_trace.vhd
Note: CMPY_TRACE cycle=153 input=0000 vin='1' before=00000000 output=00000000 vout='1'
Time: 1546 ns  Iteration: 0  Process: /tb_latency_trace/line__20  File: <REPOSITORY_ROOT>/runs/framework/latency_trace/2026.1/2026-09-22_20-52-23_UTC+0800_7e46f713/complex_multiplier/latency_54/tb_latency_trace.vhd
Note: CMPY_TRACE cycle=154 input=0000 vin='1' before=00000000 output=00000000 vout='1'
Time: 1556 ns  Iteration: 0  Process: /tb_latency_trace/line__20  File: <REPOSITORY_ROOT>/runs/framework/latency_trace/2026.1/2026-09-22_20-52-23_UTC+0800_7e46f713/complex_multiplier/latency_54/tb_latency_trace.vhd
Note: CMPY_TRACE cycle=155 input=0000 vin='1' before=00000000 output=00000000 vout='1'
Time: 1566 ns  Iteration: 0  Process: /tb_latency_trace/line__20  File: <REPOSITORY_ROOT>/runs/framework/latency_trace/2026.1/2026-09-22_20-52-23_UTC+0800_7e46f713/complex_multiplier/latency_54/tb_latency_trace.vhd
Note: CMPY_TRACE cycle=156 input=0000 vin='1' before=00000000 output=00000000 vout='1'
Time: 1576 ns  Iteration: 0  Process: /tb_latency_trace/line__20  File: <REPOSITORY_ROOT>/runs/framework/latency_trace/2026.1/2026-09-22_20-52-23_UTC+0800_7e46f713/complex_multiplier/latency_54/tb_latency_trace.vhd
Note: CMPY_TRACE cycle=157 input=0000 vin='1' before=00000000 output=00000000 vout='1'
Time: 1586 ns  Iteration: 0  Process: /tb_latency_trace/line__20  File: <REPOSITORY_ROOT>/runs/framework/latency_trace/2026.1/2026-09-22_20-52-23_UTC+0800_7e46f713/complex_multiplier/latency_54/tb_latency_trace.vhd
Note: CMPY_TRACE cycle=158 input=0000 vin='1' before=00000000 output=00000000 vout='1'
Time: 1596 ns  Iteration: 0  Process: /tb_latency_trace/line__20  File: <REPOSITORY_ROOT>/runs/framework/latency_trace/2026.1/2026-09-22_20-52-23_UTC+0800_7e46f713/complex_multiplier/latency_54/tb_latency_trace.vhd
Note: CMPY_TRACE cycle=159 input=0000 vin='1' before=00000000 output=00000000 vout='1'
Time: 1606 ns  Iteration: 0  Process: /tb_latency_trace/line__20  File: <REPOSITORY_ROOT>/runs/framework/latency_trace/2026.1/2026-09-22_20-52-23_UTC+0800_7e46f713/complex_multiplier/latency_54/tb_latency_trace.vhd
Note: CMPY_TRACE cycle=160 input=0006 vin='1' before=00000003 output=00000003 vout='1'
Time: 1616 ns  Iteration: 0  Process: /tb_latency_trace/line__20  File: <REPOSITORY_ROOT>/runs/framework/latency_trace/2026.1/2026-09-22_20-52-23_UTC+0800_7e46f713/complex_multiplier/latency_54/tb_latency_trace.vhd
Note: CMPY_TRACE cycle=161 input=0000 vin='1' before=00000000 output=00000000 vout='1'
Time: 1626 ns  Iteration: 0  Process: /tb_latency_trace/line__20  File: <REPOSITORY_ROOT>/runs/framework/latency_trace/2026.1/2026-09-22_20-52-23_UTC+0800_7e46f713/complex_multiplier/latency_54/tb_latency_trace.vhd
Note: CMPY_TRACE cycle=162 input=0000 vin='1' before=00000000 output=00000000 vout='1'
Time: 1636 ns  Iteration: 0  Process: /tb_latency_trace/line__20  File: <REPOSITORY_ROOT>/runs/framework/latency_trace/2026.1/2026-09-22_20-52-23_UTC+0800_7e46f713/complex_multiplier/latency_54/tb_latency_trace.vhd
Note: CMPY_TRACE cycle=163 input=0000 vin='1' before=00000000 output=00000000 vout='1'
Time: 1646 ns  Iteration: 0  Process: /tb_latency_trace/line__20  File: <REPOSITORY_ROOT>/runs/framework/latency_trace/2026.1/2026-09-22_20-52-23_UTC+0800_7e46f713/complex_multiplier/latency_54/tb_latency_trace.vhd
Note: CMPY_TRACE cycle=164 input=0000 vin='1' before=00000000 output=00000000 vout='1'
Time: 1656 ns  Iteration: 0  Process: /tb_latency_trace/line__20  File: <REPOSITORY_ROOT>/runs/framework/latency_trace/2026.1/2026-09-22_20-52-23_UTC+0800_7e46f713/complex_multiplier/latency_54/tb_latency_trace.vhd
Note: CMPY_TRACE cycle=165 input=0000 vin='1' before=00000000 output=00000000 vout='1'
Time: 1666 ns  Iteration: 0  Process: /tb_latency_trace/line__20  File: <REPOSITORY_ROOT>/runs/framework/latency_trace/2026.1/2026-09-22_20-52-23_UTC+0800_7e46f713/complex_multiplier/latency_54/tb_latency_trace.vhd
Note: CMPY_TRACE cycle=166 input=0000 vin='1' before=00000000 output=00000000 vout='1'
Time: 1676 ns  Iteration: 0  Process: /tb_latency_trace/line__20  File: <REPOSITORY_ROOT>/runs/framework/latency_trace/2026.1/2026-09-22_20-52-23_UTC+0800_7e46f713/complex_multiplier/latency_54/tb_latency_trace.vhd
Note: CMPY_TRACE cycle=167 input=0000 vin='1' before=00000000 output=00000000 vout='1'
Time: 1686 ns  Iteration: 0  Process: /tb_latency_trace/line__20  File: <REPOSITORY_ROOT>/runs/framework/latency_trace/2026.1/2026-09-22_20-52-23_UTC+0800_7e46f713/complex_multiplier/latency_54/tb_latency_trace.vhd
Note: CMPY_TRACE cycle=168 input=0000 vin='1' before=00000000 output=00000000 vout='1'
Time: 1696 ns  Iteration: 0  Process: /tb_latency_trace/line__20  File: <REPOSITORY_ROOT>/runs/framework/latency_trace/2026.1/2026-09-22_20-52-23_UTC+0800_7e46f713/complex_multiplier/latency_54/tb_latency_trace.vhd
Note: CMPY_TRACE cycle=169 input=0000 vin='1' before=00000000 output=00000000 vout='1'
Time: 1706 ns  Iteration: 0  Process: /tb_latency_trace/line__20  File: <REPOSITORY_ROOT>/runs/framework/latency_trace/2026.1/2026-09-22_20-52-23_UTC+0800_7e46f713/complex_multiplier/latency_54/tb_latency_trace.vhd
Note: CMPY_TRACE cycle=170 input=0000 vin='1' before=00000000 output=00000000 vout='1'
Time: 1716 ns  Iteration: 0  Process: /tb_latency_trace/line__20  File: <REPOSITORY_ROOT>/runs/framework/latency_trace/2026.1/2026-09-22_20-52-23_UTC+0800_7e46f713/complex_multiplier/latency_54/tb_latency_trace.vhd
Note: CMPY_TRACE cycle=171 input=0000 vin='1' before=00000000 output=00000000 vout='1'
Time: 1726 ns  Iteration: 0  Process: /tb_latency_trace/line__20  File: <REPOSITORY_ROOT>/runs/framework/latency_trace/2026.1/2026-09-22_20-52-23_UTC+0800_7e46f713/complex_multiplier/latency_54/tb_latency_trace.vhd
Note: CMPY_TRACE cycle=172 input=0000 vin='1' before=00000000 output=00000000 vout='1'
Time: 1736 ns  Iteration: 0  Process: /tb_latency_trace/line__20  File: <REPOSITORY_ROOT>/runs/framework/latency_trace/2026.1/2026-09-22_20-52-23_UTC+0800_7e46f713/complex_multiplier/latency_54/tb_latency_trace.vhd
Note: CMPY_TRACE cycle=173 input=0000 vin='1' before=00000000 output=00000000 vout='1'
Time: 1746 ns  Iteration: 0  Process: /tb_latency_trace/line__20  File: <REPOSITORY_ROOT>/runs/framework/latency_trace/2026.1/2026-09-22_20-52-23_UTC+0800_7e46f713/complex_multiplier/latency_54/tb_latency_trace.vhd
Note: CMPY_TRACE cycle=174 input=0000 vin='1' before=00000000 output=00000000 vout='1'
Time: 1756 ns  Iteration: 0  Process: /tb_latency_trace/line__20  File: <REPOSITORY_ROOT>/runs/framework/latency_trace/2026.1/2026-09-22_20-52-23_UTC+0800_7e46f713/complex_multiplier/latency_54/tb_latency_trace.vhd
Note: CMPY_TRACE cycle=175 input=0000 vin='1' before=00000000 output=00000000 vout='1'
Time: 1766 ns  Iteration: 0  Process: /tb_latency_trace/line__20  File: <REPOSITORY_ROOT>/runs/framework/latency_trace/2026.1/2026-09-22_20-52-23_UTC+0800_7e46f713/complex_multiplier/latency_54/tb_latency_trace.vhd
Note: CMPY_TRACE cycle=176 input=0000 vin='1' before=00000000 output=00000000 vout='1'
Time: 1776 ns  Iteration: 0  Process: /tb_latency_trace/line__20  File: <REPOSITORY_ROOT>/runs/framework/latency_trace/2026.1/2026-09-22_20-52-23_UTC+0800_7e46f713/complex_multiplier/latency_54/tb_latency_trace.vhd
Note: CMPY_TRACE cycle=177 input=0000 vin='1' before=00000000 output=00000000 vout='1'
Time: 1786 ns  Iteration: 0  Process: /tb_latency_trace/line__20  File: <REPOSITORY_ROOT>/runs/framework/latency_trace/2026.1/2026-09-22_20-52-23_UTC+0800_7e46f713/complex_multiplier/latency_54/tb_latency_trace.vhd
Note: CMPY_TRACE cycle=178 input=0000 vin='1' before=00000000 output=00000000 vout='1'
Time: 1796 ns  Iteration: 0  Process: /tb_latency_trace/line__20  File: <REPOSITORY_ROOT>/runs/framework/latency_trace/2026.1/2026-09-22_20-52-23_UTC+0800_7e46f713/complex_multiplier/latency_54/tb_latency_trace.vhd
Note: CMPY_TRACE cycle=179 input=0000 vin='1' before=00000000 output=00000000 vout='1'
Time: 1806 ns  Iteration: 0  Process: /tb_latency_trace/line__20  File: <REPOSITORY_ROOT>/runs/framework/latency_trace/2026.1/2026-09-22_20-52-23_UTC+0800_7e46f713/complex_multiplier/latency_54/tb_latency_trace.vhd
Note: CMPY_TRACE cycle=180 input=0000 vin='1' before=00000000 output=00000000 vout='1'
Time: 1816 ns  Iteration: 0  Process: /tb_latency_trace/line__20  File: <REPOSITORY_ROOT>/runs/framework/latency_trace/2026.1/2026-09-22_20-52-23_UTC+0800_7e46f713/complex_multiplier/latency_54/tb_latency_trace.vhd
Note: CMPY_TRACE cycle=181 input=0000 vin='1' before=00000000 output=00000000 vout='1'
Time: 1826 ns  Iteration: 0  Process: /tb_latency_trace/line__20  File: <REPOSITORY_ROOT>/runs/framework/latency_trace/2026.1/2026-09-22_20-52-23_UTC+0800_7e46f713/complex_multiplier/latency_54/tb_latency_trace.vhd
Note: CMPY_TRACE cycle=182 input=0000 vin='1' before=00000000 output=00000000 vout='1'
Time: 1836 ns  Iteration: 0  Process: /tb_latency_trace/line__20  File: <REPOSITORY_ROOT>/runs/framework/latency_trace/2026.1/2026-09-22_20-52-23_UTC+0800_7e46f713/complex_multiplier/latency_54/tb_latency_trace.vhd
Note: CMPY_TRACE cycle=183 input=0000 vin='1' before=00000000 output=00000000 vout='1'
Time: 1846 ns  Iteration: 0  Process: /tb_latency_trace/line__20  File: <REPOSITORY_ROOT>/runs/framework/latency_trace/2026.1/2026-09-22_20-52-23_UTC+0800_7e46f713/complex_multiplier/latency_54/tb_latency_trace.vhd
Note: CMPY_TRACE cycle=184 input=0000 vin='1' before=00000000 output=00000000 vout='1'
Time: 1856 ns  Iteration: 0  Process: /tb_latency_trace/line__20  File: <REPOSITORY_ROOT>/runs/framework/latency_trace/2026.1/2026-09-22_20-52-23_UTC+0800_7e46f713/complex_multiplier/latency_54/tb_latency_trace.vhd
Note: CMPY_TRACE cycle=185 input=0000 vin='1' before=00000000 output=00000000 vout='1'
Time: 1866 ns  Iteration: 0  Process: /tb_latency_trace/line__20  File: <REPOSITORY_ROOT>/runs/framework/latency_trace/2026.1/2026-09-22_20-52-23_UTC+0800_7e46f713/complex_multiplier/latency_54/tb_latency_trace.vhd
Note: CMPY_TRACE cycle=186 input=0000 vin='1' before=00000000 output=00000000 vout='1'
Time: 1876 ns  Iteration: 0  Process: /tb_latency_trace/line__20  File: <REPOSITORY_ROOT>/runs/framework/latency_trace/2026.1/2026-09-22_20-52-23_UTC+0800_7e46f713/complex_multiplier/latency_54/tb_latency_trace.vhd
Note: CMPY_TRACE cycle=187 input=0000 vin='1' before=00000000 output=00000000 vout='1'
Time: 1886 ns  Iteration: 0  Process: /tb_latency_trace/line__20  File: <REPOSITORY_ROOT>/runs/framework/latency_trace/2026.1/2026-09-22_20-52-23_UTC+0800_7e46f713/complex_multiplier/latency_54/tb_latency_trace.vhd
Note: CMPY_TRACE cycle=188 input=0000 vin='1' before=00000000 output=00000000 vout='1'
Time: 1896 ns  Iteration: 0  Process: /tb_latency_trace/line__20  File: <REPOSITORY_ROOT>/runs/framework/latency_trace/2026.1/2026-09-22_20-52-23_UTC+0800_7e46f713/complex_multiplier/latency_54/tb_latency_trace.vhd
Note: CMPY_TRACE cycle=189 input=0000 vin='1' before=00000000 output=00000000 vout='1'
Time: 1906 ns  Iteration: 0  Process: /tb_latency_trace/line__20  File: <REPOSITORY_ROOT>/runs/framework/latency_trace/2026.1/2026-09-22_20-52-23_UTC+0800_7e46f713/complex_multiplier/latency_54/tb_latency_trace.vhd
Note: CMPY_TRACE cycle=190 input=0000 vin='1' before=00000000 output=00000000 vout='1'
Time: 1916 ns  Iteration: 0  Process: /tb_latency_trace/line__20  File: <REPOSITORY_ROOT>/runs/framework/latency_trace/2026.1/2026-09-22_20-52-23_UTC+0800_7e46f713/complex_multiplier/latency_54/tb_latency_trace.vhd
Note: CMPY_TRACE cycle=191 input=0000 vin='1' before=00000000 output=00000000 vout='1'
Time: 1926 ns  Iteration: 0  Process: /tb_latency_trace/line__20  File: <REPOSITORY_ROOT>/runs/framework/latency_trace/2026.1/2026-09-22_20-52-23_UTC+0800_7e46f713/complex_multiplier/latency_54/tb_latency_trace.vhd
Note: CMPY_TRACE cycle=192 input=0000 vin='1' before=00000000 output=00000000 vout='1'
Time: 1936 ns  Iteration: 0  Process: /tb_latency_trace/line__20  File: <REPOSITORY_ROOT>/runs/framework/latency_trace/2026.1/2026-09-22_20-52-23_UTC+0800_7e46f713/complex_multiplier/latency_54/tb_latency_trace.vhd
Note: CMPY_TRACE cycle=193 input=0000 vin='1' before=00000000 output=00000000 vout='1'
Time: 1946 ns  Iteration: 0  Process: /tb_latency_trace/line__20  File: <REPOSITORY_ROOT>/runs/framework/latency_trace/2026.1/2026-09-22_20-52-23_UTC+0800_7e46f713/complex_multiplier/latency_54/tb_latency_trace.vhd
Note: CMPY_TRACE cycle=194 input=0000 vin='1' before=00000000 output=00000000 vout='1'
Time: 1956 ns  Iteration: 0  Process: /tb_latency_trace/line__20  File: <REPOSITORY_ROOT>/runs/framework/latency_trace/2026.1/2026-09-22_20-52-23_UTC+0800_7e46f713/complex_multiplier/latency_54/tb_latency_trace.vhd
Note: CMPY_TRACE cycle=195 input=0000 vin='1' before=00000000 output=00000000 vout='1'
Time: 1966 ns  Iteration: 0  Process: /tb_latency_trace/line__20  File: <REPOSITORY_ROOT>/runs/framework/latency_trace/2026.1/2026-09-22_20-52-23_UTC+0800_7e46f713/complex_multiplier/latency_54/tb_latency_trace.vhd
Note: CMPY_TRACE cycle=196 input=0000 vin='1' before=00000000 output=00000000 vout='1'
Time: 1976 ns  Iteration: 0  Process: /tb_latency_trace/line__20  File: <REPOSITORY_ROOT>/runs/framework/latency_trace/2026.1/2026-09-22_20-52-23_UTC+0800_7e46f713/complex_multiplier/latency_54/tb_latency_trace.vhd
Note: CMPY_TRACE cycle=197 input=0000 vin='1' before=00000000 output=00000000 vout='1'
Time: 1986 ns  Iteration: 0  Process: /tb_latency_trace/line__20  File: <REPOSITORY_ROOT>/runs/framework/latency_trace/2026.1/2026-09-22_20-52-23_UTC+0800_7e46f713/complex_multiplier/latency_54/tb_latency_trace.vhd
Note: CMPY_TRACE cycle=198 input=0000 vin='1' before=00000000 output=00000000 vout='1'
Time: 1996 ns  Iteration: 0  Process: /tb_latency_trace/line__20  File: <REPOSITORY_ROOT>/runs/framework/latency_trace/2026.1/2026-09-22_20-52-23_UTC+0800_7e46f713/complex_multiplier/latency_54/tb_latency_trace.vhd
Note: CMPY_TRACE cycle=199 input=0000 vin='1' before=00000000 output=00000000 vout='1'
Time: 2006 ns  Iteration: 0  Process: /tb_latency_trace/line__20  File: <REPOSITORY_ROOT>/runs/framework/latency_trace/2026.1/2026-09-22_20-52-23_UTC+0800_7e46f713/complex_multiplier/latency_54/tb_latency_trace.vhd
Note: CMPY_TRACE cycle=200 input=0000 vin='1' before=00000000 output=00000000 vout='1'
Time: 2016 ns  Iteration: 0  Process: /tb_latency_trace/line__20  File: <REPOSITORY_ROOT>/runs/framework/latency_trace/2026.1/2026-09-22_20-52-23_UTC+0800_7e46f713/complex_multiplier/latency_54/tb_latency_trace.vhd
Note: CMPY_TRACE cycle=201 input=0000 vin='1' before=00000000 output=00000000 vout='1'
Time: 2026 ns  Iteration: 0  Process: /tb_latency_trace/line__20  File: <REPOSITORY_ROOT>/runs/framework/latency_trace/2026.1/2026-09-22_20-52-23_UTC+0800_7e46f713/complex_multiplier/latency_54/tb_latency_trace.vhd
Note: CMPY_TRACE cycle=202 input=0000 vin='1' before=00000000 output=00000000 vout='1'
Time: 2036 ns  Iteration: 0  Process: /tb_latency_trace/line__20  File: <REPOSITORY_ROOT>/runs/framework/latency_trace/2026.1/2026-09-22_20-52-23_UTC+0800_7e46f713/complex_multiplier/latency_54/tb_latency_trace.vhd
Note: CMPY_TRACE cycle=203 input=0000 vin='1' before=00000000 output=00000000 vout='0'
Time: 2046 ns  Iteration: 0  Process: /tb_latency_trace/line__20  File: <REPOSITORY_ROOT>/runs/framework/latency_trace/2026.1/2026-09-22_20-52-23_UTC+0800_7e46f713/complex_multiplier/latency_54/tb_latency_trace.vhd
Note: CMPY_TRACE cycle=204 input=0000 vin='1' before=00000000 output=00000000 vout='0'
Time: 2056 ns  Iteration: 0  Process: /tb_latency_trace/line__20  File: <REPOSITORY_ROOT>/runs/framework/latency_trace/2026.1/2026-09-22_20-52-23_UTC+0800_7e46f713/complex_multiplier/latency_54/tb_latency_trace.vhd
Note: CMPY_TRACE cycle=205 input=0000 vin='1' before=00000000 output=00000000 vout='0'
Time: 2066 ns  Iteration: 0  Process: /tb_latency_trace/line__20  File: <REPOSITORY_ROOT>/runs/framework/latency_trace/2026.1/2026-09-22_20-52-23_UTC+0800_7e46f713/complex_multiplier/latency_54/tb_latency_trace.vhd
Note: CMPY_TRACE cycle=206 input=0000 vin='1' before=00000000 output=00000000 vout='1'
Time: 2076 ns  Iteration: 0  Process: /tb_latency_trace/line__20  File: <REPOSITORY_ROOT>/runs/framework/latency_trace/2026.1/2026-09-22_20-52-23_UTC+0800_7e46f713/complex_multiplier/latency_54/tb_latency_trace.vhd
Note: CMPY_TRACE cycle=207 input=0000 vin='1' before=00000000 output=00000000 vout='1'
Time: 2086 ns  Iteration: 0  Process: /tb_latency_trace/line__20  File: <REPOSITORY_ROOT>/runs/framework/latency_trace/2026.1/2026-09-22_20-52-23_UTC+0800_7e46f713/complex_multiplier/latency_54/tb_latency_trace.vhd
Note: CMPY_TRACE cycle=208 input=0000 vin='1' before=00000000 output=00000000 vout='1'
Time: 2096 ns  Iteration: 0  Process: /tb_latency_trace/line__20  File: <REPOSITORY_ROOT>/runs/framework/latency_trace/2026.1/2026-09-22_20-52-23_UTC+0800_7e46f713/complex_multiplier/latency_54/tb_latency_trace.vhd
Note: CMPY_TRACE cycle=209 input=0000 vin='1' before=00000000 output=00000000 vout='1'
Time: 2106 ns  Iteration: 0  Process: /tb_latency_trace/line__20  File: <REPOSITORY_ROOT>/runs/framework/latency_trace/2026.1/2026-09-22_20-52-23_UTC+0800_7e46f713/complex_multiplier/latency_54/tb_latency_trace.vhd
Note: CMPY_TRACE cycle=210 input=0000 vin='1' before=00000000 output=00000000 vout='1'
Time: 2116 ns  Iteration: 0  Process: /tb_latency_trace/line__20  File: <REPOSITORY_ROOT>/runs/framework/latency_trace/2026.1/2026-09-22_20-52-23_UTC+0800_7e46f713/complex_multiplier/latency_54/tb_latency_trace.vhd
Note: CMPY_TRACE cycle=211 input=0000 vin='1' before=00000000 output=00000000 vout='1'
Time: 2126 ns  Iteration: 0  Process: /tb_latency_trace/line__20  File: <REPOSITORY_ROOT>/runs/framework/latency_trace/2026.1/2026-09-22_20-52-23_UTC+0800_7e46f713/complex_multiplier/latency_54/tb_latency_trace.vhd
Note: CMPY_TRACE cycle=212 input=0000 vin='1' before=00000000 output=00000000 vout='1'
Time: 2136 ns  Iteration: 0  Process: /tb_latency_trace/line__20  File: <REPOSITORY_ROOT>/runs/framework/latency_trace/2026.1/2026-09-22_20-52-23_UTC+0800_7e46f713/complex_multiplier/latency_54/tb_latency_trace.vhd
Note: CMPY_TRACE cycle=213 input=0000 vin='1' before=00000000 output=00000000 vout='1'
Time: 2146 ns  Iteration: 0  Process: /tb_latency_trace/line__20  File: <REPOSITORY_ROOT>/runs/framework/latency_trace/2026.1/2026-09-22_20-52-23_UTC+0800_7e46f713/complex_multiplier/latency_54/tb_latency_trace.vhd
Note: CMPY_TRACE cycle=214 input=0000 vin='1' before=00000000 output=00000000 vout='1'
Time: 2156 ns  Iteration: 0  Process: /tb_latency_trace/line__20  File: <REPOSITORY_ROOT>/runs/framework/latency_trace/2026.1/2026-09-22_20-52-23_UTC+0800_7e46f713/complex_multiplier/latency_54/tb_latency_trace.vhd
Note: CMPY_TRACE cycle=215 input=0000 vin='1' before=00000000 output=00000000 vout='1'
Time: 2166 ns  Iteration: 0  Process: /tb_latency_trace/line__20  File: <REPOSITORY_ROOT>/runs/framework/latency_trace/2026.1/2026-09-22_20-52-23_UTC+0800_7e46f713/complex_multiplier/latency_54/tb_latency_trace.vhd
Note: CMPY_TRACE cycle=216 input=0000 vin='1' before=00000000 output=00000000 vout='1'
Time: 2176 ns  Iteration: 0  Process: /tb_latency_trace/line__20  File: <REPOSITORY_ROOT>/runs/framework/latency_trace/2026.1/2026-09-22_20-52-23_UTC+0800_7e46f713/complex_multiplier/latency_54/tb_latency_trace.vhd
Note: CMPY_TRACE cycle=217 input=0000 vin='1' before=00000000 output=00000000 vout='1'
Time: 2186 ns  Iteration: 0  Process: /tb_latency_trace/line__20  File: <REPOSITORY_ROOT>/runs/framework/latency_trace/2026.1/2026-09-22_20-52-23_UTC+0800_7e46f713/complex_multiplier/latency_54/tb_latency_trace.vhd
Note: CMPY_TRACE cycle=218 input=0000 vin='1' before=00000000 output=00000000 vout='1'
Time: 2196 ns  Iteration: 0  Process: /tb_latency_trace/line__20  File: <REPOSITORY_ROOT>/runs/framework/latency_trace/2026.1/2026-09-22_20-52-23_UTC+0800_7e46f713/complex_multiplier/latency_54/tb_latency_trace.vhd
Note: CMPY_TRACE cycle=219 input=0000 vin='1' before=00000000 output=00000000 vout='1'
Time: 2206 ns  Iteration: 0  Process: /tb_latency_trace/line__20  File: <REPOSITORY_ROOT>/runs/framework/latency_trace/2026.1/2026-09-22_20-52-23_UTC+0800_7e46f713/complex_multiplier/latency_54/tb_latency_trace.vhd
Note: CMPY_TRACE cycle=220 input=0000 vin='1' before=00000000 output=00000000 vout='1'
Time: 2216 ns  Iteration: 0  Process: /tb_latency_trace/line__20  File: <REPOSITORY_ROOT>/runs/framework/latency_trace/2026.1/2026-09-22_20-52-23_UTC+0800_7e46f713/complex_multiplier/latency_54/tb_latency_trace.vhd
Note: CMPY_TRACE cycle=221 input=0000 vin='1' before=00000000 output=00000000 vout='1'
Time: 2226 ns  Iteration: 0  Process: /tb_latency_trace/line__20  File: <REPOSITORY_ROOT>/runs/framework/latency_trace/2026.1/2026-09-22_20-52-23_UTC+0800_7e46f713/complex_multiplier/latency_54/tb_latency_trace.vhd
Note: CMPY_TRACE cycle=222 input=0000 vin='1' before=00000000 output=00000000 vout='1'
Time: 2236 ns  Iteration: 0  Process: /tb_latency_trace/line__20  File: <REPOSITORY_ROOT>/runs/framework/latency_trace/2026.1/2026-09-22_20-52-23_UTC+0800_7e46f713/complex_multiplier/latency_54/tb_latency_trace.vhd
Note: CMPY_TRACE cycle=223 input=0000 vin='1' before=00000000 output=00000000 vout='1'
Time: 2246 ns  Iteration: 0  Process: /tb_latency_trace/line__20  File: <REPOSITORY_ROOT>/runs/framework/latency_trace/2026.1/2026-09-22_20-52-23_UTC+0800_7e46f713/complex_multiplier/latency_54/tb_latency_trace.vhd
Note: CMPY_TRACE cycle=224 input=0000 vin='1' before=00000000 output=00000000 vout='1'
Time: 2256 ns  Iteration: 0  Process: /tb_latency_trace/line__20  File: <REPOSITORY_ROOT>/runs/framework/latency_trace/2026.1/2026-09-22_20-52-23_UTC+0800_7e46f713/complex_multiplier/latency_54/tb_latency_trace.vhd
Note: CMPY_TRACE cycle=225 input=0000 vin='1' before=00000000 output=00000000 vout='1'
Time: 2266 ns  Iteration: 0  Process: /tb_latency_trace/line__20  File: <REPOSITORY_ROOT>/runs/framework/latency_trace/2026.1/2026-09-22_20-52-23_UTC+0800_7e46f713/complex_multiplier/latency_54/tb_latency_trace.vhd
Note: CMPY_TRACE cycle=226 input=0000 vin='1' before=00000000 output=00000000 vout='1'
Time: 2276 ns  Iteration: 0  Process: /tb_latency_trace/line__20  File: <REPOSITORY_ROOT>/runs/framework/latency_trace/2026.1/2026-09-22_20-52-23_UTC+0800_7e46f713/complex_multiplier/latency_54/tb_latency_trace.vhd
Note: CMPY_TRACE cycle=227 input=0000 vin='1' before=00000000 output=00000000 vout='1'
Time: 2286 ns  Iteration: 0  Process: /tb_latency_trace/line__20  File: <REPOSITORY_ROOT>/runs/framework/latency_trace/2026.1/2026-09-22_20-52-23_UTC+0800_7e46f713/complex_multiplier/latency_54/tb_latency_trace.vhd
Note: CMPY_TRACE cycle=228 input=0000 vin='1' before=00000000 output=00000000 vout='1'
Time: 2296 ns  Iteration: 0  Process: /tb_latency_trace/line__20  File: <REPOSITORY_ROOT>/runs/framework/latency_trace/2026.1/2026-09-22_20-52-23_UTC+0800_7e46f713/complex_multiplier/latency_54/tb_latency_trace.vhd
Note: CMPY_TRACE cycle=229 input=0000 vin='1' before=00000000 output=00000000 vout='1'
Time: 2306 ns  Iteration: 0  Process: /tb_latency_trace/line__20  File: <REPOSITORY_ROOT>/runs/framework/latency_trace/2026.1/2026-09-22_20-52-23_UTC+0800_7e46f713/complex_multiplier/latency_54/tb_latency_trace.vhd
Note: CMPY_TRACE cycle=230 input=0000 vin='1' before=00000000 output=00000000 vout='1'
Time: 2316 ns  Iteration: 0  Process: /tb_latency_trace/line__20  File: <REPOSITORY_ROOT>/runs/framework/latency_trace/2026.1/2026-09-22_20-52-23_UTC+0800_7e46f713/complex_multiplier/latency_54/tb_latency_trace.vhd
Note: CMPY_TRACE cycle=231 input=0000 vin='1' before=00000000 output=00000000 vout='1'
Time: 2326 ns  Iteration: 0  Process: /tb_latency_trace/line__20  File: <REPOSITORY_ROOT>/runs/framework/latency_trace/2026.1/2026-09-22_20-52-23_UTC+0800_7e46f713/complex_multiplier/latency_54/tb_latency_trace.vhd
Note: CMPY_TRACE cycle=232 input=0000 vin='1' before=00000000 output=00000000 vout='1'
Time: 2336 ns  Iteration: 0  Process: /tb_latency_trace/line__20  File: <REPOSITORY_ROOT>/runs/framework/latency_trace/2026.1/2026-09-22_20-52-23_UTC+0800_7e46f713/complex_multiplier/latency_54/tb_latency_trace.vhd
Note: CMPY_TRACE cycle=233 input=0000 vin='1' before=00000000 output=00000000 vout='1'
Time: 2346 ns  Iteration: 0  Process: /tb_latency_trace/line__20  File: <REPOSITORY_ROOT>/runs/framework/latency_trace/2026.1/2026-09-22_20-52-23_UTC+0800_7e46f713/complex_multiplier/latency_54/tb_latency_trace.vhd
Note: CMPY_TRACE cycle=234 input=0000 vin='1' before=00000000 output=00000000 vout='1'
Time: 2356 ns  Iteration: 0  Process: /tb_latency_trace/line__20  File: <REPOSITORY_ROOT>/runs/framework/latency_trace/2026.1/2026-09-22_20-52-23_UTC+0800_7e46f713/complex_multiplier/latency_54/tb_latency_trace.vhd
Note: CMPY_TRACE cycle=235 input=0000 vin='1' before=00000000 output=00000000 vout='1'
Time: 2366 ns  Iteration: 0  Process: /tb_latency_trace/line__20  File: <REPOSITORY_ROOT>/runs/framework/latency_trace/2026.1/2026-09-22_20-52-23_UTC+0800_7e46f713/complex_multiplier/latency_54/tb_latency_trace.vhd
Note: CMPY_TRACE cycle=236 input=0000 vin='1' before=00000000 output=00000000 vout='1'
Time: 2376 ns  Iteration: 0  Process: /tb_latency_trace/line__20  File: <REPOSITORY_ROOT>/runs/framework/latency_trace/2026.1/2026-09-22_20-52-23_UTC+0800_7e46f713/complex_multiplier/latency_54/tb_latency_trace.vhd
Note: CMPY_TRACE cycle=237 input=0000 vin='1' before=00000000 output=00000000 vout='1'
Time: 2386 ns  Iteration: 0  Process: /tb_latency_trace/line__20  File: <REPOSITORY_ROOT>/runs/framework/latency_trace/2026.1/2026-09-22_20-52-23_UTC+0800_7e46f713/complex_multiplier/latency_54/tb_latency_trace.vhd
Note: CMPY_TRACE cycle=238 input=0000 vin='1' before=00000000 output=00000000 vout='1'
Time: 2396 ns  Iteration: 0  Process: /tb_latency_trace/line__20  File: <REPOSITORY_ROOT>/runs/framework/latency_trace/2026.1/2026-09-22_20-52-23_UTC+0800_7e46f713/complex_multiplier/latency_54/tb_latency_trace.vhd
Note: CMPY_TRACE cycle=239 input=0000 vin='1' before=00000000 output=00000000 vout='1'
Time: 2406 ns  Iteration: 0  Process: /tb_latency_trace/line__20  File: <REPOSITORY_ROOT>/runs/framework/latency_trace/2026.1/2026-09-22_20-52-23_UTC+0800_7e46f713/complex_multiplier/latency_54/tb_latency_trace.vhd
Note: CMPY_TRACE: COMPLETE
Time: 2406 ns  Iteration: 0  Process: /tb_latency_trace/line__20  File: <REPOSITORY_ROOT>/runs/framework/latency_trace/2026.1/2026-09-22_20-52-23_UTC+0800_7e46f713/complex_multiplier/latency_54/tb_latency_trace.vhd
$stop called at time : 2406 ns : File "<REPOSITORY_ROOT>/runs/framework/latency_trace/2026.1/2026-09-22_20-52-23_UTC+0800_7e46f713/complex_multiplier/latency_54/tb_latency_trace.vhd" Line 47
## quit
INFO: xsimkernel Simulation Memory Usage: 304988 KB (Peak: 354320 KB), Simulation CPU Usage: 770 ms
INFO: [Common 17-206] Exiting xsim at Tue Sep 22 20:54:03 2026...
# cd $old_dir
# set simulate_text ""
# if {[file exists $simulate_log] && [file size $simulate_log] > 0} {
#     set fh [open $simulate_log r]
#     set simulate_text [read $fh]
#     close $fh
# }
# set combined_text "$sim_msg\n$simulate_text"
# set has_success [expr {[string first $success_marker $combined_text] >= 0}]
# set has_failure 0
# foreach marker $failure_markers {
#     if {$marker ne "" && [string first $marker $combined_text] >= 0} {
#         set has_failure 1
#         break
#     }
# }
# if {$has_success && !$has_failure} {
#     puts "XSim simulation completed successfully."
#     puts $stage_pass
#     exit 0
# }
XSim simulation completed successfully.
XSIM_STAGE_STATUS: PASS
INFO: [Common 17-206] Exiting Vivado at Tue Sep 22 20:54:03 2026...
