INFO: [Common 17-3922] A valid Vivado Design Suite BASIC license has been detected. Your current license is active and will expire on 18-sep-2027.

****** Vivado v2026.1 (64-bit)
  **** SW Build 6511674 on Tue Jun 16 11:01:26 MDT 2026
  **** IP Build 6504888 on Tue Jun 09 09:05:25 MDT 2026
  **** SharedData Build 6501428 on Mon Jun 08 17:34:18 MDT 2026
  **** Start of session at: Tue Sep 22 12:13:30 2026
    ** Copyright 1986-2022 Xilinx, Inc. All Rights Reserved.
    ** Copyright 2022-2026 Advanced Micro Devices, Inc. All Rights Reserved.

source <REPOSITORY_ROOT>/tcl/run_xsim_batch.tcl
# set project_path [lindex $argv 0]
# set testbench_path [lindex $argv 1]
# set top_name [lindex $argv 2]
# set success_marker [lindex $argv 3]
# set failure_markers [lrange $argv 4 end]
# set stage_pass "XSIM_STAGE_STATUS: PA"
# append stage_pass "SS"
# set stage_fail "XSIM_STAGE_STATUS: FA"
# append stage_fail "IL"
# proc fail_stage {message marker} {
#     puts "ERROR: $message"
#     puts $marker
#     exit 1
# }
# if {$project_path eq "" || $testbench_path eq "" ||
#     $top_name eq "" || $success_marker eq ""} {
#     fail_stage "缺少 XSim 仿真参数。" $stage_fail
# }
# if {![file exists $project_path]} {
#     fail_stage "Vivado 工程不存在：$project_path" $stage_fail
# }
# if {![file exists $testbench_path]} {
#     fail_stage "testbench 不存在：$testbench_path" $stage_fail
# }
# if {[info exists env(LIBRARY_PATH)]} {
#     unset env(LIBRARY_PATH)
# }
# open_project $project_path
Scanning sources...
Finished scanning sources
WARNING: [Project 1-5713] Board part '' set for the project  is not found. BoardPart property will be unset. Please select board from latest repo build 
INFO: [IP_Flow 19-234] Refreshing IP repositories
INFO: [IP_Flow 19-1704] No user IP repositories specified
INFO: [IP_Flow 19-2313] Loaded Vivado IP repository '<VIVADO_2026.1>/data/ip'.
# set_property target_simulator XSim [current_project]
# set simset [get_filesets sim_1]
# if {[llength [get_files -quiet $testbench_path]] == 0} {
#     add_files -fileset $simset -norecurse $testbench_path
# }
# set extension [string tolower [file extension $testbench_path]]
# if {$extension eq ".vhd" || $extension eq ".vhdl"} {
#     set_property file_type {VHDL 2008} [get_files $testbench_path]
# }
# set_property top $top_name $simset
# set_property top_lib xil_defaultlib $simset
# update_compile_order -fileset $simset
# set project_dir [file dirname $project_path]
# set project_name [file rootname [file tail $project_path]]
# set sim_dir "$project_dir/${project_name}.sim/sim_1/behav/xsim"
# if {[file isdirectory $sim_dir]} {
#     file delete -force $sim_dir
# }
Command: launch_simulation  -simset sim_1 -mode behavioral -scripts_only
INFO: [Vivado 12-25912] Generating simulation scripts for 'XSim' simulator
INFO: [Project 1-5737] Running on host dpc-Precision-3660 (64) - Ubuntu 22.04.5 LTS
INFO: [Vivado 12-28535] Process started - Tue Sep 22 12:13:36 2026

INFO: [Vivado 12-12493] Simulation top is 'tb_mailbox_axis_selfcheck'
INFO: [Vivado 12-5698] Checking validity of IPs in the design for the 'XSim' simulator...
INFO: [Vivado 12-5680] Creating behavioral simulation scripts in '<REPOSITORY_ROOT>/runs/batches/2026.1/2026-09-22_12-13-24_UTC+0800_e52ddfa9/mailbox/mailbox_axis_d16_distributed/proj/ip_test.sim/sim_1/behav/xsim'
INFO: [Vivado 12-13660] Precompiled IP simulation library mode is enabled (default). The design IP libraries will be referenced from the compiled library path. Please note that if the precompiled version of the library is not found from the path or the IP is in locked state, then the library source files for these IPs will be compiled locally as part of the compile order.
INFO: [Vivado 12-4795] Using compiled simulation libraries for IPs
INFO: [SIM-utils-51] Simulation object is 'sim_1'
INFO: [SIM-utils-72] Using boost library from '<VIVADO_2026.1>/tps/boost_1_72_0'
INFO: [USF-XSim-7] Finding pre-compiled libraries...
INFO: [USF-XSim-11] File '<VIVADO_2026.1>/data/xsim/xsim.ini' copied to run dir:'<REPOSITORY_ROOT>/runs/batches/2026.1/2026-09-22_12-13-24_UTC+0800_e52ddfa9/mailbox/mailbox_axis_d16_distributed/proj/ip_test.sim/sim_1/behav/xsim'
INFO: [SIM-utils-54] Inspecting design source files for 'tb_mailbox_axis_selfcheck' in fileset 'sim_1'...
INFO: [USF-XSim-97] Finding global include files...
INFO: [USF-XSim-98] Fetching design files from 'sim_1'...
INFO: [USF-XSim-2] XSim::Compile design
INFO: [USF-XSim-60] Script generated:<REPOSITORY_ROOT>/runs/batches/2026.1/2026-09-22_12-13-24_UTC+0800_e52ddfa9/mailbox/mailbox_axis_d16_distributed/proj/ip_test.sim/sim_1/behav/xsim/compile.sh
INFO: [USF-XSim-3] XSim::Elaborate design
INFO: [USF-XSim-60] Script generated:<REPOSITORY_ROOT>/runs/batches/2026.1/2026-09-22_12-13-24_UTC+0800_e52ddfa9/mailbox/mailbox_axis_d16_distributed/proj/ip_test.sim/sim_1/behav/xsim/elaborate.sh
INFO: [USF-XSim-4] XSim::Simulate design
INFO: [USF-XSim-60] Script generated:<REPOSITORY_ROOT>/runs/batches/2026.1/2026-09-22_12-13-24_UTC+0800_e52ddfa9/mailbox/mailbox_axis_d16_distributed/proj/ip_test.sim/sim_1/behav/xsim/simulate.sh
# set script_status [catch {
#     launch_simulation -simset sim_1 -mode behavioral -scripts_only
# } script_msg]
# if {$script_msg ne ""} {
#     puts $script_msg
# }
# if {$script_status != 0} {
#     fail_stage "launch_simulation -scripts_only 执行失败。" $stage_fail
# }
# if {![file isdirectory $sim_dir]} {
#     fail_stage "未生成 XSim 仿真目录：$sim_dir" $stage_fail
# }
# set old_dir [pwd]
# cd $sim_dir
# set compile_status [catch {exec bash compile.sh 2>@1} compile_msg]
# puts $compile_msg
xvhdl --incr --relax -prj tb_mailbox_axis_selfcheck_vhdl.prj
INFO: [VRFC 10-163] Analyzing VHDL file "<REPOSITORY_ROOT>/runs/batches/2026.1/2026-09-22_12-13-24_UTC+0800_e52ddfa9/mailbox/mailbox_axis_d16_distributed/proj/ip_test.gen/sources_1/ip/dut_0/sim/dut_0.vhd" into library xil_defaultlib
INFO: [VRFC 10-3107] analyzing entity 'dut_0'
INFO: [VRFC 10-163] Analyzing VHDL file "<REPOSITORY_ROOT>/runs/batches/2026.1/2026-09-22_12-13-24_UTC+0800_e52ddfa9/mailbox/mailbox_axis_d16_distributed/tb/tb_mailbox_axis_selfcheck.vhd" into library xil_defaultlib
INFO: [VRFC 10-3107] analyzing entity 'tb_mailbox_axis_selfcheck'
Waiting for jobs to finish...
No pending jobs, compilation finished.
# if {$compile_status != 0} {
#     cd $old_dir
#     fail_stage "XSim 编译失败。" $stage_fail
# }
# set elaborate_status [catch {exec bash elaborate.sh 2>@1} elaborate_msg]
# puts $elaborate_msg
xelab --incr --debug typical --relax --mt 8 -L xil_defaultlib -L axi_lite_ipif_v3_1_0 -L mailbox_v2_1_21 -L secureip -L xpm --snapshot tb_mailbox_axis_selfcheck_behav xil_defaultlib.tb_mailbox_axis_selfcheck -log elaborate.log
Vivado Simulator v2026.1
Copyright 1986-2022 Xilinx, Inc. All Rights Reserved.
Copyright 2022-2026 Advanced Micro Devices, Inc. All Rights Reserved.
Running: <VIVADO_2026.1>/Vivado/bin/unwrapped/lnx64.o/xelab --incr --debug typical --relax --mt 8 -L xil_defaultlib -L axi_lite_ipif_v3_1_0 -L mailbox_v2_1_21 -L secureip -L xpm --snapshot tb_mailbox_axis_selfcheck_behav xil_defaultlib.tb_mailbox_axis_selfcheck -log elaborate.log 
INFO: [XSIM 43-3493] Using 8 slave threads.
WARNING: [XSIM 43-3431] One or more environment variables have been detected which affect the operation of the C compiler. These are typically not set in standard installations and are not tested by AMD, however they may be appropriate for your system, so the flow will attempt to continue.  If errors occur, try running xelab with the "-mt off -v 1" switches to see more information from the C compiler. The following environment variables have been detected:
    LIBRARY_PATH
Starting static elaboration
Completed static elaboration
Starting simulation data flow analysis
Completed simulation data flow analysis
Time Resolution for simulation is 1ps
Compiling package std.standard
Compiling package std.textio
Compiling package ieee.std_logic_1164
Compiling package ieee.numeric_std
Compiling package std.env
Compiling package unisim.vcomponents
Compiling package ieee.vital_timing
Compiling package ieee.vital_primitives
Compiling package unisim.vpkg
Compiling architecture muxcy_v of entity unisim.MUXCY [muxcy_default]
Compiling architecture muxcy_l_v of entity unisim.MUXCY_L [muxcy_l_default]
Compiling architecture xorcy_v of entity unisim.XORCY [xorcy_default]
Compiling architecture srl16e_v of entity unisim.SRL16E [\SRL16E(0,15)\]
Compiling architecture fdre_v of entity unisim.FDRE [fdre_default]
Compiling architecture imp of entity mailbox_v2_1_21.SRL_FIFO [\SRL_FIFO(c_data_bits=32)\]
Compiling architecture vhdl_rtl of entity mailbox_v2_1_21.Sync_FIFO [\Sync_FIFO(wordsize=32)\]
Compiling architecture imp of entity mailbox_v2_1_21.fsl_v20 [fsl_v20_default]
Compiling architecture imp of entity mailbox_v2_1_21.mailbox [\mailbox(c_family="artix7",c_int...]
Compiling architecture dut_0_arch of entity xil_defaultlib.dut_0 [dut_0_default]
Compiling architecture sim of entity xil_defaultlib.tb_mailbox_axis_selfcheck
Built simulation snapshot tb_mailbox_axis_selfcheck_behav
# if {$elaborate_status != 0} {
#     cd $old_dir
#     fail_stage "XSim elaboration 失败。" $stage_fail
# }
# set batch_tcl "$sim_dir/run_batch.tcl"
# set simulate_log "$sim_dir/simulate.log"
# set fh [open $batch_tcl w]
# puts $fh "run all"
# puts $fh "quit"
# close $fh
# set snapshot "${top_name}_behav"
# set simulation_key "Behavioral:sim_1:Functional:$top_name"
# set sim_command [list xsim $snapshot \
#     -key $simulation_key \
#     -tclbatch $batch_tcl \
#     -log simulate.log]
# set sim_status [catch {exec {*}$sim_command 2>@1} sim_msg]
# puts $sim_msg

****** xsim v2026.1 (64-bit)
  **** SW Build 6511674 on Tue Jun 16 11:01:26 MDT 2026
  **** IP Build 6504888 on Tue Jun 09 09:05:25 MDT 2026
  **** SharedData Build 6501428 on Mon Jun 08 17:34:18 MDT 2026
  **** Start of session at: Tue Sep 22 12:13:42 2026
    ** Copyright 1986-2022 Xilinx, Inc. All Rights Reserved.
    ** Copyright 2022-2026 Advanced Micro Devices, Inc. All Rights Reserved.

source xsim.dir/tb_mailbox_axis_selfcheck_behav/xsim_script.tcl
# xsim {tb_mailbox_axis_selfcheck_behav} -autoloadwcfg -tclbatch {<REPOSITORY_ROOT>/runs/batches/2026.1/2026-09-22_12-13-24_UTC+0800_e52ddfa9/mailbox/mailbox_axis_d16_distributed/proj/ip_test.sim/sim_1/behav/xsim/run_batch.tcl} -key Behavioral:sim_1:Functional:tb_mailbox_axis_selfcheck
Time resolution is 1 ps
source <REPOSITORY_ROOT>/runs/batches/2026.1/2026-09-22_12-13-24_UTC+0800_e52ddfa9/mailbox/mailbox_axis_d16_distributed/proj/ip_test.sim/sim_1/behav/xsim/run_batch.tcl
## run all
Error: MAILBOX_AXIS_TLAST_MISMATCH actual='0' expected='1'
Time: 525 ns  Iteration: 0  Process: /tb_mailbox_axis_selfcheck/stimulus  File: <REPOSITORY_ROOT>/runs/batches/2026.1/2026-09-22_12-13-24_UTC+0800_e52ddfa9/mailbox/mailbox_axis_d16_distributed/tb/tb_mailbox_axis_selfcheck.vhd
Error: MAILBOX_AXIS_TLAST_MISMATCH actual='0' expected='1'
Time: 625 ns  Iteration: 0  Process: /tb_mailbox_axis_selfcheck/stimulus  File: <REPOSITORY_ROOT>/runs/batches/2026.1/2026-09-22_12-13-24_UTC+0800_e52ddfa9/mailbox/mailbox_axis_d16_distributed/tb/tb_mailbox_axis_selfcheck.vhd
Error: MAILBOX_AXIS_TLAST_MISMATCH actual='0' expected='1'
Time: 825 ns  Iteration: 0  Process: /tb_mailbox_axis_selfcheck/stimulus  File: <REPOSITORY_ROOT>/runs/batches/2026.1/2026-09-22_12-13-24_UTC+0800_e52ddfa9/mailbox/mailbox_axis_d16_distributed/tb/tb_mailbox_axis_selfcheck.vhd
Error: MAILBOX_AXIS_TLAST_MISMATCH actual='0' expected='1'
Time: 975 ns  Iteration: 0  Process: /tb_mailbox_axis_selfcheck/stimulus  File: <REPOSITORY_ROOT>/runs/batches/2026.1/2026-09-22_12-13-24_UTC+0800_e52ddfa9/mailbox/mailbox_axis_d16_distributed/tb/tb_mailbox_axis_selfcheck.vhd
Error: MAILBOX_AXIS_TLAST_MISMATCH actual='0' expected='1'
Time: 2155 ns  Iteration: 0  Process: /tb_mailbox_axis_selfcheck/stimulus  File: <REPOSITORY_ROOT>/runs/batches/2026.1/2026-09-22_12-13-24_UTC+0800_e52ddfa9/mailbox/mailbox_axis_d16_distributed/tb/tb_mailbox_axis_selfcheck.vhd
Error: MAILBOX_AXIS_TLAST_MISMATCH on M0 concurrent transfer
Time: 2235 ns  Iteration: 0  Process: /tb_mailbox_axis_selfcheck/stimulus  File: <REPOSITORY_ROOT>/runs/batches/2026.1/2026-09-22_12-13-24_UTC+0800_e52ddfa9/mailbox/mailbox_axis_d16_distributed/tb/tb_mailbox_axis_selfcheck.vhd
Error: MAILBOX_AXIS_TLAST_MISMATCH on M1 concurrent transfer
Time: 2255 ns  Iteration: 0  Process: /tb_mailbox_axis_selfcheck/stimulus  File: <REPOSITORY_ROOT>/runs/batches/2026.1/2026-09-22_12-13-24_UTC+0800_e52ddfa9/mailbox/mailbox_axis_d16_distributed/tb/tb_mailbox_axis_selfcheck.vhd
Error: MAILBOX_AXIS_TLAST_MISMATCH on M0 concurrent transfer
Time: 2285 ns  Iteration: 0  Process: /tb_mailbox_axis_selfcheck/stimulus  File: <REPOSITORY_ROOT>/runs/batches/2026.1/2026-09-22_12-13-24_UTC+0800_e52ddfa9/mailbox/mailbox_axis_d16_distributed/tb/tb_mailbox_axis_selfcheck.vhd
Error: MAILBOX_AXIS_TLAST_MISMATCH on M1 concurrent transfer
Time: 2325 ns  Iteration: 0  Process: /tb_mailbox_axis_selfcheck/stimulus  File: <REPOSITORY_ROOT>/runs/batches/2026.1/2026-09-22_12-13-24_UTC+0800_e52ddfa9/mailbox/mailbox_axis_d16_distributed/tb/tb_mailbox_axis_selfcheck.vhd
Error: MAILBOX_AXIS_TLAST_MISMATCH on M0 concurrent transfer
Time: 2335 ns  Iteration: 0  Process: /tb_mailbox_axis_selfcheck/stimulus  File: <REPOSITORY_ROOT>/runs/batches/2026.1/2026-09-22_12-13-24_UTC+0800_e52ddfa9/mailbox/mailbox_axis_d16_distributed/tb/tb_mailbox_axis_selfcheck.vhd
Error: MAILBOX_AXIS_TLAST_MISMATCH on M0 concurrent transfer
Time: 2385 ns  Iteration: 0  Process: /tb_mailbox_axis_selfcheck/stimulus  File: <REPOSITORY_ROOT>/runs/batches/2026.1/2026-09-22_12-13-24_UTC+0800_e52ddfa9/mailbox/mailbox_axis_d16_distributed/tb/tb_mailbox_axis_selfcheck.vhd
Error: MAILBOX_AXIS_TLAST_MISMATCH on M1 concurrent transfer
Time: 2395 ns  Iteration: 0  Process: /tb_mailbox_axis_selfcheck/stimulus  File: <REPOSITORY_ROOT>/runs/batches/2026.1/2026-09-22_12-13-24_UTC+0800_e52ddfa9/mailbox/mailbox_axis_d16_distributed/tb/tb_mailbox_axis_selfcheck.vhd
Note: MAILBOX_AXIS_SELF_CHECK_STATUS: FAIL TLAST was not preserved
Time: 2745 ns  Iteration: 0  Process: /tb_mailbox_axis_selfcheck/stimulus  File: <REPOSITORY_ROOT>/runs/batches/2026.1/2026-09-22_12-13-24_UTC+0800_e52ddfa9/mailbox/mailbox_axis_d16_distributed/tb/tb_mailbox_axis_selfcheck.vhd
$finish called at time : 2745 ns : File "<REPOSITORY_ROOT>/runs/batches/2026.1/2026-09-22_12-13-24_UTC+0800_e52ddfa9/mailbox/mailbox_axis_d16_distributed/tb/tb_mailbox_axis_selfcheck.vhd" Line 219
## quit
INFO: xsimkernel Simulation Memory Usage: 299740 KB (Peak: 349072 KB), Simulation CPU Usage: 710 ms
INFO: [Common 17-206] Exiting xsim at Tue Sep 22 12:13:44 2026...
# cd $old_dir
# set simulate_text ""
# if {[file exists $simulate_log] && [file size $simulate_log] > 0} {
#     set fh [open $simulate_log r]
#     set simulate_text [read $fh]
#     close $fh
# }
# set combined_text "$sim_msg\n$simulate_text"
# set has_success [expr {[string first $success_marker $combined_text] >= 0}]
# set has_failure 0
# foreach marker $failure_markers {
#     if {$marker ne "" && [string first $marker $combined_text] >= 0} {
#         set has_failure 1
#         break
#     }
# }
# if {$has_success && !$has_failure} {
#     puts "XSim simulation completed successfully."
#     puts $stage_pass
#     exit 0
# }
# puts "ERROR: XSim 仿真未报告干净的成功结果。"
ERROR: XSim 仿真未报告干净的成功结果。
# puts "XSim catch status: $sim_status"
XSim catch status: 0
# puts $stage_fail
XSIM_STAGE_STATUS: FAIL
# exit 1
INFO: [Common 17-206] Exiting Vivado at Tue Sep 22 12:13:44 2026...
