INFO: [Common 17-3922] A valid Vivado Design Suite BASIC license has been detected. Your current license is active and will expire on 18-sep-2027.

****** Vivado v2026.1 (64-bit)
  **** SW Build 6511674 on Tue Jun 16 11:01:26 MDT 2026
  **** IP Build 6504888 on Tue Jun 09 09:05:25 MDT 2026
  **** SharedData Build 6501428 on Mon Jun 08 17:34:18 MDT 2026
  **** Start of session at: Tue Sep 22 12:14:32 2026
    ** Copyright 1986-2022 Xilinx, Inc. All Rights Reserved.
    ** Copyright 2022-2026 Advanced Micro Devices, Inc. All Rights Reserved.

source <REPOSITORY_ROOT>/tcl/run_xsim_batch.tcl
# set project_path [lindex $argv 0]
# set testbench_path [lindex $argv 1]
# set top_name [lindex $argv 2]
# set success_marker [lindex $argv 3]
# set failure_markers [lrange $argv 4 end]
# set stage_pass "XSIM_STAGE_STATUS: PA"
# append stage_pass "SS"
# set stage_fail "XSIM_STAGE_STATUS: FA"
# append stage_fail "IL"
# proc fail_stage {message marker} {
#     puts "ERROR: $message"
#     puts $marker
#     exit 1
# }
# if {$project_path eq "" || $testbench_path eq "" ||
#     $top_name eq "" || $success_marker eq ""} {
#     fail_stage "缺少 XSim 仿真参数。" $stage_fail
# }
# if {![file exists $project_path]} {
#     fail_stage "Vivado 工程不存在：$project_path" $stage_fail
# }
# if {![file exists $testbench_path]} {
#     fail_stage "testbench 不存在：$testbench_path" $stage_fail
# }
# if {[info exists env(LIBRARY_PATH)]} {
#     unset env(LIBRARY_PATH)
# }
# open_project $project_path
Scanning sources...
Finished scanning sources
WARNING: [Project 1-5713] Board part '' set for the project  is not found. BoardPart property will be unset. Please select board from latest repo build 
INFO: [IP_Flow 19-234] Refreshing IP repositories
INFO: [IP_Flow 19-1704] No user IP repositories specified
INFO: [IP_Flow 19-2313] Loaded Vivado IP repository '<VIVADO_2026.1>/data/ip'.
# set_property target_simulator XSim [current_project]
# set simset [get_filesets sim_1]
# if {[llength [get_files -quiet $testbench_path]] == 0} {
#     add_files -fileset $simset -norecurse $testbench_path
# }
# set extension [string tolower [file extension $testbench_path]]
# if {$extension eq ".vhd" || $extension eq ".vhdl"} {
#     set_property file_type {VHDL 2008} [get_files $testbench_path]
# }
# set_property top $top_name $simset
# set_property top_lib xil_defaultlib $simset
# update_compile_order -fileset $simset
# set project_dir [file dirname $project_path]
# set project_name [file rootname [file tail $project_path]]
# set sim_dir "$project_dir/${project_name}.sim/sim_1/behav/xsim"
# if {[file isdirectory $sim_dir]} {
#     file delete -force $sim_dir
# }
Command: launch_simulation  -simset sim_1 -mode behavioral -scripts_only
INFO: [Vivado 12-25912] Generating simulation scripts for 'XSim' simulator
INFO: [Project 1-5737] Running on host dpc-Precision-3660 (64) - Ubuntu 22.04.5 LTS
INFO: [Vivado 12-28535] Process started - Tue Sep 22 12:14:38 2026

INFO: [Vivado 12-12493] Simulation top is 'tb_register_probe'
INFO: [Vivado 12-5698] Checking validity of IPs in the design for the 'XSim' simulator...
INFO: [Vivado 12-5680] Creating behavioral simulation scripts in '<REPOSITORY_ROOT>/runs/framework/register_probe/2026-09-22_12-14-26_UTC+0800_00f9d856/axi_gpio/proj/ip_test.sim/sim_1/behav/xsim'
INFO: [Vivado 12-13660] Precompiled IP simulation library mode is enabled (default). The design IP libraries will be referenced from the compiled library path. Please note that if the precompiled version of the library is not found from the path or the IP is in locked state, then the library source files for these IPs will be compiled locally as part of the compile order.
INFO: [Vivado 12-4795] Using compiled simulation libraries for IPs
INFO: [SIM-utils-51] Simulation object is 'sim_1'
INFO: [SIM-utils-72] Using boost library from '<VIVADO_2026.1>/tps/boost_1_72_0'
INFO: [USF-XSim-7] Finding pre-compiled libraries...
INFO: [USF-XSim-11] File '<VIVADO_2026.1>/data/xsim/xsim.ini' copied to run dir:'<REPOSITORY_ROOT>/runs/framework/register_probe/2026-09-22_12-14-26_UTC+0800_00f9d856/axi_gpio/proj/ip_test.sim/sim_1/behav/xsim'
INFO: [SIM-utils-54] Inspecting design source files for 'tb_register_probe' in fileset 'sim_1'...
INFO: [USF-XSim-97] Finding global include files...
INFO: [USF-XSim-98] Fetching design files from 'sim_1'...
INFO: [USF-XSim-2] XSim::Compile design
INFO: [USF-XSim-60] Script generated:<REPOSITORY_ROOT>/runs/framework/register_probe/2026-09-22_12-14-26_UTC+0800_00f9d856/axi_gpio/proj/ip_test.sim/sim_1/behav/xsim/compile.sh
INFO: [USF-XSim-3] XSim::Elaborate design
INFO: [USF-XSim-60] Script generated:<REPOSITORY_ROOT>/runs/framework/register_probe/2026-09-22_12-14-26_UTC+0800_00f9d856/axi_gpio/proj/ip_test.sim/sim_1/behav/xsim/elaborate.sh
INFO: [USF-XSim-4] XSim::Simulate design
INFO: [USF-XSim-60] Script generated:<REPOSITORY_ROOT>/runs/framework/register_probe/2026-09-22_12-14-26_UTC+0800_00f9d856/axi_gpio/proj/ip_test.sim/sim_1/behav/xsim/simulate.sh
# set script_status [catch {
#     launch_simulation -simset sim_1 -mode behavioral -scripts_only
# } script_msg]
# if {$script_msg ne ""} {
#     puts $script_msg
# }
# if {$script_status != 0} {
#     fail_stage "launch_simulation -scripts_only 执行失败。" $stage_fail
# }
# if {![file isdirectory $sim_dir]} {
#     fail_stage "未生成 XSim 仿真目录：$sim_dir" $stage_fail
# }
# set old_dir [pwd]
# cd $sim_dir
# set compile_status [catch {exec bash compile.sh 2>@1} compile_msg]
# puts $compile_msg
xvlog --incr --relax -prj tb_register_probe_vlog.prj
INFO: [VRFC 10-2263] Analyzing Verilog file "<REPOSITORY_ROOT>/runs/framework/register_probe/2026-09-22_12-14-26_UTC+0800_00f9d856/axi_gpio/proj/ip_test.sim/sim_1/behav/xsim/glbl.v" into library xil_defaultlib
INFO: [VRFC 10-311] analyzing module glbl
xvhdl --incr --relax -prj tb_register_probe_vhdl.prj
INFO: [VRFC 10-163] Analyzing VHDL file "<REPOSITORY_ROOT>/runs/framework/register_probe/2026-09-22_12-14-26_UTC+0800_00f9d856/axi_gpio/proj/ip_test.gen/sources_1/ip/dut_0/sim/dut_0.vhd" into library xil_defaultlib
INFO: [VRFC 10-3107] analyzing entity 'dut_0'
INFO: [VRFC 10-163] Analyzing VHDL file "<REPOSITORY_ROOT>/tests/fixtures/ip/axi_gpio/tb_register_probe.vhd" into library xil_defaultlib
INFO: [VRFC 10-3107] analyzing entity 'tb_register_probe'
Waiting for jobs to finish...
No pending jobs, compilation finished.
# if {$compile_status != 0} {
#     cd $old_dir
#     fail_stage "XSim 编译失败。" $stage_fail
# }
# set elaborate_status [catch {exec bash elaborate.sh 2>@1} elaborate_msg]
# puts $elaborate_msg
xelab --incr --debug typical --relax --mt 8 -L xil_defaultlib -L axi_lite_ipif_v3_1_0 -L interrupt_control_v3_2_0 -L axi_gpio_v2_0_38 -L unisims_ver -L unimacro_ver -L secureip -L xpm --snapshot tb_register_probe_behav xil_defaultlib.tb_register_probe xil_defaultlib.glbl -log elaborate.log
Vivado Simulator v2026.1
Copyright 1986-2022 Xilinx, Inc. All Rights Reserved.
Copyright 2022-2026 Advanced Micro Devices, Inc. All Rights Reserved.
Running: <VIVADO_2026.1>/Vivado/bin/unwrapped/lnx64.o/xelab --incr --debug typical --relax --mt 8 -L xil_defaultlib -L axi_lite_ipif_v3_1_0 -L interrupt_control_v3_2_0 -L axi_gpio_v2_0_38 -L unisims_ver -L unimacro_ver -L secureip -L xpm --snapshot tb_register_probe_behav xil_defaultlib.tb_register_probe xil_defaultlib.glbl -log elaborate.log 
INFO: [XSIM 43-3493] Using 8 slave threads.
WARNING: [XSIM 43-3431] One or more environment variables have been detected which affect the operation of the C compiler. These are typically not set in standard installations and are not tested by AMD, however they may be appropriate for your system, so the flow will attempt to continue.  If errors occur, try running xelab with the "-mt off -v 1" switches to see more information from the C compiler. The following environment variables have been detected:
    LIBRARY_PATH
Starting static elaboration
Pass Through NonSizing Optimizer
Completed static elaboration
Starting simulation data flow analysis
Completed simulation data flow analysis
Time Resolution for simulation is 1ps
Compiling package std.standard
Compiling package std.textio
Compiling package ieee.std_logic_1164
Compiling package ieee.numeric_std
Compiling package std.env
Compiling package ieee.std_logic_arith
Compiling package ieee.std_logic_unsigned
Compiling package synopsys.attributes
Compiling package ieee.std_logic_misc
Compiling package axi_lite_ipif_v3_1_0.ipif_pkg
Compiling package xpm.vcomponents
Compiling package vl.vl_types
Compiling module xil_defaultlib.glbl
Compiling architecture imp of entity axi_lite_ipif_v3_1_0.pselect_f [\pselect_f(c_ab=2,c_aw=2,c_bar="...]
Compiling architecture imp of entity axi_lite_ipif_v3_1_0.pselect_f [\pselect_f(c_ab=2,c_aw=2,c_bar="...]
Compiling architecture imp of entity axi_lite_ipif_v3_1_0.pselect_f [\pselect_f(c_ab=2,c_aw=2,c_bar="...]
Compiling architecture imp of entity axi_lite_ipif_v3_1_0.pselect_f [\pselect_f(c_ab=2,c_aw=2,c_bar="...]
Compiling architecture imp of entity axi_lite_ipif_v3_1_0.address_decoder [\address_decoder(c_bus_awidth=9,...]
Compiling architecture imp of entity axi_lite_ipif_v3_1_0.slave_attachment [\slave_attachment(c_ard_addr_ran...]
Compiling architecture imp of entity axi_lite_ipif_v3_1_0.axi_lite_ipif [\axi_lite_ipif(c_s_axi_addr_widt...]
Compiling module xpm.xpm_cdc_array_single(DEST_SYNC_F...
Compiling architecture imp of entity axi_gpio_v2_0_38.GPIO_Core [\GPIO_Core(c_aw=9,c_gpio_width=8...]
Compiling architecture imp of entity axi_gpio_v2_0_38.axi_gpio [\axi_gpio(c_family="artix7",c_gp...]
Compiling architecture dut_0_arch of entity xil_defaultlib.dut_0 [dut_0_default]
Compiling architecture sim of entity xil_defaultlib.tb_register_probe
Built simulation snapshot tb_register_probe_behav
# if {$elaborate_status != 0} {
#     cd $old_dir
#     fail_stage "XSim elaboration 失败。" $stage_fail
# }
# set batch_tcl "$sim_dir/run_batch.tcl"
# set simulate_log "$sim_dir/simulate.log"
# set fh [open $batch_tcl w]
# puts $fh "run all"
# puts $fh "quit"
# close $fh
# set snapshot "${top_name}_behav"
# set simulation_key "Behavioral:sim_1:Functional:$top_name"
# set sim_command [list xsim $snapshot \
#     -key $simulation_key \
#     -tclbatch $batch_tcl \
#     -log simulate.log]
# set sim_status [catch {exec {*}$sim_command 2>@1} sim_msg]
# puts $sim_msg

****** xsim v2026.1 (64-bit)
  **** SW Build 6511674 on Tue Jun 16 11:01:26 MDT 2026
  **** IP Build 6504888 on Tue Jun 09 09:05:25 MDT 2026
  **** SharedData Build 6501428 on Mon Jun 08 17:34:18 MDT 2026
  **** Start of session at: Tue Sep 22 12:14:44 2026
    ** Copyright 1986-2022 Xilinx, Inc. All Rights Reserved.
    ** Copyright 2022-2026 Advanced Micro Devices, Inc. All Rights Reserved.

source xsim.dir/tb_register_probe_behav/xsim_script.tcl
# xsim {tb_register_probe_behav} -autoloadwcfg -tclbatch {<REPOSITORY_ROOT>/runs/framework/register_probe/2026-09-22_12-14-26_UTC+0800_00f9d856/axi_gpio/proj/ip_test.sim/sim_1/behav/xsim/run_batch.tcl} -key Behavioral:sim_1:Functional:tb_register_probe
Time resolution is 1 ps
source <REPOSITORY_ROOT>/runs/framework/register_probe/2026-09-22_12-14-26_UTC+0800_00f9d856/axi_gpio/proj/ip_test.sim/sim_1/behav/xsim/run_batch.tcl
## run all
Note: GPIO_REGISTER_OBSERVATION initial_tri=000000FF pins=00 tri=FF
Time: 1345 ns  Iteration: 0  Process: /tb_register_probe/stimulus  File: <REPOSITORY_ROOT>/tests/fixtures/ip/axi_gpio/tb_register_probe.vhd
Note: GPIO_REGISTER_OBSERVATION disabled_channel_tri=FFFFFFFF pins=00 tri=FF
Time: 2055 ns  Iteration: 0  Process: /tb_register_probe/stimulus  File: <REPOSITORY_ROOT>/tests/fixtures/ip/axi_gpio/tb_register_probe.vhd
Note: GPIO_REGISTER_OBSERVATION output_read_control=000000A5 pins=A5 tri=00
Time: 4185 ns  Iteration: 0  Process: /tb_register_probe/stimulus  File: <REPOSITORY_ROOT>/tests/fixtures/ip/axi_gpio/tb_register_probe.vhd
Note: GPIO_REGISTER_OBSERVATION input_read_control=00000000 pins=3C tri=FF
Time: 6315 ns  Iteration: 0  Process: /tb_register_probe/stimulus  File: <REPOSITORY_ROOT>/tests/fixtures/ip/axi_gpio/tb_register_probe.vhd
Note: GPIO_REGISTER_OBSERVATION after_input_write=0000003C pins=3C tri=00
Time: 7735 ns  Iteration: 0  Process: /tb_register_probe/stimulus  File: <REPOSITORY_ROOT>/tests/fixtures/ip/axi_gpio/tb_register_probe.vhd
Note: GPIO_REGISTER_OBSERVATION disabled_irq_read=000000A5 pins=A5 tri=00
Time: 9155 ns  Iteration: 0  Process: /tb_register_probe/stimulus  File: <REPOSITORY_ROOT>/tests/fixtures/ip/axi_gpio/tb_register_probe.vhd
Note: GPIO_REGISTER_OBSERVATION after_disabled_irq_write=000000A5 pins=A5 tri=00
Time: 10575 ns  Iteration: 0  Process: /tb_register_probe/stimulus  File: <REPOSITORY_ROOT>/tests/fixtures/ip/axi_gpio/tb_register_probe.vhd
Note: GPIO_REGISTER_PROBE: COMPLETE
Time: 11220 ns  Iteration: 0  Process: /tb_register_probe/stimulus  File: <REPOSITORY_ROOT>/tests/fixtures/ip/axi_gpio/tb_register_probe.vhd
$finish called at time : 11220 ns : File "<REPOSITORY_ROOT>/tests/fixtures/ip/axi_gpio/tb_register_probe.vhd" Line 104
## quit
INFO: xsimkernel Simulation Memory Usage: 299600 KB (Peak: 348932 KB), Simulation CPU Usage: 720 ms
INFO: [Common 17-206] Exiting xsim at Tue Sep 22 12:14:46 2026...
# cd $old_dir
# set simulate_text ""
# if {[file exists $simulate_log] && [file size $simulate_log] > 0} {
#     set fh [open $simulate_log r]
#     set simulate_text [read $fh]
#     close $fh
# }
# set combined_text "$sim_msg\n$simulate_text"
# set has_success [expr {[string first $success_marker $combined_text] >= 0}]
# set has_failure 0
# foreach marker $failure_markers {
#     if {$marker ne "" && [string first $marker $combined_text] >= 0} {
#         set has_failure 1
#         break
#     }
# }
# if {$has_success && !$has_failure} {
#     puts "XSim simulation completed successfully."
#     puts $stage_pass
#     exit 0
# }
XSim simulation completed successfully.
XSIM_STAGE_STATUS: PASS
INFO: [Common 17-206] Exiting Vivado at Tue Sep 22 12:14:46 2026...
