INFO: [Common 17-3922] A valid Vivado Design Suite BASIC license has been detected. Your current license is active and will expire on 18-sep-2027.

****** Vivado v2026.1 (64-bit)
  **** SW Build 6511674 on Tue Jun 16 11:01:26 MDT 2026
  **** IP Build 6504888 on Tue Jun 09 09:05:25 MDT 2026
  **** SharedData Build 6501428 on Mon Jun 08 17:34:18 MDT 2026
  **** Start of session at: Tue Sep 22 12:17:27 2026
    ** Copyright 1986-2022 Xilinx, Inc. All Rights Reserved.
    ** Copyright 2022-2026 Advanced Micro Devices, Inc. All Rights Reserved.

source <REPOSITORY_ROOT>/runs/framework/master_enable_probe/2026-09-22_12-17-16_UTC+0800_f6f38e7c/axi_intc/scripts/run_xsim_batch.tcl
# set project_path [lindex $argv 0]
# set testbench_path [lindex $argv 1]
# set top_name [lindex $argv 2]
# set success_marker [lindex $argv 3]
# set failure_markers [lrange $argv 4 end]
# set stage_pass "XSIM_STAGE_STATUS: PA"
# append stage_pass "SS"
# set stage_fail "XSIM_STAGE_STATUS: FA"
# append stage_fail "IL"
# proc fail_stage {message marker} {
#     puts "ERROR: $message"
#     puts $marker
#     exit 1
# }
# if {$project_path eq "" || $testbench_path eq "" ||
#     $top_name eq "" || $success_marker eq ""} {
#     fail_stage "缺少 XSim 仿真参数。" $stage_fail
# }
# if {![file exists $project_path]} {
#     fail_stage "Vivado 工程不存在：$project_path" $stage_fail
# }
# if {![file exists $testbench_path]} {
#     fail_stage "testbench 不存在：$testbench_path" $stage_fail
# }
# if {[info exists env(LIBRARY_PATH)]} {
#     unset env(LIBRARY_PATH)
# }
# open_project $project_path
INFO: [filemgmt 56-3] Default IP Output Path : Could not find the directory '<REPOSITORY_ROOT>/runs/framework/master_enable_probe/2026-09-22_12-17-16_UTC+0800_f6f38e7c/axi_intc/source_project/source_probe.gen/sources_1'.
Scanning sources...
Finished scanning sources
WARNING: [Project 1-5713] Board part '' set for the project  is not found. BoardPart property will be unset. Please select board from latest repo build 
# set_property target_simulator XSim [current_project]
# set simset [get_filesets sim_1]
# if {[llength [get_files -quiet $testbench_path]] == 0} {
#     add_files -fileset $simset -norecurse $testbench_path
# }
# set extension [string tolower [file extension $testbench_path]]
# if {$extension eq ".vhd" || $extension eq ".vhdl"} {
#     set_property file_type {VHDL 2008} [get_files $testbench_path]
# }
# set_property top $top_name $simset
# set_property top_lib xil_defaultlib $simset
# update_compile_order -fileset $simset
# set project_dir [file dirname $project_path]
# set project_name [file rootname [file tail $project_path]]
# set sim_dir "$project_dir/${project_name}.sim/sim_1/behav/xsim"
# if {[file isdirectory $sim_dir]} {
#     file delete -force $sim_dir
# }
Command: launch_simulation  -simset sim_1 -mode behavioral -scripts_only
INFO: [Vivado 12-25912] Generating simulation scripts for 'XSim' simulator
INFO: [Project 1-5737] Running on host dpc-Precision-3660 (64) - Ubuntu 22.04.5 LTS
INFO: [Vivado 12-28535] Process started - Tue Sep 22 12:17:33 2026

INFO: [Vivado 12-12493] Simulation top is 'tb_master_enable_probe'
INFO: [Vivado 12-5680] Creating behavioral simulation scripts in '<REPOSITORY_ROOT>/runs/framework/master_enable_probe/2026-09-22_12-17-16_UTC+0800_f6f38e7c/axi_intc/source_project/source_probe.sim/sim_1/behav/xsim'
INFO: [SIM-utils-51] Simulation object is 'sim_1'
INFO: [SIM-utils-72] Using boost library from '<VIVADO_2026.1>/tps/boost_1_72_0'
INFO: [SIM-utils-54] Inspecting design source files for 'tb_master_enable_probe' in fileset 'sim_1'...
INFO: [USF-XSim-97] Finding global include files...
INFO: [USF-XSim-98] Fetching design files from 'sim_1'...
INFO: [USF-XSim-2] XSim::Compile design
INFO: [USF-XSim-60] Script generated:<REPOSITORY_ROOT>/runs/framework/master_enable_probe/2026-09-22_12-17-16_UTC+0800_f6f38e7c/axi_intc/source_project/source_probe.sim/sim_1/behav/xsim/compile.sh
INFO: [USF-XSim-3] XSim::Elaborate design
INFO: [USF-XSim-60] Script generated:<REPOSITORY_ROOT>/runs/framework/master_enable_probe/2026-09-22_12-17-16_UTC+0800_f6f38e7c/axi_intc/source_project/source_probe.sim/sim_1/behav/xsim/elaborate.sh
INFO: [USF-XSim-4] XSim::Simulate design
INFO: [USF-XSim-60] Script generated:<REPOSITORY_ROOT>/runs/framework/master_enable_probe/2026-09-22_12-17-16_UTC+0800_f6f38e7c/axi_intc/source_project/source_probe.sim/sim_1/behav/xsim/simulate.sh
# set script_status [catch {
#     launch_simulation -simset sim_1 -mode behavioral -scripts_only
# } script_msg]
# if {$script_msg ne ""} {
#     puts $script_msg
# }
# if {$script_status != 0} {
#     fail_stage "launch_simulation -scripts_only 执行失败。" $stage_fail
# }
# if {![file isdirectory $sim_dir]} {
#     fail_stage "未生成 XSim 仿真目录：$sim_dir" $stage_fail
# }
# set old_dir [pwd]
# cd $sim_dir
# set compile_status [catch {exec bash compile.sh 2>@1} compile_msg]
# puts $compile_msg
xvhdl --incr --relax -prj tb_master_enable_probe_vhdl.prj
INFO: [VRFC 10-163] Analyzing VHDL file "<REPOSITORY_ROOT>/runs/framework/master_enable_probe/2026-09-22_12-17-16_UTC+0800_f6f38e7c/axi_intc/proj/ip_probe.gen/sources_1/ip/probe_0/hdl/axi_lite_ipif_v3_1_rfs.vhd" into library axi_lite_ipif_v3_1_0
INFO: [VRFC 10-3107] analyzing entity 'pselect_f'
INFO: [VRFC 10-3107] analyzing entity 'address_decoder'
INFO: [VRFC 10-3107] analyzing entity 'slave_attachment'
INFO: [VRFC 10-3107] analyzing entity 'axi_lite_ipif'
INFO: [VRFC 10-163] Analyzing VHDL file "<REPOSITORY_ROOT>/runs/framework/master_enable_probe/2026-09-22_12-17-16_UTC+0800_f6f38e7c/axi_intc/proj/ip_probe.gen/sources_1/ip/probe_0/hdl/axi_intc_v4_1_rfs.vhd" into library axi_intc_v4_1_23
INFO: [VRFC 10-3107] analyzing entity 'double_synchronizer'
INFO: [VRFC 10-3107] analyzing entity 'shared_ram_ivar'
INFO: [VRFC 10-3107] analyzing entity 'pulse_synchronizer'
INFO: [VRFC 10-3107] analyzing entity 'intc_core'
INFO: [VRFC 10-3107] analyzing entity 'axi_intc'
INFO: [VRFC 10-163] Analyzing VHDL file "<REPOSITORY_ROOT>/runs/framework/master_enable_probe/2026-09-22_12-17-16_UTC+0800_f6f38e7c/axi_intc/proj/ip_probe.gen/sources_1/ip/probe_0/sim/probe_0.vhd" into library xil_defaultlib
INFO: [VRFC 10-3107] analyzing entity 'probe_0'
INFO: [VRFC 10-163] Analyzing VHDL file "<REPOSITORY_ROOT>/runs/framework/master_enable_probe/2026-09-22_12-17-16_UTC+0800_f6f38e7c/axi_intc/tb_master_enable_probe.vhd" into library xil_defaultlib
INFO: [VRFC 10-3107] analyzing entity 'tb_master_enable_probe'
Waiting for jobs to finish...
No pending jobs, compilation finished.
# if {$compile_status != 0} {
#     cd $old_dir
#     fail_stage "XSim 编译失败。" $stage_fail
# }
# set elaborate_status [catch {exec bash elaborate.sh 2>@1} elaborate_msg]
# puts $elaborate_msg
xelab --incr --debug typical --relax --mt 8 -L xil_defaultlib -L axi_lite_ipif_v3_1_0 -L axi_intc_v4_1_23 -L secureip --snapshot tb_master_enable_probe_behav xil_defaultlib.tb_master_enable_probe -log elaborate.log
Vivado Simulator v2026.1
Copyright 1986-2022 Xilinx, Inc. All Rights Reserved.
Copyright 2022-2026 Advanced Micro Devices, Inc. All Rights Reserved.
Running: <VIVADO_2026.1>/Vivado/bin/unwrapped/lnx64.o/xelab --incr --debug typical --relax --mt 8 -L xil_defaultlib -L axi_lite_ipif_v3_1_0 -L axi_intc_v4_1_23 -L secureip --snapshot tb_master_enable_probe_behav xil_defaultlib.tb_master_enable_probe -log elaborate.log 
INFO: [XSIM 43-3493] Using 8 slave threads.
WARNING: [XSIM 43-3431] One or more environment variables have been detected which affect the operation of the C compiler. These are typically not set in standard installations and are not tested by AMD, however they may be appropriate for your system, so the flow will attempt to continue.  If errors occur, try running xelab with the "-mt off -v 1" switches to see more information from the C compiler. The following environment variables have been detected:
    LIBRARY_PATH
Starting static elaboration
Completed static elaboration
Starting simulation data flow analysis
Completed simulation data flow analysis
Time Resolution for simulation is 1ps
Compiling package std.standard
Compiling package std.textio
Compiling package ieee.std_logic_1164
Compiling package ieee.numeric_std
Compiling package std.env
Compiling package ieee.std_logic_arith
Compiling package ieee.std_logic_unsigned
Compiling package axi_lite_ipif_v3_1_0.ipif_pkg
Compiling package ieee.math_real
Compiling package synopsys.attributes
Compiling package ieee.std_logic_misc
Compiling architecture imp of entity axi_intc_v4_1_23.intc_core [\intc_core(c_family="artix7",c_n...]
Compiling architecture imp of entity axi_lite_ipif_v3_1_0.pselect_f [\pselect_f(c_ab=3,c_aw=9,c_bar="...]
Compiling architecture imp of entity axi_lite_ipif_v3_1_0.pselect_f [\pselect_f(c_ab=4,c_aw=4,c_bar="...]
Compiling architecture imp of entity axi_lite_ipif_v3_1_0.pselect_f [\pselect_f(c_ab=4,c_aw=4,c_bar="...]
Compiling architecture imp of entity axi_lite_ipif_v3_1_0.pselect_f [\pselect_f(c_ab=4,c_aw=4,c_bar="...]
Compiling architecture imp of entity axi_lite_ipif_v3_1_0.pselect_f [\pselect_f(c_ab=4,c_aw=4,c_bar="...]
Compiling architecture imp of entity axi_lite_ipif_v3_1_0.pselect_f [\pselect_f(c_ab=4,c_aw=4,c_bar="...]
Compiling architecture imp of entity axi_lite_ipif_v3_1_0.pselect_f [\pselect_f(c_ab=4,c_aw=4,c_bar="...]
Compiling architecture imp of entity axi_lite_ipif_v3_1_0.pselect_f [\pselect_f(c_ab=4,c_aw=4,c_bar="...]
Compiling architecture imp of entity axi_lite_ipif_v3_1_0.pselect_f [\pselect_f(c_ab=4,c_aw=4,c_bar="...]
Compiling architecture imp of entity axi_lite_ipif_v3_1_0.pselect_f [\pselect_f(c_ab=4,c_aw=4,c_bar="...]
Compiling architecture imp of entity axi_lite_ipif_v3_1_0.pselect_f [\pselect_f(c_ab=4,c_aw=4,c_bar="...]
Compiling architecture imp of entity axi_lite_ipif_v3_1_0.pselect_f [\pselect_f(c_ab=4,c_aw=4,c_bar="...]
Compiling architecture imp of entity axi_lite_ipif_v3_1_0.pselect_f [\pselect_f(c_ab=4,c_aw=4,c_bar="...]
Compiling architecture imp of entity axi_lite_ipif_v3_1_0.pselect_f [\pselect_f(c_ab=4,c_aw=4,c_bar="...]
Compiling architecture imp of entity axi_lite_ipif_v3_1_0.pselect_f [\pselect_f(c_ab=4,c_aw=4,c_bar="...]
Compiling architecture imp of entity axi_lite_ipif_v3_1_0.pselect_f [\pselect_f(c_ab=4,c_aw=4,c_bar="...]
Compiling architecture imp of entity axi_lite_ipif_v3_1_0.pselect_f [\pselect_f(c_ab=4,c_aw=4,c_bar="...]
Compiling architecture imp of entity axi_lite_ipif_v3_1_0.pselect_f [\pselect_f(c_ab=2,c_aw=9,c_bar="...]
Compiling architecture imp of entity axi_lite_ipif_v3_1_0.pselect_f [\pselect_f(c_ab=1,c_aw=9,c_bar="...]
Compiling architecture imp of entity axi_lite_ipif_v3_1_0.pselect_f [\pselect_f(c_ab=1,c_aw=1,c_bar="...]
Compiling architecture imp of entity axi_lite_ipif_v3_1_0.pselect_f [\pselect_f(c_ab=1,c_aw=1,c_bar="...]
Compiling architecture imp of entity axi_lite_ipif_v3_1_0.address_decoder [\address_decoder(c_bus_awidth=9,...]
Compiling architecture imp of entity axi_lite_ipif_v3_1_0.slave_attachment [\slave_attachment(c_ard_addr_ran...]
Compiling architecture imp of entity axi_lite_ipif_v3_1_0.axi_lite_ipif [\axi_lite_ipif(c_s_axi_addr_widt...]
Compiling architecture imp of entity axi_intc_v4_1_23.axi_intc [\axi_intc(c_family="artix7",c_in...]
Compiling architecture probe_0_arch of entity xil_defaultlib.probe_0 [probe_0_default]
Compiling architecture sim of entity xil_defaultlib.tb_master_enable_probe
Built simulation snapshot tb_master_enable_probe_behav
# if {$elaborate_status != 0} {
#     cd $old_dir
#     fail_stage "XSim elaboration 失败。" $stage_fail
# }
# set batch_tcl "$sim_dir/run_batch.tcl"
# set simulate_log "$sim_dir/simulate.log"
# set fh [open $batch_tcl w]
# puts $fh "run all"
# puts $fh "quit"
# close $fh
# set snapshot "${top_name}_behav"
# set simulation_key "Behavioral:sim_1:Functional:$top_name"
# set sim_command [list xsim $snapshot \
#     -key $simulation_key \
#     -tclbatch $batch_tcl \
#     -log simulate.log]
# set sim_status [catch {exec {*}$sim_command 2>@1} sim_msg]
# puts $sim_msg

****** xsim v2026.1 (64-bit)
  **** SW Build 6511674 on Tue Jun 16 11:01:26 MDT 2026
  **** IP Build 6504888 on Tue Jun 09 09:05:25 MDT 2026
  **** SharedData Build 6501428 on Mon Jun 08 17:34:18 MDT 2026
  **** Start of session at: Tue Sep 22 12:17:40 2026
    ** Copyright 1986-2022 Xilinx, Inc. All Rights Reserved.
    ** Copyright 2022-2026 Advanced Micro Devices, Inc. All Rights Reserved.

source xsim.dir/tb_master_enable_probe_behav/xsim_script.tcl
# xsim {tb_master_enable_probe_behav} -autoloadwcfg -tclbatch {<REPOSITORY_ROOT>/runs/framework/master_enable_probe/2026-09-22_12-17-16_UTC+0800_f6f38e7c/axi_intc/source_project/source_probe.sim/sim_1/behav/xsim/run_batch.tcl} -key Behavioral:sim_1:Functional:tb_master_enable_probe
Time resolution is 1 ps
source <REPOSITORY_ROOT>/runs/framework/master_enable_probe/2026-09-22_12-17-16_UTC+0800_f6f38e7c/axi_intc/source_project/source_probe.sim/sim_1/behav/xsim/run_batch.tcl
## run all
Note: MASTER_ENABLE_OBSERVATION reset expected=0 actual=00000000 irq='0' expected_irq='0'
Time: 1335 ns  Iteration: 0
Note: MASTER_ENABLE address=8 data=1
Time: 2035 ns  Iteration: 0  Process: /tb_master_enable_probe/stimulus  File: <REPOSITORY_ROOT>/runs/framework/master_enable_probe/2026-09-22_12-17-16_UTC+0800_f6f38e7c/axi_intc/tb_master_enable_probe.vhd
Note: MASTER_ENABLE address=28 data=3
Time: 2735 ns  Iteration: 0  Process: /tb_master_enable_probe/stimulus  File: <REPOSITORY_ROOT>/runs/framework/master_enable_probe/2026-09-22_12-17-16_UTC+0800_f6f38e7c/axi_intc/tb_master_enable_probe.vhd
Note: MASTER_ENABLE_OBSERVATION enabled_empty expected=3 actual=00000003 irq='0' expected_irq='0'
Time: 3435 ns  Iteration: 0
Note: MASTER_ENABLE_OBSERVATION pending_active expected=1 actual=00000001 irq='1' expected_irq='1'
Time: 5415 ns  Iteration: 0
Note: MASTER_ENABLE address=28 data=0
Time: 6115 ns  Iteration: 0  Process: /tb_master_enable_probe/stimulus  File: <REPOSITORY_ROOT>/runs/framework/master_enable_probe/2026-09-22_12-17-16_UTC+0800_f6f38e7c/axi_intc/tb_master_enable_probe.vhd
Note: MASTER_ENABLE_OBSERVATION master_disabled expected=2 actual=00000002 irq='1' expected_irq='0'
Time: 6815 ns  Iteration: 0
Warning: MASTER_ENABLE_DIFFERENCE master_disabled
Time: 6815 ns  Iteration: 0
Note: MASTER_ENABLE_OBSERVATION pending_retained expected=1 actual=00000001 irq='1' expected_irq='0'
Time: 7515 ns  Iteration: 0
Warning: MASTER_ENABLE_DIFFERENCE pending_retained
Time: 7515 ns  Iteration: 0
Note: MASTER_ENABLE address=8 data=0
Time: 8215 ns  Iteration: 0  Process: /tb_master_enable_probe/stimulus  File: <REPOSITORY_ROOT>/runs/framework/master_enable_probe/2026-09-22_12-17-16_UTC+0800_f6f38e7c/axi_intc/tb_master_enable_probe.vhd
Note: MASTER_ENABLE_OBSERVATION ier_mask_control expected=0 actual=00000000 irq='0' expected_irq='0'
Time: 8915 ns  Iteration: 0
Note: MASTER_ENABLE address=8 data=1
Time: 9615 ns  Iteration: 0  Process: /tb_master_enable_probe/stimulus  File: <REPOSITORY_ROOT>/runs/framework/master_enable_probe/2026-09-22_12-17-16_UTC+0800_f6f38e7c/axi_intc/tb_master_enable_probe.vhd
Note: MASTER_ENABLE_OBSERVATION me_disabled_from_idle expected=1 actual=00000001 irq='0' expected_irq='0'
Time: 10315 ns  Iteration: 0
Note: MASTER_ENABLE address=28 data=1
Time: 11015 ns  Iteration: 0  Process: /tb_master_enable_probe/stimulus  File: <REPOSITORY_ROOT>/runs/framework/master_enable_probe/2026-09-22_12-17-16_UTC+0800_f6f38e7c/axi_intc/tb_master_enable_probe.vhd
Note: MASTER_ENABLE_OBSERVATION reenabled expected=3 actual=00000003 irq='1' expected_irq='1'
Time: 11715 ns  Iteration: 0
Note: MASTER_ENABLE address=12 data=1
Time: 12415 ns  Iteration: 0  Process: /tb_master_enable_probe/stimulus  File: <REPOSITORY_ROOT>/runs/framework/master_enable_probe/2026-09-22_12-17-16_UTC+0800_f6f38e7c/axi_intc/tb_master_enable_probe.vhd
Note: MASTER_ENABLE_OBSERVATION ack_control expected=0 actual=00000000 irq='0' expected_irq='0'
Time: 13115 ns  Iteration: 0
Note: MASTER_ENABLE address=28 data=0
Time: 13815 ns  Iteration: 0  Process: /tb_master_enable_probe/stimulus  File: <REPOSITORY_ROOT>/runs/framework/master_enable_probe/2026-09-22_12-17-16_UTC+0800_f6f38e7c/axi_intc/tb_master_enable_probe.vhd
Note: MASTER_ENABLE_OBSERVATION new_event_while_disabled expected=1 actual=00000001 irq='0' expected_irq='0'
Time: 15795 ns  Iteration: 0
Note: MASTER_ENABLE address=28 data=1
Time: 16495 ns  Iteration: 0  Process: /tb_master_enable_probe/stimulus  File: <REPOSITORY_ROOT>/runs/framework/master_enable_probe/2026-09-22_12-17-16_UTC+0800_f6f38e7c/axi_intc/tb_master_enable_probe.vhd
Note: MASTER_ENABLE_OBSERVATION new_event_enabled expected=1 actual=00000001 irq='1' expected_irq='1'
Time: 17195 ns  Iteration: 0
Note: MASTER_ENABLE_OBSERVATION reset_master expected=0 actual=00000000 irq='0' expected_irq='0'
Time: 19175 ns  Iteration: 0
Note: MASTER_ENABLE_OBSERVATION reset_pending expected=0 actual=00000000 irq='0' expected_irq='0'
Time: 19875 ns  Iteration: 0
Note: MASTER_ENABLE_DIFFERENCES count=2
Time: 20520 ns  Iteration: 0  Process: /tb_master_enable_probe/stimulus  File: <REPOSITORY_ROOT>/runs/framework/master_enable_probe/2026-09-22_12-17-16_UTC+0800_f6f38e7c/axi_intc/tb_master_enable_probe.vhd
Failure: MASTER_ENABLE_PROBE: FAIL ME clear does not mask active IRQ
Time: 20520 ns  Iteration: 0  Process: /tb_master_enable_probe/stimulus  File: <REPOSITORY_ROOT>/runs/framework/master_enable_probe/2026-09-22_12-17-16_UTC+0800_f6f38e7c/axi_intc/tb_master_enable_probe.vhd
$finish called at time : 20520 ns : File "<REPOSITORY_ROOT>/runs/framework/master_enable_probe/2026-09-22_12-17-16_UTC+0800_f6f38e7c/axi_intc/tb_master_enable_probe.vhd" Line 119
## quit
INFO: xsimkernel Simulation Memory Usage: 299584 KB (Peak: 348916 KB), Simulation CPU Usage: 730 ms
INFO: [Common 17-206] Exiting xsim at Tue Sep 22 12:17:42 2026...
# cd $old_dir
# set simulate_text ""
# if {[file exists $simulate_log] && [file size $simulate_log] > 0} {
#     set fh [open $simulate_log r]
#     set simulate_text [read $fh]
#     close $fh
# }
# set combined_text "$sim_msg\n$simulate_text"
# set has_success [expr {[string first $success_marker $combined_text] >= 0}]
# set has_failure 0
# foreach marker $failure_markers {
#     if {$marker ne "" && [string first $marker $combined_text] >= 0} {
#         set has_failure 1
#         break
#     }
# }
# if {$has_success && !$has_failure} {
#     puts "XSim simulation completed successfully."
#     puts $stage_pass
#     exit 0
# }
# puts "ERROR: XSim 仿真未报告干净的成功结果。"
ERROR: XSim 仿真未报告干净的成功结果。
# puts "XSim catch status: $sim_status"
XSim catch status: 0
# puts $stage_fail
XSIM_STAGE_STATUS: FAIL
# exit 1
INFO: [Common 17-206] Exiting Vivado at Tue Sep 22 12:17:42 2026...
